<html>
<body>
<pre>
<h1>µVision Build Log</h1>
<h2>Tool Versions:</h2>
IDE-Version: µVision V5.13.0.0
Copyright (C) 2014 ARM Ltd and ARM Germany GmbH. All rights reserved.
License Information: Nghiem Hiep, NHH, LIC=X1E74-FR8PX-HRRXN-YZMMF-31TVB-FAPE7
 
Tool Versions:
Toolchain:       MDK-ARM Professional  Version: 5.13.0.0
Toolchain Path:  C:\Keil_v5\ARM\ARMCC\Bin
C Compiler:      Armcc.exe V5.05 update 1 (build 106)
Assembler:       Armasm.exe V5.05 update 1 (build 106)
Linker/Locator:  ArmLink.exe V5.05 update 1 (build 106)
Library Manager: ArmAr.exe V5.05 update 1 (build 106)
Hex Converter:   FromElf.exe V5.05 update 1 (build 106)
CPU DLL:         SARMCM3.DLL V5.13.0.0
Dialog DLL:      DCM.DLL V1.13.1.0
Target DLL:      lmidk-agdi.dll V???
Dialog DLL:      TCM.DLL V1.14.4.0
 
<h2>Project:</h2>
G:\NHH_Works\OneDrive\MyProjects\KeilC_TM4C\KB_Robot\KB.uvprojx
Project File Date:  08/05/2015

<h2>Output:</h2>
Build target 'RaiseYourARM2015'
compiling PositionControl.c...
Source\ImageProcess\PositionControl.c(31): warning:  #177-D: function "position_Control_Runtimeout" was declared but never referenced
  static void position_Control_Runtimeout(TIMER_CALLBACK_FUNC TimeoutCallback, uint32_t msTime)
Source\ImageProcess\PositionControl.c: 1 warning, 0 errors
linking...
Program Size: Code=30180 RO-data=2176 RW-data=1644 ZI-data=21828  
FromELF: creating hex file...
After Build - User command #1: fromelf --bin --output .\RYA2015.bin .\Objects\KB.axf
".\Objects\KB.axf" - 0 Error(s), 1 Warning(s).

<h2>Collection of Component include folders:</h2>
  G:\NHH_Works\OneDrive\MyProjects\KeilC_TM4C\KB_Robot\RTE
  C:\Keil_v5\ARM\PACK\Keil\TM4C_DFP\1.0.0\Device\Include\TM4C123

<h2>Collection of Component Files used:</h2>
</pre>
</body>
</html>
