Component: ARM Compiler 5.05 update 1 (build 106) Tool: armlink [4d0efa]

==============================================================================

Section Cross References

    startup_rvmdk.o(STACK) refers (Special) to heapauxi.o(.text) for __use_two_region_memory
    startup_rvmdk.o(HEAP) refers (Special) to heapauxi.o(.text) for __use_two_region_memory
    startup_rvmdk.o(RESET) refers (Special) to heapauxi.o(.text) for __use_two_region_memory
    startup_rvmdk.o(RESET) refers to startup_rvmdk.o(STACK) for StackMem
    startup_rvmdk.o(RESET) refers to __main.o(!!!main) for __main
    startup_rvmdk.o(.text) refers (Special) to heapauxi.o(.text) for __use_two_region_memory
    startup_rvmdk.o(.text) refers to startup_rvmdk.o(HEAP) for HeapMem
    startup_rvmdk.o(.text) refers to startup_rvmdk.o(STACK) for StackMem
    battery.o(i.BattSenseISR) refers to adc.o(i.ADCIntClear) for ADCIntClear
    battery.o(i.BattSenseISR) refers to battery.o(i.battery_Runtimeout) for battery_Runtimeout
    battery.o(i.BattSenseISR) refers to adc.o(i.ADCSequenceDataGet) for ADCSequenceDataGet
    battery.o(i.BattSenseISR) refers to buzzer.o(i.buzzer_low_battery_shutdown) for buzzer_low_battery_shutdown
    battery.o(i.BattSenseISR) refers to buzzer.o(i.buzzer_low_batterry_notify) for buzzer_low_batterry_notify
    battery.o(i.BattSenseISR) refers to battery.o(i.BattSenseTimerTimeout) for BattSenseTimerTimeout
    battery.o(i.BattSenseISR) refers to battery.o(.data) for BatteryVoltage
    battery.o(i.BattSenseTimerTimeout) refers to adc.o(i.ADCProcessorTrigger) for ADCProcessorTrigger
    battery.o(i.BattSenseTimerTimeout) refers to battery.o(.data) for battery_TimerID
    battery.o(i.BattSense_init) refers to sysctl.o(i.SysCtlPeripheralEnable) for SysCtlPeripheralEnable
    battery.o(i.BattSense_init) refers to gpio.o(i.GPIOPinTypeADC) for GPIOPinTypeADC
    battery.o(i.BattSense_init) refers to adc.o(i.ADCHardwareOversampleConfigure) for ADCHardwareOversampleConfigure
    battery.o(i.BattSense_init) refers to adc.o(i.ADCSequenceConfigure) for ADCSequenceConfigure
    battery.o(i.BattSense_init) refers to adc.o(i.ADCSequenceStepConfigure) for ADCSequenceStepConfigure
    battery.o(i.BattSense_init) refers to adc.o(i.ADCSequenceEnable) for ADCSequenceEnable
    battery.o(i.BattSense_init) refers to adc.o(i.ADCIntRegister) for ADCIntRegister
    battery.o(i.BattSense_init) refers to adc.o(i.ADCIntEnable) for ADCIntEnable
    battery.o(i.BattSense_init) refers to battery.o(i.battery_Runtimeout) for battery_Runtimeout
    battery.o(i.BattSense_init) refers to battery.o(i.BattSenseISR) for BattSenseISR
    battery.o(i.BattSense_init) refers to battery.o(i.BattSenseTimerTimeout) for BattSenseTimerTimeout
    battery.o(i.battery_Runtimeout) refers to battery.o(i.battery_Stoptimeout) for battery_Stoptimeout
    battery.o(i.battery_Runtimeout) refers to timer.o(i.TIMER_RegisterEvent) for TIMER_RegisterEvent
    battery.o(i.battery_Runtimeout) refers to battery.o(.data) for battery_TimerID
    battery.o(i.battery_Stoptimeout) refers to timer.o(i.TIMER_UnregisterEvent) for TIMER_UnregisterEvent
    battery.o(i.battery_Stoptimeout) refers to battery.o(.data) for battery_TimerID
    bluetooth.o(i.Bluetooth_RxHandler) refers to uart.o(i.UARTIntStatus) for UARTIntStatus
    bluetooth.o(i.Bluetooth_RxHandler) refers to uart.o(i.UARTIntClear) for UARTIntClear
    bluetooth.o(i.Bluetooth_RxHandler) refers to uart.o(i.UARTCharGet) for UARTCharGet
    bluetooth.o(i.Bluetooth_RxHandler) refers to uart.o(i.UARTCharsAvail) for UARTCharsAvail
    bluetooth.o(i.Bluetooth_RxHandler) refers to bluetooth.o(.data) for rxHead
    bluetooth.o(i.Bluetooth_RxHandler) refers to bluetooth.o(.bss) for rxBuffer
    bluetooth.o(i.ReadRxBuffer) refers to bluetooth.o(.data) for rxTail
    bluetooth.o(i.ReadRxBuffer) refers to bluetooth.o(.bss) for rxBuffer
    bluetooth.o(i.bluetooth_init) refers to systemconfig.o(i.u32_UsrSystemClockGet) for u32_UsrSystemClockGet
    bluetooth.o(i.bluetooth_init) refers to sysctl.o(i.SysCtlPeripheralEnable) for SysCtlPeripheralEnable
    bluetooth.o(i.bluetooth_init) refers to gpio.o(i.GPIOPinConfigure) for GPIOPinConfigure
    bluetooth.o(i.bluetooth_init) refers to gpio.o(i.GPIOPinTypeUART) for GPIOPinTypeUART
    bluetooth.o(i.bluetooth_init) refers to uart.o(i.UARTConfigSetExpClk) for UARTConfigSetExpClk
    bluetooth.o(i.bluetooth_init) refers to uart.o(i.UARTIntRegister) for UARTIntRegister
    bluetooth.o(i.bluetooth_init) refers to interrupt.o(i.IntEnable) for IntEnable
    bluetooth.o(i.bluetooth_init) refers to uart.o(i.UARTIntEnable) for UARTIntEnable
    bluetooth.o(i.bluetooth_init) refers to bluetooth.o(i.Bluetooth_RxHandler) for Bluetooth_RxHandler
    bluetooth.o(i.bluetooth_print) refers to rt_memclr_w.o(.text) for __aeabi_memclr4
    bluetooth.o(i.bluetooth_print) refers to c89sprintf.o(.text) for __c89sprintf
    bluetooth.o(i.bluetooth_print) refers to strlen.o(.text) for strlen
[...]
    .ARM.Collect$$rtentry$$00000004          0x00000348   Section        6  __rtentry4.o(.ARM.Collect$$rtentry$$00000004)
    .ARM.Collect$$rtentry$$00000009          0x0000034e   Section        0  __rtentry2.o(.ARM.Collect$$rtentry$$00000009)
    .ARM.Collect$$rtentry$$0000000A          0x0000034e   Section        4  __rtentry2.o(.ARM.Collect$$rtentry$$0000000A)
    .ARM.Collect$$rtentry$$0000000C          0x00000352   Section        0  __rtentry2.o(.ARM.Collect$$rtentry$$0000000C)
    .ARM.Collect$$rtentry$$0000000D          0x00000352   Section        8  __rtentry2.o(.ARM.Collect$$rtentry$$0000000D)
    .ARM.Collect$$rtexit$$00000000           0x0000035a   Section        2  rtexit.o(.ARM.Collect$$rtexit$$00000000)
    .ARM.Collect$$rtexit$$00000002           0x0000035c   Section        0  rtexit2.o(.ARM.Collect$$rtexit$$00000002)
    .ARM.Collect$$rtexit$$00000003           0x0000035c   Section        4  rtexit2.o(.ARM.Collect$$rtexit$$00000003)
    .ARM.Collect$$rtexit$$00000004           0x00000360   Section        6  rtexit2.o(.ARM.Collect$$rtexit$$00000004)
    .emb_text                                0x00000368   Section        6  sysctl.o(.emb_text)
    $v0                                      0x00000368   Number         0  sysctl.o(.emb_text)
    .text                                    0x00000370   Section       28  startup_rvmdk.o(.text)
    $v0                                      0x00000370   Number         0  startup_rvmdk.o(.text)
    .text                                    0x0000038c   Section      100  rt_memcpy_w.o(.text)
    .text                                    0x000003f0   Section       78  rt_memclr_w.o(.text)
    .text                                    0x0000043e   Section        0  heapauxi.o(.text)
    .text                                    0x00000444   Section       74  sys_stackheap_outer.o(.text)
    .text                                    0x0000048e   Section        0  exit.o(.text)
    .text                                    0x0000049c   Section        8  libspace.o(.text)
    .text                                    0x000004a4   Section        0  sys_exit.o(.text)
    .text                                    0x000004b0   Section        2  use_no_semi.o(.text)
    .text                                    0x000004b2   Section        0  indicate_semi.o(.text)
    i.ADCHardwareOversampleConfigure         0x000004b2   Section        0  adc.o(i.ADCHardwareOversampleConfigure)
    i.ADCIntClear                            0x000004c4   Section        0  adc.o(i.ADCIntClear)
    i.ADCIntEnable                           0x000004ce   Section        0  adc.o(i.ADCIntEnable)
    i.ADCIntRegister                         0x000004e0   Section        0  adc.o(i.ADCIntRegister)
    i.ADCProcessorTrigger                    0x0000053c   Section        0  adc.o(i.ADCProcessorTrigger)
    i.ADCSequenceConfigure                   0x00000556   Section        0  adc.o(i.ADCSequenceConfigure)
    i.ADCSequenceDataGet                     0x000005a4   Section        0  adc.o(i.ADCSequenceDataGet)
    i.ADCSequenceEnable                      0x000005c8   Section        0  adc.o(i.ADCSequenceEnable)
    i.ADCSequenceStepConfigure               0x000005d6   Section        0  adc.o(i.ADCSequenceStepConfigure)
    i.BattSenseISR                           0x00000670   Section        0  battery.o(i.BattSenseISR)
    i.BattSenseTimerTimeout                  0x00000714   Section        0  battery.o(i.BattSenseTimerTimeout)
    i.BattSense_init                         0x00000730   Section        0  battery.o(i.BattSense_init)
    i.Bluetooth_RxHandler                    0x000007a4   Section        0  bluetooth.o(i.Bluetooth_RxHandler)
    Bluetooth_RxHandler                      0x000007a5   Thumb Code   112  bluetooth.o(i.Bluetooth_RxHandler)
    i.ButtonDebounceCallback                 0x00000824   Section        0  button.o(i.ButtonDebounceCallback)
    ButtonDebounceCallback                   0x00000825   Thumb Code    80  button.o(i.ButtonDebounceCallback)
    i.ButtonHandler                          0x00000888   Section        0  main.o(i.ButtonHandler)
    i.ButtonRegisterCallback                 0x00000940   Section        0  button.o(i.ButtonRegisterCallback)
    i.ButtonRightHandler                     0x00000968   Section        0  main.o(i.ButtonRightHandler)
    i.Button_init                            0x00000a94   Section        0  button.o(i.Button_init)
    i.ButtonsISR                             0x00000b18   Section        0  button.o(i.ButtonsISR)
    ButtonsISR                               0x00000b19   Thumb Code    68  button.o(i.ButtonsISR)
    i.Buzzer_lowbat_notify_handler           0x00000b6c   Section        0  buzzer.o(i.Buzzer_lowbat_notify_handler)
    Buzzer_lowbat_notify_handler             0x00000b6d   Thumb Code   112  buzzer.o(i.Buzzer_lowbat_notify_handler)
    i.Buzzer_lowbat_shutdown_handler         0x00000bf0   Section        0  buzzer.o(i.Buzzer_lowbat_shutdown_handler)
    Buzzer_lowbat_shutdown_handler           0x00000bf1   Thumb Code   112  buzzer.o(i.Buzzer_lowbat_shutdown_handler)
    i.Config_PWM                             0x00000c74   Section        0  speed_control.o(i.Config_PWM)
    Config_PWM                               0x00000c75   Thumb Code   182  speed_control.o(i.Config_PWM)
    i.Config_System                          0x00000d4c   Section        0  systemconfig.o(i.Config_System)
    i.Control_initialize                     0x00000da4   Section        0  control_initialize.o(i.Control_initialize)
    i.EEPROMInit                             0x00000db0   Section        0  eeprom.o(i.EEPROMInit)
    i.EEPROMProgram                          0x00000df4   Section        0  eeprom.o(i.EEPROMProgram)
    i.EEPROMRead                             0x00000f58   Section        0  eeprom.o(i.EEPROMRead)
    i.EEPROMReadWords                        0x00000f8c   Section        0  eeprom.o(i.EEPROMReadWords)
    i.EEPROMWrite                            0x00000fbe   Section        0  eeprom.o(i.EEPROMWrite)
    i.EEPROM_Init                            0x00000ff0   Section        0  eeprom.o(i.EEPROM_Init)
    i.FPUEnable                              0x00001004   Section        0  fpu.o(i.FPUEnable)
    i.FPULazyStackingEnable                  0x00001014   Section        0  fpu.o(i.FPULazyStackingEnable)
    i.GPIODirModeSet                         0x00001024   Section        0  gpio.o(i.GPIODirModeSet)
    i.GPIOIntClear                           0x0000104c   Section        0  gpio.o(i.GPIOIntClear)
    i.GPIOIntEnable                          0x00001052   Section        0  gpio.o(i.GPIOIntEnable)
    i.GPIOIntRegister                        0x00001060   Section        0  gpio.o(i.GPIOIntRegister)
    i.GPIOIntStatus                          0x000010b8   Section        0  gpio.o(i.GPIOIntStatus)
    i.GPIOIntTypeSet                         0x000010c6   Section        0  gpio.o(i.GPIOIntTypeSet)
    i.GPIOPadConfigSet                       0x00001116   Section        0  gpio.o(i.GPIOPadConfigSet)
    i.GPIOPinConfigure                       0x00001250   Section        0  gpio.o(i.GPIOPinConfigure)
    i.GPIOPinRead                            0x00001294   Section        0  gpio.o(i.GPIOPinRead)
    i.GPIOPinTypeADC                         0x0000129a   Section        0  gpio.o(i.GPIOPinTypeADC)
    i.GPIOPinTypeGPIOInput                   0x000012b6   Section        0  gpio.o(i.GPIOPinTypeGPIOInput)
    i.GPIOPinTypeGPIOOutput                  0x000012d2   Section        0  gpio.o(i.GPIOPinTypeGPIOOutput)
    i.GPIOPinTypeQEI                         0x000012ee   Section        0  gpio.o(i.GPIOPinTypeQEI)
    i.GPIOPinTypeTimer                       0x0000130a   Section        0  gpio.o(i.GPIOPinTypeTimer)
    i.GPIOPinTypeUART                        0x00001326   Section        0  gpio.o(i.GPIOPinTypeUART)
    i.GPIOPinWrite                           0x00001342   Section        0  gpio.o(i.GPIOPinWrite)
    i.IRDetector_init                        0x00001348   Section        0  ir.o(i.IRDetector_init)
    i.IR_Detector_ISR                        0x000013f0   Section        0  ir.o(i.IR_Detector_ISR)
    IR_Detector_ISR                          0x000013f1   Thumb Code   220  ir.o(i.IR_Detector_ISR)
    i.IR_GetIrDetectorValue                  0x000014e0   Section        0  ir.o(i.IR_GetIrDetectorValue)
    i.IR_Timer_Timeout                       0x000014f8   Section        0  ir.o(i.IR_Timer_Timeout)
    IR_Timer_Timeout                         0x000014f9   Thumb Code   116  ir.o(i.IR_Timer_Timeout)
    i.IR_set_calib_value                     0x00001578   Section        0  ir.o(i.IR_set_calib_value)
    i.IntEnable                              0x00001600   Section        0  interrupt.o(i.IntEnable)
    i.IntRegister                            0x00001664   Section        0  interrupt.o(i.IntRegister)
    i.LED_Display_init                       0x00001698   Section        0  systemconfig.o(i.LED_Display_init)
    i.Pid_process_callback                   0x000016f8   Section        0  wallfollow.o(i.Pid_process_callback)
    Pid_process_callback                     0x000016f9   Thumb Code    14  wallfollow.o(i.Pid_process_callback)
    i.ProcessSpeedControl                    0x00001710   Section        0  speed_control.o(i.ProcessSpeedControl)
    i.QEI0_VelocityIsr                       0x00001834   Section        0  qei.o(i.QEI0_VelocityIsr)
    QEI0_VelocityIsr                         0x00001835   Thumb Code    48  qei.o(i.QEI0_VelocityIsr)
    i.QEI1_VelocityIsr                       0x00001870   Section        0  qei.o(i.QEI1_VelocityIsr)
    QEI1_VelocityIsr                         0x00001871   Thumb Code    48  qei.o(i.QEI1_VelocityIsr)
    i.QEIConfigure                           0x000018ac   Section        0  qei.o(i.QEIConfigure)
    i.QEIDirectionGet                        0x000018ba   Section        0  qei.o(i.QEIDirectionGet)
    i.QEIEnable                              0x000018ca   Section        0  qei.o(i.QEIEnable)
    i.QEIIntClear                            0x000018d4   Section        0  qei.o(i.QEIIntClear)
    i.QEIIntEnable                           0x000018d8   Section        0  qei.o(i.QEIIntEnable)
    i.QEIIntRegister                         0x000018e0   Section        0  qei.o(i.QEIIntRegister)
    i.QEIIntStatus                           0x00001938   Section        0  qei.o(i.QEIIntStatus)
    i.QEIVelocityConfigure                   0x00001942   Section        0  qei.o(i.QEIVelocityConfigure)
    i.QEIVelocityEnable                      0x00001952   Section        0  qei.o(i.QEIVelocityEnable)
    i.QEIVelocityGet                         0x0000195c   Section        0  qei.o(i.QEIVelocityGet)
    i.STR_Indirect                           0x00001960   Section        0  str_indirect.o(i.STR_Indirect)
    i.SetPWM                                 0x00001dc0   Section        0  speed_control.o(i.SetPWM)
    SetPWM                                   0x00001dc1   Thumb Code    78  speed_control.o(i.SetPWM)
    i.SysCtlClockSet                         0x00001e10   Section        0  sysctl.o(i.SysCtlClockSet)
    i.SysCtlPeripheralEnable                 0x00001f30   Section        0  sysctl.o(i.SysCtlPeripheralEnable)
    i.SysCtlPeripheralReset                  0x00001f58   Section        0  sysctl.o(i.SysCtlPeripheralReset)
    i.SysTickEnable                          0x00001f94   Section        0  systick.o(i.SysTickEnable)
    i.SysTickIntEnable                       0x00001fa2   Section        0  systick.o(i.SysTickIntEnable)
    i.SysTickIntHandle                       0x00001fb0   Section        0  systemconfig.o(i.SysTickIntHandle)
    SysTickIntHandle                         0x00001fb1   Thumb Code    12  systemconfig.o(i.SysTickIntHandle)
    i.SysTickIntRegister                     0x00001fc0   Section        0  systick.o(i.SysTickIntRegister)
    i.SysTickPeriodSet                       0x00001fd8   Section        0  systick.o(i.SysTickPeriodSet)
    i.TIMER_ISR                              0x00001fe4   Section        0  timer.o(i.TIMER_ISR)
    i.TIMER_RegisterEvent                    0x0000204c   Section        0  timer.o(i.TIMER_RegisterEvent)
    i.TIMER_UnregisterEvent                  0x00002090   Section        0  timer.o(i.TIMER_UnregisterEvent)
    i.TimerConfigure                         0x000020b0   Section        0  timer.o(i.TimerConfigure)
    i.TimerControlLevel                      0x00002110   Section        0  timer.o(i.TimerControlLevel)
    i.TimerControlStall                      0x00002126   Section        0  timer.o(i.TimerControlStall)
    i.TimerEnable                            0x0000213c   Section        0  timer.o(i.TimerEnable)
    i.TimerIntClear                          0x0000214a   Section        0  timer.o(i.TimerIntClear)
    i.TimerIntEnable                         0x0000214e   Section        0  timer.o(i.TimerIntEnable)
    i.TimerIntRegister                       0x00002158   Section        0  timer.o(i.TimerIntRegister)
    i.TimerLoadSet                           0x000021c0   Section        0  timer.o(i.TimerLoadSet)
    i.TimerMatchSet                          0x000021d2   Section        0  timer.o(i.TimerMatchSet)
    i.Timer_Init                             0x000021e4   Section        0  timer.o(i.Timer_Init)
    i.UARTCharGet                            0x0000224c   Section        0  uart.o(i.UARTCharGet)
    i.UARTCharsAvail                         0x00002258   Section        0  uart.o(i.UARTCharsAvail)
    i.UARTConfigSetExpClk                    0x00002262   Section        0  uart.o(i.UARTConfigSetExpClk)
    i.UARTIntClear                           0x000022d0   Section        0  uart.o(i.UARTIntClear)
    i.UARTIntEnable                          0x000022d4   Section        0  uart.o(i.UARTIntEnable)
    i.UARTIntRegister                        0x000022dc   Section        0  uart.o(i.UARTIntRegister)
    i.UARTIntStatus                          0x00002334   Section        0  uart.o(i.UARTIntStatus)
    i.Uocluong                               0x00002340   Section        0  uocluong.o(i.Uocluong)
    i.Uocluong2                              0x000028d8   Section        0  uocluong.o(i.Uocluong2)
    i.battery_Runtimeout                     0x00002e70   Section        0  battery.o(i.battery_Runtimeout)
    battery_Runtimeout                       0x00002e71   Thumb Code    24  battery.o(i.battery_Runtimeout)
    i.battery_Stoptimeout                    0x00002e8c   Section        0  battery.o(i.battery_Stoptimeout)
    battery_Stoptimeout                      0x00002e8d   Thumb Code    26  battery.o(i.battery_Stoptimeout)
    i.bluetooth_init                         0x00002eac   Section        0  bluetooth.o(i.bluetooth_init)
    i.button_Runtimeout                      0x00002f10   Section        0  button.o(i.button_Runtimeout)
    button_Runtimeout                        0x00002f11   Thumb Code    24  button.o(i.button_Runtimeout)
    i.button_Stoptimeout                     0x00002f2c   Section        0  button.o(i.button_Stoptimeout)
    button_Stoptimeout                       0x00002f2d   Thumb Code    26  button.o(i.button_Stoptimeout)
    i.buzzer_Runtimeout                      0x00002f4c   Section        0  buzzer.o(i.buzzer_Runtimeout)
    buzzer_Runtimeout                        0x00002f4d   Thumb Code    28  buzzer.o(i.buzzer_Runtimeout)
    i.buzzer_Stoptimeout                     0x00002f6c   Section        0  buzzer.o(i.buzzer_Stoptimeout)
    buzzer_Stoptimeout                       0x00002f6d   Thumb Code    26  buzzer.o(i.buzzer_Stoptimeout)
    i.buzzer_init                            0x00002f8c   Section        0  buzzer.o(i.buzzer_init)
    i.buzzer_low_batterry_notify             0x00002ff4   Section        0  buzzer.o(i.buzzer_low_batterry_notify)
    i.buzzer_low_battery_shutdown            0x0000301c   Section        0  buzzer.o(i.buzzer_low_battery_shutdown)
    i.buzzer_setsound                        0x00003044   Section        0  buzzer.o(i.buzzer_setsound)
    i.ir_LoadfromParams                      0x00003090   Section        0  ir.o(i.ir_LoadfromParams)
    ir_LoadfromParams                        0x00003091   Thumb Code    26  ir.o(i.ir_LoadfromParams)
    i.ir_Runtimeout                          0x000030b0   Section        0  ir.o(i.ir_Runtimeout)
    ir_Runtimeout                            0x000030b1   Thumb Code    28  ir.o(i.ir_Runtimeout)
    i.ir_SavetoParams                        0x000030d0   Section        0  ir.o(i.ir_SavetoParams)
    ir_SavetoParams                          0x000030d1   Thumb Code    26  ir.o(i.ir_SavetoParams)
    i.ir_Stoptimeout                         0x000030f0   Section        0  ir.o(i.ir_Stoptimeout)
    ir_Stoptimeout                           0x000030f1   Thumb Code    26  ir.o(i.ir_Stoptimeout)
    i.main                                   0x00003110   Section        0  main.o(i.main)
    i.param_Get                              0x000031d8   Section        0  parameters.o(i.param_Get)
    i.param_Set                              0x00003218   Section        0  parameters.o(i.param_Set)
    i.param_init                             0x00003258   Section        0  parameters.o(i.param_init)
    i.param_software_init                    0x00003264   Section        0  parameters.o(i.param_software_init)
    param_software_init                      0x00003265   Thumb Code     2  parameters.o(i.param_software_init)
    i.pid_Runtimeout                         0x00003268   Section        0  wallfollow.o(i.pid_Runtimeout)
    pid_Runtimeout                           0x00003269   Thumb Code    28  wallfollow.o(i.pid_Runtimeout)
    i.pid_StopTimeout                        0x00003288   Section        0  wallfollow.o(i.pid_StopTimeout)
    pid_StopTimeout                          0x00003289   Thumb Code    26  wallfollow.o(i.pid_StopTimeout)
    i.pid_Wallfollow_init                    0x000032a8   Section        0  wallfollow.o(i.pid_Wallfollow_init)
    i.pid_init                               0x000032f4   Section        0  pid.o(i.pid_init)
    i.pid_set_parameters                     0x00003304   Section        0  pid.o(i.pid_set_parameters)
    i.qei_getVelocity                        0x0000331c   Section        0  qei.o(i.qei_getVelocity)
    i.qei_init                               0x0000335c   Section        0  qei.o(i.qei_init)
    i.rtGetInf                               0x00003498   Section        0  rtgetinf.o(i.rtGetInf)
    i.rtGetInfF                              0x00003530   Section        0  rtgetinf.o(i.rtGetInfF)
    i.rtGetMinusInf                          0x00003540   Section        0  rtgetinf.o(i.rtGetMinusInf)
    i.rtGetMinusInfF                         0x000035d8   Section        0  rtgetinf.o(i.rtGetMinusInfF)
    i.rtGetNaN                               0x000035e8   Section        0  rtgetnan.o(i.rtGetNaN)
    i.rtGetNaNF                              0x00003684   Section        0  rtgetnan.o(i.rtGetNaNF)
    i.rt_InitInfAndNaN                       0x000036c0   Section        0  rt_nonfinite.o(i.rt_InitInfAndNaN)
    i.speed_Enable_Hbridge                   0x0000371c   Section        0  speed_control.o(i.speed_Enable_Hbridge)
    i.speed_control_init                     0x00003754   Section        0  speed_control.o(i.speed_control_init)
    i.speed_control_runtimeout               0x00003784   Section        0  speed_control.o(i.speed_control_runtimeout)
    speed_control_runtimeout                 0x00003785   Thumb Code    22  speed_control.o(i.speed_control_runtimeout)
    i.speed_control_stoptimeout              0x000037a4   Section        0  speed_control.o(i.speed_control_stoptimeout)
    speed_control_stoptimeout                0x000037a5   Thumb Code    26  speed_control.o(i.speed_control_stoptimeout)
    i.speed_set                              0x000037c4   Section        0  speed_control.o(i.speed_set)
    i.speed_update_setpoint                  0x000037e8   Section        0  speed_control.o(i.speed_update_setpoint)
    speed_update_setpoint                    0x000037e9   Thumb Code   106  speed_control.o(i.speed_update_setpoint)
    i.system_GetState                        0x00003860   Section        0  systemconfig.o(i.system_GetState)
    i.system_Process_System_State            0x0000386c   Section        0  systemconfig.o(i.system_Process_System_State)
    i.system_SetState                        0x00003874   Section        0  systemconfig.o(i.system_SetState)
    i.system_SystickConfig                   0x00003880   Section        0  systemconfig.o(i.system_SystickConfig)
    system_SystickConfig                     0x00003881   Thumb Code    40  systemconfig.o(i.system_SystickConfig)
    i.u32_UsrSystemClockGet                  0x000038ac   Section        0  systemconfig.o(i.u32_UsrSystemClockGet)
    x$fpl$basic                              0x000038b8   Section       24  basic.o(x$fpl$basic)
    $v0                                      0x000038b8   Number         0  basic.o(x$fpl$basic)
    x$fpl$dadd                               0x000038d0   Section      336  daddsub_clz.o(x$fpl$dadd)
    $v0                                      0x000038d0   Number         0  daddsub_clz.o(x$fpl$dadd)
    _dadd1                                   0x000038e1   Thumb Code     0  daddsub_clz.o(x$fpl$dadd)
    x$fpl$dcmpinf                            0x00003a20   Section       24  dcmpi.o(x$fpl$dcmpinf)
    $v0                                      0x00003a20   Number         0  dcmpi.o(x$fpl$dcmpinf)
    x$fpl$ddiv                               0x00003a38   Section      688  ddiv.o(x$fpl$ddiv)
    $v0                                      0x00003a38   Number         0  ddiv.o(x$fpl$ddiv)
    ddiv_entry                               0x00003a3f   Thumb Code     0  ddiv.o(x$fpl$ddiv)
    x$fpl$deqf                               0x00003ce8   Section      120  deqf.o(x$fpl$deqf)
    $v0                                      0x00003ce8   Number         0  deqf.o(x$fpl$deqf)
    x$fpl$dfix                               0x00003d60   Section       94  dfix.o(x$fpl$dfix)
    $v0                                      0x00003d60   Number         0  dfix.o(x$fpl$dfix)
    x$fpl$dflt                               0x00003dbe   Section       46  dflt_clz.o(x$fpl$dflt)
    $v0                                      0x00003dbe   Number         0  dflt_clz.o(x$fpl$dflt)
    x$fpl$dleqf                              0x00003dec   Section      120  dleqf.o(x$fpl$dleqf)
    $v0                                      0x00003dec   Number         0  dleqf.o(x$fpl$dleqf)
    x$fpl$dmul                               0x00003e64   Section      340  dmul.o(x$fpl$dmul)
    $v0                                      0x00003e64   Number         0  dmul.o(x$fpl$dmul)
    x$fpl$dnaninf                            0x00003fb8   Section      156  dnaninf.o(x$fpl$dnaninf)
    $v0                                      0x00003fb8   Number         0  dnaninf.o(x$fpl$dnaninf)
    x$fpl$dretinf                            0x00004054   Section       12  dretinf.o(x$fpl$dretinf)
    $v0                                      0x00004054   Number         0  dretinf.o(x$fpl$dretinf)
    x$fpl$drleqf                             0x00004060   Section      108  drleqf.o(x$fpl$drleqf)
    $v0                                      0x00004060   Number         0  drleqf.o(x$fpl$drleqf)
    x$fpl$drsb                               0x000040cc   Section       22  daddsub_clz.o(x$fpl$drsb)
    $v0                                      0x000040cc   Number         0  daddsub_clz.o(x$fpl$drsb)
    x$fpl$dsub                               0x000040e4   Section      468  daddsub_clz.o(x$fpl$dsub)
    $v0                                      0x000040e4   Number         0  daddsub_clz.o(x$fpl$dsub)
    _dsub1                                   0x000040f5   Thumb Code     0  daddsub_clz.o(x$fpl$dsub)
    x$fpl$f2d                                0x000042b8   Section       86  f2d.o(x$fpl$f2d)
    $v0                                      0x000042b8   Number         0  f2d.o(x$fpl$f2d)
    x$fpl$fnaninf                            0x0000430e   Section      140  fnaninf.o(x$fpl$fnaninf)
    $v0                                      0x0000430e   Number         0  fnaninf.o(x$fpl$fnaninf)
    x$fpl$fpinit                             0x0000439a   Section       10  fpinit.o(x$fpl$fpinit)
    $v0                                      0x0000439a   Number         0  fpinit.o(x$fpl$fpinit)
    .constdata                               0x000043a4   Section       32  buzzer.o(.constdata)
    x$fpl$usenofp                            0x000043a4   Section        0  usenofp.o(x$fpl$usenofp)
    Lowbat_notify_profile                    0x000043a4   Data          16  buzzer.o(.constdata)
    Lowbat_shutdown_profile                  0x000043b4   Data          16  buzzer.o(.constdata)
    .constdata                               0x000043c4   Section       22  parameters.o(.constdata)
    ui16_param_length                        0x000043c4   Data          22  parameters.o(.constdata)
    .constdata                               0x000043dc   Section      528  gpio.o(.constdata)
    g_ppui32GPIOIntMapBlizzard               0x000043dc   Data         192  gpio.o(.constdata)
    g_ppui32GPIOIntMapSnowflake              0x0000449c   Data         192  gpio.o(.constdata)
    g_pui32GPIOBaseAddrs                     0x0000455c   Data         144  gpio.o(.constdata)
    .constdata                               0x000045ec   Section      268  interrupt.o(.constdata)
    g_pui32Priority                          0x000045ec   Data          32  interrupt.o(.constdata)
    g_pui32Regs                              0x0000460c   Data         156  interrupt.o(.constdata)
    g_pui32EnRegs                            0x000046a8   Data          20  interrupt.o(.constdata)
    g_pui32Dii16Regs                         0x000046bc   Data          20  interrupt.o(.constdata)
    g_pui32PendRegs                          0x000046d0   Data          20  interrupt.o(.constdata)
    g_pui32UnpendRegs                        0x000046e4   Data          20  interrupt.o(.constdata)
    .constdata                               0x000046f8   Section      160  timer.o(.constdata)
    g_ppui32TimerIntMap                      0x000046f8   Data          96  timer.o(.constdata)
    g_ppui32TimerIntMapSnowflake             0x00004758   Data          64  timer.o(.constdata)
    .constdata                               0x00004798   Section      128  uart.o(.constdata)
    g_ppui32UARTIntMap                       0x00004798   Data          64  uart.o(.constdata)
    g_ppui32UARTIntMapSnowflake              0x000047d8   Data          64  uart.o(.constdata)
    .data                                    0x20000000   Section        8  battery.o(.data)
    battery_TimerID                          0x20000000   Data           1  battery.o(.data)
    .data                                    0x20000008   Section        4  bluetooth.o(.data)
    rxHead                                   0x20000008   Data           2  bluetooth.o(.data)
    rxTail                                   0x2000000a   Data           2  bluetooth.o(.data)
    .data                                    0x2000000c   Section        2  ir.o(.data)
    ADC_Step                                 0x2000000c   Data           1  ir.o(.data)
    ir_TimerID                               0x2000000d   Data           1  ir.o(.data)
    .data                                    0x20000010   Section       16  button.o(.data)
    Button_right_callback                    0x20000010   Data           4  button.o(.data)
    Button_left_callback                     0x20000014   Data           4  button.o(.data)
    Button_pressed                           0x20000018   Data           1  button.o(.data)
    button_TimerID                           0x20000019   Data           1  button.o(.data)
    ui32_button_debounce_time                0x2000001c   Data           4  button.o(.data)
    .data                                    0x20000020   Section        5  buzzer.o(.data)
    buzzer_TimerID                           0x20000020   Data           1  buzzer.o(.data)
    step                                     0x20000021   Data           1  buzzer.o(.data)
    repeat                                   0x20000022   Data           1  buzzer.o(.data)
    step                                     0x20000023   Data           1  buzzer.o(.data)
    repeat                                   0x20000024   Data           1  buzzer.o(.data)
    .data                                    0x20000028   Section       12  qei.o(.data)
    qei_velocity_timeout                     0x20000028   Data           2  qei.o(.data)
    qei_velocity                             0x2000002c   Data           8  qei.o(.data)
    .data                                    0x20000038   Section       36  rt_nonfinite.o(.data)
    .data                                    0x20000060   Section      153  speed_control.o(.data)
    Theta                                    0x20000060   Data          32  speed_control.o(.data)
    Theta_                                   0x20000080   Data          32  speed_control.o(.data)
    Theta2                                   0x200000a0   Data          32  speed_control.o(.data)
    Theta2_                                  0x200000c0   Data          32  speed_control.o(.data)
    SetPoint                                 0x200000e0   Data           8  speed_control.o(.data)
    RealSpeedSet                             0x200000e8   Data           8  speed_control.o(.data)
    udk                                      0x200000f0   Data           8  speed_control.o(.data)
    speed_control_timID                      0x200000f8   Data           1  speed_control.o(.data)
    .data                                    0x20000100   Section        8  str_indirect.o(.data)
    u                                        0x20000100   Data           8  str_indirect.o(.data)
    .data                                    0x20000108   Section      256  uocluong.o(.data)
    P_                                       0x20000108   Data         128  uocluong.o(.data)
    P_                                       0x20000188   Data         128  uocluong.o(.data)
    .data                                    0x20000208   Section       20  wallfollow.o(.data)
    e_wall_follow_select                     0x20000208   Data           1  wallfollow.o(.data)
    ControlFlag                              0x20000209   Data           1  wallfollow.o(.data)
    ui32_msLoop                              0x2000020c   Data           4  wallfollow.o(.data)
    pid_TimerID                              0x20000210   Data           1  wallfollow.o(.data)
    error                                    0x20000214   Data           4  wallfollow.o(.data)
    u                                        0x20000218   Data           4  wallfollow.o(.data)
    .data                                    0x2000021c   Section        1  main.o(.data)
    IR_Calib_Step                            0x2000021c   Data           1  main.o(.data)
    .data                                    0x20000220   Section       12  systemconfig.o(.data)
    e_SystemState                            0x20000220   Data           1  systemconfig.o(.data)
    e_SystemState_                           0x20000221   Data           1  systemconfig.o(.data)
    ms_Tickcount                             0x20000224   Data           4  systemconfig.o(.data)
    Sysclock                                 0x20000228   Data           4  systemconfig.o(.data)
    vtable                                   0x20000400   Section      620  interrupt.o(vtable)
    g_pfnRAMVectors                          0x20000400   Data         620  interrupt.o(vtable)
    .bss                                     0x2000066c   Section     1500  bluetooth.o(.bss)
    rxBuffer                                 0x2000066c   Data        1500  bluetooth.o(.bss)
    .bss                                     0x20000c48   Section       48  ir.o(.bss)
    ir_calib_values                          0x20000c48   Data          32  ir.o(.bss)
    IR_Result                                0x20000c68   Data          16  ir.o(.bss)
    .bss                                     0x20000c78   Section       48  str_indirect.o(.bss)
    u_                                       0x20000c78   Data          16  str_indirect.o(.bss)
    uc_                                      0x20000c88   Data          16  str_indirect.o(.bss)
    y_                                       0x20000c98   Data          16  str_indirect.o(.bss)
    .bss                                     0x20000ca8   Section       64  uocluong.o(.bss)
    u                                        0x20000ca8   Data          16  uocluong.o(.bss)
    y_                                       0x20000cb8   Data          16  uocluong.o(.bss)
    u                                        0x20000cc8   Data          16  uocluong.o(.bss)
    y_                                       0x20000cd8   Data          16  uocluong.o(.bss)
    .bss                                     0x20000ce8   Section       40  pid.o(.bss)
    pid_parameter                            0x20000ce8   Data          40  pid.o(.bss)
    .bss                                     0x20000d10   Section       80  timer.o(.bss)
    .bss                                     0x20000d60   Section       96  libspace.o(.bss)
    HEAP                                     0x20000dc0   Section      512  startup_rvmdk.o(HEAP)
    HeapMem                                  0x20000dc0   Data           0  startup_rvmdk.o(HEAP)
    STACK                                    0x20000fc0   Section     1024  startup_rvmdk.o(STACK)
    StackMem                                 0x20000fc0   Data           0  startup_rvmdk.o(STACK)

    Global Symbols

    Symbol Name                              Value     Ov Type        Size  Object(Section)

    BuildAttributes$$THM_ISAv4$E$P$D$K$B$S$7EM$VFPi3$EXTD16$VFPS$VFMA$PE$A:L22UL41UL21$X:L11$S22US41US21$IEEE1$IW$USESV6$~STKCKD$USESV7$~SHL$OTIME$ROPI$IEEEJ$EBA8$UX$STANDARDLIB$REQ8$PRES8$EABIv2 0x00000000   Number         0  anon$$obj.o ABSOLUTE
    __ARM_use_no_argv                        0x00000000   Number         0  main.o ABSOLUTE
    __Vectors                                0x00000000   Data           0  startup_rvmdk.o(RESET)
    _printf_flags                            0x00000000   Number         0  printf_stubs.o ABSOLUTE
    _printf_return_value                     0x00000000   Number         0  printf_stubs.o ABSOLUTE
    _printf_sizespec                         0x00000000   Number         0  printf_stubs.o ABSOLUTE
    _printf_widthprec                        0x00000000   Number         0  printf_stubs.o ABSOLUTE
    __ARM_exceptions_init                     - Undefined Weak Reference
    __alloca_initialize                       - Undefined Weak Reference
    __arm_preinit_                            - Undefined Weak Reference
    __cpp_initialize__aeabi_                  - Undefined Weak Reference
    __cxa_finalize                            - Undefined Weak Reference
    __sigvec_lookup                           - Undefined Weak Reference
    _atexit_init                              - Undefined Weak Reference
    _call_atexit_fns                          - Undefined Weak Reference
    _clock_init                               - Undefined Weak Reference
    _fp_trap_init                             - Undefined Weak Reference
    _fp_trap_shutdown                         - Undefined Weak Reference
    _get_lc_collate                           - Undefined Weak Reference
    _get_lc_monetary                          - Undefined Weak Reference
    _get_lc_time                              - Undefined Weak Reference
    _getenv_init                              - Undefined Weak Reference
    _handle_redirection                       - Undefined Weak Reference
    _init_alloc                               - Undefined Weak Reference
    _init_user_alloc                          - Undefined Weak Reference
    _initio                                   - Undefined Weak Reference
    _printf_fp_hex                            - Undefined Weak Reference
    _printf_mbtowc                            - Undefined Weak Reference
    _printf_wc                                - Undefined Weak Reference
    _rand_init                                - Undefined Weak Reference
    _signal_finish                            - Undefined Weak Reference
    _signal_init                              - Undefined Weak Reference
    _terminate_alloc                          - Undefined Weak Reference
    _terminate_user_alloc                     - Undefined Weak Reference
    _terminateio                              - Undefined Weak Reference
    Reset_Handler                            0x0000026d   Thumb Code     0  startup_rvmdk.o(RESET)
    __main                                   0x00000289   Thumb Code     8  __main.o(!!!main)
    __scatterload                            0x00000291   Thumb Code     0  __scatter.o(!!!scatter)
    __scatterload_rt2                        0x00000291   Thumb Code    44  __scatter.o(!!!scatter)
    __scatterload_rt2_thumb_only             0x00000291   Thumb Code     0  __scatter.o(!!!scatter)
    __scatterload_null                       0x0000029f   Thumb Code     0  __scatter.o(!!!scatter)
    __decompress                             0x000002c5   Thumb Code    90  __dczerorl2.o(!!dczerorl2)
    __decompress1                            0x000002c5   Thumb Code     0  __dczerorl2.o(!!dczerorl2)
    __scatterload_zeroinit                   0x00000321   Thumb Code    28  __scatter_zi.o(!!handler_zi)
    __rt_lib_init                            0x0000033d   Thumb Code     0  libinit.o(.ARM.Collect$$libinit$$00000000)
    __rt_lib_init_fp_1                       0x0000033f   Thumb Code     0  libinit2.o(.ARM.Collect$$libinit$$00000001)
    __rt_lib_init_alloca_1                   0x00000343   Thumb Code     0  libinit2.o(.ARM.Collect$$libinit$$0000002E)
    __rt_lib_init_argv_1                     0x00000343   Thumb Code     0  libinit2.o(.ARM.Collect$$libinit$$0000002C)
    __rt_lib_init_atexit_1                   0x00000343   Thumb Code     0  libinit2.o(.ARM.Collect$$libinit$$0000001B)
    __rt_lib_init_clock_1                    0x00000343   Thumb Code     0  libinit2.o(.ARM.Collect$$libinit$$00000021)
    __rt_lib_init_cpp_1                      0x00000343   Thumb Code     0  libinit2.o(.ARM.Collect$$libinit$$00000032)
    __rt_lib_init_exceptions_1               0x00000343   Thumb Code     0  libinit2.o(.ARM.Collect$$libinit$$00000030)
    __rt_lib_init_fp_trap_1                  0x00000343   Thumb Code     0  libinit2.o(.ARM.Collect$$libinit$$0000001F)
    __rt_lib_init_getenv_1                   0x00000343   Thumb Code     0  libinit2.o(.ARM.Collect$$libinit$$00000023)
    __rt_lib_init_heap_1                     0x00000343   Thumb Code     0  libinit2.o(.ARM.Collect$$libinit$$0000000A)
    __rt_lib_init_lc_collate_1               0x00000343   Thumb Code     0  libinit2.o(.ARM.Collect$$libinit$$00000011)
    __rt_lib_init_lc_ctype_1                 0x00000343   Thumb Code     0  libinit2.o(.ARM.Collect$$libinit$$00000013)
    __rt_lib_init_lc_monetary_1              0x00000343   Thumb Code     0  libinit2.o(.ARM.Collect$$libinit$$00000015)
    __rt_lib_init_lc_numeric_1               0x00000343   Thumb Code     0  libinit2.o(.ARM.Collect$$libinit$$00000017)
    __rt_lib_init_lc_time_1                  0x00000343   Thumb Code     0  libinit2.o(.ARM.Collect$$libinit$$00000019)
    __rt_lib_init_preinit_1                  0x00000343   Thumb Code     0  libinit2.o(.ARM.Collect$$libinit$$00000004)
    __rt_lib_init_rand_1                     0x00000343   Thumb Code     0  libinit2.o(.ARM.Collect$$libinit$$0000000E)
    __rt_lib_init_return                     0x00000343   Thumb Code     0  libinit2.o(.ARM.Collect$$libinit$$00000033)
    __rt_lib_init_signal_1                   0x00000343   Thumb Code     0  libinit2.o(.ARM.Collect$$libinit$$0000001D)
    __rt_lib_init_stdio_1                    0x00000343   Thumb Code     0  libinit2.o(.ARM.Collect$$libinit$$00000025)
    __rt_lib_init_user_alloc_1               0x00000343   Thumb Code     0  libinit2.o(.ARM.Collect$$libinit$$0000000C)
    __rt_lib_shutdown                        0x00000345   Thumb Code     0  libshutdown.o(.ARM.Collect$$libshutdown$$00000000)
    __rt_lib_shutdown_fp_trap_1              0x00000347   Thumb Code     0  libshutdown2.o(.ARM.Collect$$libshutdown$$00000006)
    __rt_lib_shutdown_heap_1                 0x00000347   Thumb Code     0  libshutdown2.o(.ARM.Collect$$libshutdown$$0000000E)
    __rt_lib_shutdown_return                 0x00000347   Thumb Code     0  libshutdown2.o(.ARM.Collect$$libshutdown$$0000000F)
    __rt_lib_shutdown_signal_1               0x00000347   Thumb Code     0  libshutdown2.o(.ARM.Collect$$libshutdown$$00000009)
    __rt_lib_shutdown_stdio_1                0x00000347   Thumb Code     0  libshutdown2.o(.ARM.Collect$$libshutdown$$00000003)
    __rt_lib_shutdown_user_alloc_1           0x00000347   Thumb Code     0  libshutdown2.o(.ARM.Collect$$libshutdown$$0000000B)
    __rt_entry                               0x00000349   Thumb Code     0  __rtentry.o(.ARM.Collect$$rtentry$$00000000)
    __rt_entry_presh_1                       0x00000349   Thumb Code     0  __rtentry2.o(.ARM.Collect$$rtentry$$00000002)
    __rt_entry_sh                            0x00000349   Thumb Code     0  __rtentry4.o(.ARM.Collect$$rtentry$$00000004)
    __rt_entry_li                            0x0000034f   Thumb Code     0  __rtentry2.o(.ARM.Collect$$rtentry$$0000000A)
    __rt_entry_postsh_1                      0x0000034f   Thumb Code     0  __rtentry2.o(.ARM.Collect$$rtentry$$00000009)
    __rt_entry_main                          0x00000353   Thumb Code     0  __rtentry2.o(.ARM.Collect$$rtentry$$0000000D)
    __rt_entry_postli_1                      0x00000353   Thumb Code     0  __rtentry2.o(.ARM.Collect$$rtentry$$0000000C)
    __rt_exit                                0x0000035b   Thumb Code     0  rtexit.o(.ARM.Collect$$rtexit$$00000000)
    __rt_exit_ls                             0x0000035d   Thumb Code     0  rtexit2.o(.ARM.Collect$$rtexit$$00000003)
    __rt_exit_prels_1                        0x0000035d   Thumb Code     0  rtexit2.o(.ARM.Collect$$rtexit$$00000002)
    __rt_exit_exit                           0x00000361   Thumb Code     0  rtexit2.o(.ARM.Collect$$rtexit$$00000004)
    SysCtlDelay                              0x00000369   Thumb Code     6  sysctl.o(.emb_text)
    __user_initial_stackheap                 0x00000371   Thumb Code     0  startup_rvmdk.o(.text)
    __aeabi_memcpy4                          0x0000038d   Thumb Code     0  rt_memcpy_w.o(.text)
    __aeabi_memcpy8                          0x0000038d   Thumb Code     0  rt_memcpy_w.o(.text)
    __rt_memcpy_w                            0x0000038d   Thumb Code   100  rt_memcpy_w.o(.text)
    _memcpy_lastbytes_aligned                0x000003d5   Thumb Code     0  rt_memcpy_w.o(.text)
    __aeabi_memclr4                          0x000003f1   Thumb Code     0  rt_memclr_w.o(.text)
    __aeabi_memclr8                          0x000003f1   Thumb Code     0  rt_memclr_w.o(.text)
    __rt_memclr_w                            0x000003f1   Thumb Code    78  rt_memclr_w.o(.text)
    _memset_w                                0x000003f5   Thumb Code     0  rt_memclr_w.o(.text)
    __use_two_region_memory                  0x0000043f   Thumb Code     2  heapauxi.o(.text)
    __rt_heap_escrow$2region                 0x00000441   Thumb Code     2  heapauxi.o(.text)
    __rt_heap_expand$2region                 0x00000443   Thumb Code     2  heapauxi.o(.text)
    __user_setup_stackheap                   0x00000445   Thumb Code    74  sys_stackheap_outer.o(.text)
    exit                                     0x0000048f   Thumb Code    12  exit.o(.text)
    __user_libspace                          0x0000049d   Thumb Code     8  libspace.o(.text)
    __user_perproc_libspace                  0x0000049d   Thumb Code     0  libspace.o(.text)
    __user_perthread_libspace                0x0000049d   Thumb Code     0  libspace.o(.text)
    _sys_exit                                0x000004a5   Thumb Code     8  sys_exit.o(.text)
    __I$use$semihosting                      0x000004b1   Thumb Code     0  use_no_semi.o(.text)
    __use_no_semihosting_swi                 0x000004b1   Thumb Code     2  use_no_semi.o(.text)
    ADCHardwareOversampleConfigure           0x000004b3   Thumb Code    18  adc.o(i.ADCHardwareOversampleConfigure)
    __semihosting_library_function           0x000004b3   Thumb Code     0  indicate_semi.o(.text)
    ADCIntClear                              0x000004c5   Thumb Code    10  adc.o(i.ADCIntClear)
    ADCIntEnable                             0x000004cf   Thumb Code    16  adc.o(i.ADCIntEnable)
    ADCIntRegister                           0x000004e1   Thumb Code    84  adc.o(i.ADCIntRegister)
    ADCProcessorTrigger                      0x0000053d   Thumb Code    26  adc.o(i.ADCProcessorTrigger)
    ADCSequenceConfigure                     0x00000557   Thumb Code    78  adc.o(i.ADCSequenceConfigure)
    ADCSequenceDataGet                       0x000005a5   Thumb Code    36  adc.o(i.ADCSequenceDataGet)
    ADCSequenceEnable                        0x000005c9   Thumb Code    14  adc.o(i.ADCSequenceEnable)
    ADCSequenceStepConfigure                 0x000005d7   Thumb Code   154  adc.o(i.ADCSequenceStepConfigure)
    BattSenseISR                             0x00000671   Thumb Code   126  battery.o(i.BattSenseISR)
    BattSenseTimerTimeout                    0x00000715   Thumb Code    18  battery.o(i.BattSenseTimerTimeout)
    BattSense_init                           0x00000731   Thumb Code    92  battery.o(i.BattSense_init)
    ButtonHandler                            0x00000889   Thumb Code   176  main.o(i.ButtonHandler)
    ButtonRegisterCallback                   0x00000941   Thumb Code    30  button.o(i.ButtonRegisterCallback)
    ButtonRightHandler                       0x00000969   Thumb Code   292  main.o(i.ButtonRightHandler)
    Button_init                              0x00000a95   Thumb Code   102  button.o(i.Button_init)
    Config_System                            0x00000d4d   Thumb Code    72  systemconfig.o(i.Config_System)
    Control_initialize                       0x00000da5   Thumb Code    10  control_initialize.o(i.Control_initialize)
    EEPROMInit                               0x00000db1   Thumb Code    60  eeprom.o(i.EEPROMInit)
    EEPROMProgram                            0x00000df5   Thumb Code   334  eeprom.o(i.EEPROMProgram)
    EEPROMRead                               0x00000f59   Thumb Code    48  eeprom.o(i.EEPROMRead)
    EEPROMReadWords                          0x00000f8d   Thumb Code    50  eeprom.o(i.EEPROMReadWords)
    EEPROMWrite                              0x00000fbf   Thumb Code    50  eeprom.o(i.EEPROMWrite)
    EEPROM_Init                              0x00000ff1   Thumb Code    14  eeprom.o(i.EEPROM_Init)
    FPUEnable                                0x00001005   Thumb Code    12  fpu.o(i.FPUEnable)
    FPULazyStackingEnable                    0x00001015   Thumb Code    12  fpu.o(i.FPULazyStackingEnable)
    GPIODirModeSet                           0x00001025   Thumb Code    40  gpio.o(i.GPIODirModeSet)
    GPIOIntClear                             0x0000104d   Thumb Code     6  gpio.o(i.GPIOIntClear)
    GPIOIntEnable                            0x00001053   Thumb Code    12  gpio.o(i.GPIOIntEnable)
    GPIOIntRegister                          0x00001061   Thumb Code    70  gpio.o(i.GPIOIntRegister)
    GPIOIntStatus                            0x000010b9   Thumb Code    14  gpio.o(i.GPIOIntStatus)
    GPIOIntTypeSet                           0x000010c7   Thumb Code    80  gpio.o(i.GPIOIntTypeSet)
    GPIOPadConfigSet                         0x00001117   Thumb Code   312  gpio.o(i.GPIOPadConfigSet)
    GPIOPinConfigure                         0x00001251   Thumb Code    60  gpio.o(i.GPIOPinConfigure)
    GPIOPinRead                              0x00001295   Thumb Code     6  gpio.o(i.GPIOPinRead)
    GPIOPinTypeADC                           0x0000129b   Thumb Code    28  gpio.o(i.GPIOPinTypeADC)
    GPIOPinTypeGPIOInput                     0x000012b7   Thumb Code    28  gpio.o(i.GPIOPinTypeGPIOInput)
    GPIOPinTypeGPIOOutput                    0x000012d3   Thumb Code    28  gpio.o(i.GPIOPinTypeGPIOOutput)
    GPIOPinTypeQEI                           0x000012ef   Thumb Code    28  gpio.o(i.GPIOPinTypeQEI)
    GPIOPinTypeTimer                         0x0000130b   Thumb Code    28  gpio.o(i.GPIOPinTypeTimer)
    GPIOPinTypeUART                          0x00001327   Thumb Code    28  gpio.o(i.GPIOPinTypeUART)
    GPIOPinWrite                             0x00001343   Thumb Code     6  gpio.o(i.GPIOPinWrite)
    IRDetector_init                          0x00001349   Thumb Code   136  ir.o(i.IRDetector_init)
    IR_GetIrDetectorValue                    0x000014e1   Thumb Code    20  ir.o(i.IR_GetIrDetectorValue)
    IR_set_calib_value                       0x00001579   Thumb Code   132  ir.o(i.IR_set_calib_value)
    IntEnable                                0x00001601   Thumb Code    92  interrupt.o(i.IntEnable)
    IntRegister                              0x00001665   Thumb Code    44  interrupt.o(i.IntRegister)
    LED_Display_init                         0x00001699   Thumb Code    86  systemconfig.o(i.LED_Display_init)
    ProcessSpeedControl                      0x00001711   Thumb Code   260  speed_control.o(i.ProcessSpeedControl)
    QEIConfigure                             0x000018ad   Thumb Code    14  qei.o(i.QEIConfigure)
    QEIDirectionGet                          0x000018bb   Thumb Code    16  qei.o(i.QEIDirectionGet)
    QEIEnable                                0x000018cb   Thumb Code    10  qei.o(i.QEIEnable)
    QEIIntClear                              0x000018d5   Thumb Code     4  qei.o(i.QEIIntClear)
    QEIIntEnable                             0x000018d9   Thumb Code     8  qei.o(i.QEIIntEnable)
    QEIIntRegister                           0x000018e1   Thumb Code    76  qei.o(i.QEIIntRegister)
    QEIIntStatus                             0x00001939   Thumb Code    10  qei.o(i.QEIIntStatus)
    QEIVelocityConfigure                     0x00001943   Thumb Code    16  qei.o(i.QEIVelocityConfigure)
    QEIVelocityEnable                        0x00001953   Thumb Code    10  qei.o(i.QEIVelocityEnable)
    QEIVelocityGet                           0x0000195d   Thumb Code     4  qei.o(i.QEIVelocityGet)
    STR_Indirect                             0x00001961   Thumb Code  1120  str_indirect.o(i.STR_Indirect)
    SysCtlClockSet                           0x00001e11   Thumb Code   270  sysctl.o(i.SysCtlClockSet)
    SysCtlPeripheralEnable                   0x00001f31   Thumb Code    36  sysctl.o(i.SysCtlPeripheralEnable)
    SysCtlPeripheralReset                    0x00001f59   Thumb Code    56  sysctl.o(i.SysCtlPeripheralReset)
    SysTickEnable                            0x00001f95   Thumb Code    14  systick.o(i.SysTickEnable)
    SysTickIntEnable                         0x00001fa3   Thumb Code    14  systick.o(i.SysTickIntEnable)
    SysTickIntRegister                       0x00001fc1   Thumb Code    24  systick.o(i.SysTickIntRegister)
    SysTickPeriodSet                         0x00001fd9   Thumb Code    10  systick.o(i.SysTickPeriodSet)
    TIMER_ISR                                0x00001fe5   Thumb Code    94  timer.o(i.TIMER_ISR)
    TIMER_RegisterEvent                      0x0000204d   Thumb Code    62  timer.o(i.TIMER_RegisterEvent)
    TIMER_UnregisterEvent                    0x00002091   Thumb Code    28  timer.o(i.TIMER_UnregisterEvent)
    TimerConfigure                           0x000020b1   Thumb Code    88  timer.o(i.TimerConfigure)
    TimerControlLevel                        0x00002111   Thumb Code    22  timer.o(i.TimerControlLevel)
    TimerControlStall                        0x00002127   Thumb Code    22  timer.o(i.TimerControlStall)
    TimerEnable                              0x0000213d   Thumb Code    14  timer.o(i.TimerEnable)
    TimerIntClear                            0x0000214b   Thumb Code     4  timer.o(i.TimerIntClear)
    TimerIntEnable                           0x0000214f   Thumb Code     8  timer.o(i.TimerIntEnable)
    TimerIntRegister                         0x00002159   Thumb Code    88  timer.o(i.TimerIntRegister)
    TimerLoadSet                             0x000021c1   Thumb Code    18  timer.o(i.TimerLoadSet)
    TimerMatchSet                            0x000021d3   Thumb Code    18  timer.o(i.TimerMatchSet)
    Timer_Init                               0x000021e5   Thumb Code    90  timer.o(i.Timer_Init)
    UARTCharGet                              0x0000224d   Thumb Code    12  uart.o(i.UARTCharGet)
    UARTCharsAvail                           0x00002259   Thumb Code    10  uart.o(i.UARTCharsAvail)
    UARTConfigSetExpClk                      0x00002263   Thumb Code   110  uart.o(i.UARTConfigSetExpClk)
    UARTIntClear                             0x000022d1   Thumb Code     4  uart.o(i.UARTIntClear)
    UARTIntEnable                            0x000022d5   Thumb Code     8  uart.o(i.UARTIntEnable)
    UARTIntRegister                          0x000022dd   Thumb Code    70  uart.o(i.UARTIntRegister)
    UARTIntStatus                            0x00002335   Thumb Code    10  uart.o(i.UARTIntStatus)
    Uocluong                                 0x00002341   Thumb Code  1422  uocluong.o(i.Uocluong)
    Uocluong2                                0x000028d9   Thumb Code  1422  uocluong.o(i.Uocluong2)
    bluetooth_init                           0x00002ead   Thumb Code    82  bluetooth.o(i.bluetooth_init)
    buzzer_init                              0x00002f8d   Thumb Code    78  buzzer.o(i.buzzer_init)
    buzzer_low_batterry_notify               0x00002ff5   Thumb Code    32  buzzer.o(i.buzzer_low_batterry_notify)
    buzzer_low_battery_shutdown              0x0000301d   Thumb Code    32  buzzer.o(i.buzzer_low_battery_shutdown)
    buzzer_setsound                          0x00003045   Thumb Code    70  buzzer.o(i.buzzer_setsound)
    main                                     0x00003111   Thumb Code   176  main.o(i.main)
    param_Get                                0x000031d9   Thumb Code    58  parameters.o(i.param_Get)
    param_Set                                0x00003219   Thumb Code    58  parameters.o(i.param_Set)
    param_init                               0x00003259   Thumb Code    12  parameters.o(i.param_init)
    pid_Wallfollow_init                      0x000032a9   Thumb Code    64  wallfollow.o(i.pid_Wallfollow_init)
    pid_init                                 0x000032f5   Thumb Code    12  pid.o(i.pid_init)
    pid_set_parameters                       0x00003305   Thumb Code    20  pid.o(i.pid_set_parameters)
    qei_getVelocity                          0x0000331d   Thumb Code    56  qei.o(i.qei_getVelocity)
    qei_init                                 0x0000335d   Thumb Code   256  qei.o(i.qei_init)
    rtGetInf                                 0x00003499   Thumb Code   138  rtgetinf.o(i.rtGetInf)
    rtGetInfF                                0x00003531   Thumb Code    14  rtgetinf.o(i.rtGetInfF)
    rtGetMinusInf                            0x00003541   Thumb Code   138  rtgetinf.o(i.rtGetMinusInf)
    rtGetMinusInfF                           0x000035d9   Thumb Code    12  rtgetinf.o(i.rtGetMinusInfF)
    rtGetNaN                                 0x000035e9   Thumb Code   142  rtgetnan.o(i.rtGetNaN)
    rtGetNaNF                                0x00003685   Thumb Code    56  rtgetnan.o(i.rtGetNaNF)
    rt_InitInfAndNaN                         0x000036c1   Thumb Code    66  rt_nonfinite.o(i.rt_InitInfAndNaN)
    speed_Enable_Hbridge                     0x0000371d   Thumb Code    50  speed_control.o(i.speed_Enable_Hbridge)
    speed_control_init                       0x00003755   Thumb Code    40  speed_control.o(i.speed_control_init)
    speed_set                                0x000037c5   Thumb Code    30  speed_control.o(i.speed_set)
    system_GetState                          0x00003861   Thumb Code     6  systemconfig.o(i.system_GetState)
    system_Process_System_State              0x0000386d   Thumb Code     8  systemconfig.o(i.system_Process_System_State)
    system_SetState                          0x00003875   Thumb Code     6  systemconfig.o(i.system_SetState)
    u32_UsrSystemClockGet                    0x000038ad   Thumb Code     6  systemconfig.o(i.u32_UsrSystemClockGet)
    __aeabi_dneg                             0x000038b9   Thumb Code     0  basic.o(x$fpl$basic)
    _dneg                                    0x000038b9   Thumb Code     6  basic.o(x$fpl$basic)
    __aeabi_fneg                             0x000038bf   Thumb Code     0  basic.o(x$fpl$basic)
    _fneg                                    0x000038bf   Thumb Code     6  basic.o(x$fpl$basic)
    _dabs                                    0x000038c5   Thumb Code     6  basic.o(x$fpl$basic)
    _fabs                                    0x000038cb   Thumb Code     6  basic.o(x$fpl$basic)
    __aeabi_dadd                             0x000038d1   Thumb Code     0  daddsub_clz.o(x$fpl$dadd)
    _dadd                                    0x000038d1   Thumb Code   332  daddsub_clz.o(x$fpl$dadd)
    __fpl_dcmp_Inf                           0x00003a21   Thumb Code    24  dcmpi.o(x$fpl$dcmpinf)
    __aeabi_ddiv                             0x00003a39   Thumb Code     0  ddiv.o(x$fpl$ddiv)
    _ddiv                                    0x00003a39   Thumb Code   552  ddiv.o(x$fpl$ddiv)
    __aeabi_cdcmpeq                          0x00003ce9   Thumb Code     0  deqf.o(x$fpl$deqf)
    _dcmpeq                                  0x00003ce9   Thumb Code   120  deqf.o(x$fpl$deqf)
    __aeabi_d2iz                             0x00003d61   Thumb Code     0  dfix.o(x$fpl$dfix)
    _dfix                                    0x00003d61   Thumb Code    94  dfix.o(x$fpl$dfix)
    __aeabi_i2d                              0x00003dbf   Thumb Code     0  dflt_clz.o(x$fpl$dflt)
    _dflt                                    0x00003dbf   Thumb Code    46  dflt_clz.o(x$fpl$dflt)
    __aeabi_cdcmple                          0x00003ded   Thumb Code     0  dleqf.o(x$fpl$dleqf)
    _dcmple                                  0x00003ded   Thumb Code   120  dleqf.o(x$fpl$dleqf)
    __fpl_dcmple_InfNaN                      0x00003e4f   Thumb Code     0  dleqf.o(x$fpl$dleqf)
    __aeabi_dmul                             0x00003e65   Thumb Code     0  dmul.o(x$fpl$dmul)
    _dmul                                    0x00003e65   Thumb Code   332  dmul.o(x$fpl$dmul)
    __fpl_dnaninf                            0x00003fb9   Thumb Code   156  dnaninf.o(x$fpl$dnaninf)
    __fpl_dretinf                            0x00004055   Thumb Code    12  dretinf.o(x$fpl$dretinf)
    __aeabi_cdrcmple                         0x00004061   Thumb Code     0  drleqf.o(x$fpl$drleqf)
    _drcmple                                 0x00004061   Thumb Code   108  drleqf.o(x$fpl$drleqf)
    __aeabi_drsub                            0x000040cd   Thumb Code     0  daddsub_clz.o(x$fpl$drsb)
    _drsb                                    0x000040cd   Thumb Code    22  daddsub_clz.o(x$fpl$drsb)
    __aeabi_dsub                             0x000040e5   Thumb Code     0  daddsub_clz.o(x$fpl$dsub)
    _dsub                                    0x000040e5   Thumb Code   464  daddsub_clz.o(x$fpl$dsub)
    __aeabi_f2d                              0x000042b9   Thumb Code     0  f2d.o(x$fpl$f2d)
    _f2d                                     0x000042b9   Thumb Code    86  f2d.o(x$fpl$f2d)
    __fpl_fnaninf                            0x0000430f   Thumb Code   140  fnaninf.o(x$fpl$fnaninf)
    _fp_init                                 0x0000439b   Thumb Code    10  fpinit.o(x$fpl$fpinit)
    __fplib_config_fpu_vfp                   0x000043a3   Thumb Code     0  fpinit.o(x$fpl$fpinit)
    __fplib_config_pureend_doubles           0x000043a3   Thumb Code     0  fpinit.o(x$fpl$fpinit)
    __I$use$fp                               0x000043a4   Number         0  usenofp.o(x$fpl$usenofp)
    Region$$Table$$Base                      0x00004818   Number         0  anon$$obj.o(Region$$Table)
    Region$$Table$$Limit                     0x00004838   Number         0  anon$$obj.o(Region$$Table)
    BatteryVoltage                           0x20000004   Data           4  battery.o(.data)
    rtInf                                    0x20000038   Data           8  rt_nonfinite.o(.data)
    rtMinusInf                               0x20000040   Data           8  rt_nonfinite.o(.data)
    rtNaN                                    0x20000048   Data           8  rt_nonfinite.o(.data)
    rtInfF                                   0x20000050   Data           4  rt_nonfinite.o(.data)
    rtMinusInfF                              0x20000054   Data           4  rt_nonfinite.o(.data)
    rtNaNF                                   0x20000058   Data           4  rt_nonfinite.o(.data)
    timer_event_list                         0x20000d10   Data          80  timer.o(.bss)
    __libspace_start                         0x20000d60   Data          96  libspace.o(.bss)
    __temporary_stack_top$libspace           0x20000dc0   Data           0  libspace.o(.bss)



==============================================================================

Memory Map of the image

  Image Entry point : 0x00000289

  Load Region LR_IROM1 (Base: 0x00000000, Size: 0x00004ea4, Max: 0x00040000, ABSOLUTE, COMPRESSED[0x0000486c])

    Execution Region ER_IROM1 (Base: 0x00000000, Size: 0x00004838, Max: 0x00040000, ABSOLUTE)

    Base Addr    Size         Type   Attr      Idx    E Section Name        Object

    0x00000000   0x00000288   Code   RO            3    RESET               startup_rvmdk.o
    0x00000288   0x00000008   Code   RO         2984  * !!!main             c_w.l(__main.o)
    0x00000290   0x00000034   Code   RO         3337    !!!scatter          c_w.l(__scatter.o)
    0x000002c4   0x0000005a   Code   RO         3335    !!dczerorl2         c_w.l(__dczerorl2.o)
    0x0000031e   0x00000002   PAD
    0x00000320   0x0000001c   Code   RO         3339    !!handler_zi        c_w.l(__scatter_zi.o)
    0x0000033c   0x00000002   Code   RO         3197    .ARM.Collect$$libinit$$00000000  c_w.l(libinit.o)
    0x0000033e   0x00000004   Code   RO         3212    .ARM.Collect$$libinit$$00000001  c_w.l(libinit2.o)
    0x00000342   0x00000000   Code   RO         3215    .ARM.Collect$$libinit$$00000004  c_w.l(libinit2.o)
    0x00000342   0x00000000   Code   RO         3218    .ARM.Collect$$libinit$$0000000A  c_w.l(libinit2.o)
    0x00000342   0x00000000   Code   RO         3220    .ARM.Collect$$libinit$$0000000C  c_w.l(libinit2.o)
    0x00000342   0x00000000   Code   RO         3222    .ARM.Collect$$libinit$$0000000E  c_w.l(libinit2.o)
    0x00000342   0x00000000   Code   RO         3225    .ARM.Collect$$libinit$$00000011  c_w.l(libinit2.o)
    0x00000342   0x00000000   Code   RO         3227    .ARM.Collect$$libinit$$00000013  c_w.l(libinit2.o)
    0x00000342   0x00000000   Code   RO         3229    .ARM.Collect$$libinit$$00000015  c_w.l(libinit2.o)
    0x00000342   0x00000000   Code   RO         3231    .ARM.Collect$$libinit$$00000017  c_w.l(libinit2.o)
    0x00000342   0x00000000   Code   RO         3233    .ARM.Collect$$libinit$$00000019  c_w.l(libinit2.o)
    0x00000342   0x00000000   Code   RO         3235    .ARM.Collect$$libinit$$0000001B  c_w.l(libinit2.o)
    0x00000342   0x00000000   Code   RO         3237    .ARM.Collect$$libinit$$0000001D  c_w.l(libinit2.o)
    0x00000342   0x00000000   Code   RO         3239    .ARM.Collect$$libinit$$0000001F  c_w.l(libinit2.o)
    0x00000342   0x00000000   Code   RO         3241    .ARM.Collect$$libinit$$00000021  c_w.l(libinit2.o)
    0x00000342   0x00000000   Code   RO         3243    .ARM.Collect$$libinit$$00000023  c_w.l(libinit2.o)
    0x00000342   0x00000000   Code   RO         3245    .ARM.Collect$$libinit$$00000025  c_w.l(libinit2.o)
    0x00000342   0x00000000   Code   RO         3249    .ARM.Collect$$libinit$$0000002C  c_w.l(libinit2.o)
    0x00000342   0x00000000   Code   RO         3251    .ARM.Collect$$libinit$$0000002E  c_w.l(libinit2.o)
    0x00000342   0x00000000   Code   RO         3253    .ARM.Collect$$libinit$$00000030  c_w.l(libinit2.o)
    0x00000342   0x00000000   Code   RO         3255    .ARM.Collect$$libinit$$00000032  c_w.l(libinit2.o)
    0x00000342   0x00000002   Code   RO         3256    .ARM.Collect$$libinit$$00000033  c_w.l(libinit2.o)
    0x00000344   0x00000002   Code   RO         3276    .ARM.Collect$$libshutdown$$00000000  c_w.l(libshutdown.o)
    0x00000346   0x00000000   Code   RO         3290    .ARM.Collect$$libshutdown$$00000003  c_w.l(libshutdown2.o)
    0x00000346   0x00000000   Code   RO         3293    .ARM.Collect$$libshutdown$$00000006  c_w.l(libshutdown2.o)
    0x00000346   0x00000000   Code   RO         3296    .ARM.Collect$$libshutdown$$00000009  c_w.l(libshutdown2.o)
    0x00000346   0x00000000   Code   RO         3298    .ARM.Collect$$libshutdown$$0000000B  c_w.l(libshutdown2.o)
    0x00000346   0x00000000   Code   RO         3301    .ARM.Collect$$libshutdown$$0000000E  c_w.l(libshutdown2.o)
    0x00000346   0x00000002   Code   RO         3302    .ARM.Collect$$libshutdown$$0000000F  c_w.l(libshutdown2.o)
    0x00000348   0x00000000   Code   RO         3018    .ARM.Collect$$rtentry$$00000000  c_w.l(__rtentry.o)
    0x00000348   0x00000000   Code   RO         3122    .ARM.Collect$$rtentry$$00000002  c_w.l(__rtentry2.o)
    0x00000348   0x00000006   Code   RO         3134    .ARM.Collect$$rtentry$$00000004  c_w.l(__rtentry4.o)
    0x0000034e   0x00000000   Code   RO         3124    .ARM.Collect$$rtentry$$00000009  c_w.l(__rtentry2.o)
    0x0000034e   0x00000004   Code   RO         3125    .ARM.Collect$$rtentry$$0000000A  c_w.l(__rtentry2.o)
    0x00000352   0x00000000   Code   RO         3127    .ARM.Collect$$rtentry$$0000000C  c_w.l(__rtentry2.o)
    0x00000352   0x00000008   Code   RO         3128    .ARM.Collect$$rtentry$$0000000D  c_w.l(__rtentry2.o)
    0x0000035a   0x00000002   Code   RO         3205    .ARM.Collect$$rtexit$$00000000  c_w.l(rtexit.o)
    0x0000035c   0x00000000   Code   RO         3258    .ARM.Collect$$rtexit$$00000002  c_w.l(rtexit2.o)
    0x0000035c   0x00000004   Code   RO         3259    .ARM.Collect$$rtexit$$00000003  c_w.l(rtexit2.o)
    0x00000360   0x00000006   Code   RO         3260    .ARM.Collect$$rtexit$$00000004  c_w.l(rtexit2.o)
    0x00000366   0x00000002   PAD
    0x00000368   0x00000006   Code   RO         2032    .emb_text           driverlib.lib(sysctl.o)
    0x0000036e   0x00000002   PAD
    0x00000370   0x0000001c   Code   RO            4    .text               startup_rvmdk.o
    0x0000038c   0x00000064   Code   RO         2978    .text               c_w.l(rt_memcpy_w.o)
    0x000003f0   0x0000004e   Code   RO         2980    .text               c_w.l(rt_memclr_w.o)
    0x0000043e   0x00000006   Code   RO         2982    .text               c_w.l(heapauxi.o)
    0x00000444   0x0000004a   Code   RO         3151    .text               c_w.l(sys_stackheap_outer.o)
    0x0000048e   0x0000000c   Code   RO         3190    .text               c_w.l(exit.o)
    0x0000049a   0x00000002   PAD
    0x0000049c   0x00000008   Code   RO         3202    .text               c_w.l(libspace.o)
    0x000004a4   0x0000000c   Code   RO         3268    .text               c_w.l(sys_exit.o)
    0x000004b0   0x00000002   Code   RO         3279    .text               c_w.l(use_no_semi.o)
    0x000004b2   0x00000000   Code   RO         3281    .text               c_w.l(indicate_semi.o)
    0x000004b2   0x00000012   Code   RO         1040    i.ADCHardwareOversampleConfigure  driverlib.lib(adc.o)
    0x000004c4   0x0000000a   Code   RO         1041    i.ADCIntClear       driverlib.lib(adc.o)
    0x000004ce   0x00000010   Code   RO         1045    i.ADCIntEnable      driverlib.lib(adc.o)
    0x000004de   0x00000002   PAD
    0x000004e0   0x0000005c   Code   RO         1047    i.ADCIntRegister    driverlib.lib(adc.o)
    0x0000053c   0x0000001a   Code   RO         1053    i.ADCProcessorTrigger  driverlib.lib(adc.o)
    0x00000556   0x0000004e   Code   RO         1056    i.ADCSequenceConfigure  driverlib.lib(adc.o)
    0x000005a4   0x00000024   Code   RO         1059    i.ADCSequenceDataGet  driverlib.lib(adc.o)
    0x000005c8   0x0000000e   Code   RO         1061    i.ADCSequenceEnable  driverlib.lib(adc.o)
    0x000005d6   0x0000009a   Code   RO         1064    i.ADCSequenceStepConfigure  driverlib.lib(adc.o)
    0x00000670   0x000000a4   Code   RO           11    i.BattSenseISR      battery.o
    0x00000714   0x0000001c   Code   RO           12    i.BattSenseTimerTimeout  battery.o
    0x00000730   0x00000074   Code   RO           13    i.BattSense_init    battery.o
    0x000007a4   0x00000080   Code   RO          184    i.Bluetooth_RxHandler  bluetooth.o
    0x00000824   0x00000064   Code   RO          348    i.ButtonDebounceCallback  button.o
    0x00000888   0x000000b8   Code   RO          906    i.ButtonHandler     main.o
    0x00000940   0x00000028   Code   RO          349    i.ButtonRegisterCallback  button.o
    0x00000968   0x0000012c   Code   RO          907    i.ButtonRightHandler  main.o
    0x00000a94   0x00000084   Code   RO          350    i.Button_init       button.o
    0x00000b18   0x00000054   Code   RO          351    i.ButtonsISR        button.o
    0x00000b6c   0x00000084   Code   RO          394    i.Buzzer_lowbat_notify_handler  buzzer.o
    0x00000bf0   0x00000084   Code   RO          395    i.Buzzer_lowbat_shutdown_handler  buzzer.o
    0x00000c74   0x000000d8   Code   RO          682    i.Config_PWM        speed_control.o
    0x00000d4c   0x00000058   Code   RO          933    i.Config_System     systemconfig.o
    0x00000da4   0x0000000a   Code   RO          561    i.Control_initialize  control_initialize.o
    0x00000dae   0x00000002   PAD
    0x00000db0   0x00000044   Code   RO         1315    i.EEPROMInit        driverlib.lib(eeprom.o)
    0x00000df4   0x00000164   Code   RO         1321    i.EEPROMProgram     driverlib.lib(eeprom.o)
    0x00000f58   0x00000034   Code   RO         1323    i.EEPROMRead        driverlib.lib(eeprom.o)
    0x00000f8c   0x00000032   Code   RO          458    i.EEPROMReadWords   eeprom.o
    0x00000fbe   0x00000032   Code   RO          459    i.EEPROMWrite       eeprom.o
    0x00000ff0   0x00000014   Code   RO          460    i.EEPROM_Init       eeprom.o
    0x00001004   0x00000010   Code   RO         1438    i.FPUEnable         driverlib.lib(fpu.o)
    0x00001014   0x00000010   Code   RO         1441    i.FPULazyStackingEnable  driverlib.lib(fpu.o)
    0x00001024   0x00000028   Code   RO         1508    i.GPIODirModeSet    driverlib.lib(gpio.o)
    0x0000104c   0x00000006   Code   RO         1509    i.GPIOIntClear      driverlib.lib(gpio.o)
    0x00001052   0x0000000c   Code   RO         1511    i.GPIOIntEnable     driverlib.lib(gpio.o)
    0x0000105e   0x00000002   PAD
    0x00001060   0x00000058   Code   RO         1512    i.GPIOIntRegister   driverlib.lib(gpio.o)
    0x000010b8   0x0000000e   Code   RO         1513    i.GPIOIntStatus     driverlib.lib(gpio.o)
    0x000010c6   0x00000050   Code   RO         1515    i.GPIOIntTypeSet    driverlib.lib(gpio.o)
    0x00001116   0x00000138   Code   RO         1518    i.GPIOPadConfigSet  driverlib.lib(gpio.o)
    0x0000124e   0x00000002   PAD
    0x00001250   0x00000044   Code   RO         1519    i.GPIOPinConfigure  driverlib.lib(gpio.o)
    0x00001294   0x00000006   Code   RO         1520    i.GPIOPinRead       driverlib.lib(gpio.o)
    0x0000129a   0x0000001c   Code   RO         1521    i.GPIOPinTypeADC    driverlib.lib(gpio.o)
    0x000012b6   0x0000001c   Code   RO         1528    i.GPIOPinTypeGPIOInput  driverlib.lib(gpio.o)
    0x000012d2   0x0000001c   Code   RO         1529    i.GPIOPinTypeGPIOOutput  driverlib.lib(gpio.o)
    0x000012ee   0x0000001c   Code   RO         1541    i.GPIOPinTypeQEI    driverlib.lib(gpio.o)
    0x0000130a   0x0000001c   Code   RO         1543    i.GPIOPinTypeTimer  driverlib.lib(gpio.o)
    0x00001326   0x0000001c   Code   RO         1544    i.GPIOPinTypeUART   driverlib.lib(gpio.o)
    0x00001342   0x00000006   Code   RO         1550    i.GPIOPinWrite      driverlib.lib(gpio.o)
    0x00001348   0x000000a8   Code   RO          285    i.IRDetector_init   ir.o
    0x000013f0   0x000000f0   Code   RO          286    i.IR_Detector_ISR   ir.o
    0x000014e0   0x00000018   Code   RO          287    i.IR_GetIrDetectorValue  ir.o
    0x000014f8   0x00000080   Code   RO          288    i.IR_Timer_Timeout  ir.o
    0x00001578   0x00000088   Code   RO          290    i.IR_set_calib_value  ir.o
    0x00001600   0x00000064   Code   RO         1806    i.IntEnable         driverlib.lib(interrupt.o)
    0x00001664   0x00000034   Code   RO         1818    i.IntRegister       driverlib.lib(interrupt.o)
    0x00001698   0x00000060   Code   RO          934    i.LED_Display_init  systemconfig.o
    0x000016f8   0x00000018   Code   RO          827    i.Pid_process_callback  wallfollow.o
    0x00001710   0x00000124   Code   RO          683    i.ProcessSpeedControl  speed_control.o
    0x00001834   0x0000003c   Code   RO          519    i.QEI0_VelocityIsr  qei.o
    0x00001870   0x0000003c   Code   RO          520    i.QEI1_VelocityIsr  qei.o
    0x000018ac   0x0000000e   Code   RO         1918    i.QEIConfigure      driverlib.lib(qei.o)
    0x000018ba   0x00000010   Code   RO         1919    i.QEIDirectionGet   driverlib.lib(qei.o)
    0x000018ca   0x0000000a   Code   RO         1921    i.QEIEnable         driverlib.lib(qei.o)
    0x000018d4   0x00000004   Code   RO         1923    i.QEIIntClear       driverlib.lib(qei.o)
    0x000018d8   0x00000008   Code   RO         1925    i.QEIIntEnable      driverlib.lib(qei.o)
    0x000018e0   0x00000058   Code   RO         1926    i.QEIIntRegister    driverlib.lib(qei.o)
    0x00001938   0x0000000a   Code   RO         1927    i.QEIIntStatus      driverlib.lib(qei.o)
    0x00001942   0x00000010   Code   RO         1931    i.QEIVelocityConfigure  driverlib.lib(qei.o)
    0x00001952   0x0000000a   Code   RO         1933    i.QEIVelocityEnable  driverlib.lib(qei.o)
    0x0000195c   0x00000004   Code   RO         1934    i.QEIVelocityGet    driverlib.lib(qei.o)
    0x00001960   0x00000460   Code   RO          751    i.STR_Indirect      str_indirect.o
    0x00001dc0   0x0000004e   Code   RO          684    i.SetPWM            speed_control.o
    0x00001e0e   0x00000002   PAD
    0x00001e10   0x00000120   Code   RO         2037    i.SysCtlClockSet    driverlib.lib(sysctl.o)
    0x00001f30   0x00000028   Code   RO         2066    i.SysCtlPeripheralEnable  driverlib.lib(sysctl.o)
    0x00001f58   0x0000003c   Code   RO         2071    i.SysCtlPeripheralReset  driverlib.lib(sysctl.o)
    0x00001f94   0x0000000e   Code   RO         2369    i.SysTickEnable     driverlib.lib(systick.o)
    0x00001fa2   0x0000000e   Code   RO         2371    i.SysTickIntEnable  driverlib.lib(systick.o)
    0x00001fb0   0x00000010   Code   RO          935    i.SysTickIntHandle  systemconfig.o
    0x00001fc0   0x00000018   Code   RO         2372    i.SysTickIntRegister  driverlib.lib(systick.o)
    0x00001fd8   0x0000000a   Code   RO         2375    i.SysTickPeriodSet  driverlib.lib(systick.o)
    0x00001fe2   0x00000002   PAD
    0x00001fe4   0x00000068   Code   RO          873    i.TIMER_ISR         timer.o
    0x0000204c   0x00000044   Code   RO          874    i.TIMER_RegisterEvent  timer.o
    0x00002090   0x00000020   Code   RO          875    i.TIMER_UnregisterEvent  timer.o
    0x000020b0   0x00000060   Code   RO         2435    i.TimerConfigure    driverlib.lib(timer.o)
    0x00002110   0x00000016   Code   RO         2437    i.TimerControlLevel  driverlib.lib(timer.o)
    0x00002126   0x00000016   Code   RO         2438    i.TimerControlStall  driverlib.lib(timer.o)
    0x0000213c   0x0000000e   Code   RO         2444    i.TimerEnable       driverlib.lib(timer.o)
    0x0000214a   0x00000004   Code   RO         2445    i.TimerIntClear     driverlib.lib(timer.o)
    0x0000214e   0x00000008   Code   RO         2447    i.TimerIntEnable    driverlib.lib(timer.o)
    0x00002156   0x00000002   PAD
    0x00002158   0x00000068   Code   RO         2448    i.TimerIntRegister  driverlib.lib(timer.o)
    0x000021c0   0x00000012   Code   RO         2453    i.TimerLoadSet      driverlib.lib(timer.o)
    0x000021d2   0x00000012   Code   RO         2457    i.TimerMatchSet     driverlib.lib(timer.o)
    0x000021e4   0x00000068   Code   RO          876    i.Timer_Init        timer.o
    0x0000224c   0x0000000c   Code   RO         2679    i.UARTCharGet       driverlib.lib(uart.o)
    0x00002258   0x0000000a   Code   RO         2683    i.UARTCharsAvail    driverlib.lib(uart.o)
    0x00002262   0x0000006e   Code   RO         2687    i.UARTConfigSetExpClk  driverlib.lib(uart.o)
    0x000022d0   0x00000004   Code   RO         2700    i.UARTIntClear      driverlib.lib(uart.o)
    0x000022d4   0x00000008   Code   RO         2702    i.UARTIntEnable     driverlib.lib(uart.o)
    0x000022dc   0x00000058   Code   RO         2703    i.UARTIntRegister   driverlib.lib(uart.o)
    0x00002334   0x0000000a   Code   RO         2704    i.UARTIntStatus     driverlib.lib(uart.o)
    0x0000233e   0x00000002   PAD
    0x00002340   0x00000598   Code   RO          765    i.Uocluong          uocluong.o
    0x000028d8   0x00000598   Code   RO          766    i.Uocluong2         uocluong.o
    0x00002e70   0x0000001c   Code   RO           14    i.battery_Runtimeout  battery.o
    0x00002e8c   0x00000020   Code   RO           15    i.battery_Stoptimeout  battery.o
    0x00002eac   0x00000064   Code   RO          186    i.bluetooth_init    bluetooth.o
    0x00002f10   0x0000001c   Code   RO          352    i.button_Runtimeout  button.o
    0x00002f2c   0x00000020   Code   RO          354    i.button_Stoptimeout  button.o
    0x00002f4c   0x00000020   Code   RO          396    i.buzzer_Runtimeout  buzzer.o
    0x00002f6c   0x00000020   Code   RO          397    i.buzzer_Stoptimeout  buzzer.o
    0x00002f8c   0x00000068   Code   RO          398    i.buzzer_init       buzzer.o
    0x00002ff4   0x00000028   Code   RO          399    i.buzzer_low_batterry_notify  buzzer.o
    0x0000301c   0x00000028   Code   RO          400    i.buzzer_low_battery_shutdown  buzzer.o
    0x00003044   0x0000004c   Code   RO          403    i.buzzer_setsound   buzzer.o
    0x00003090   0x00000020   Code   RO          291    i.ir_LoadfromParams  ir.o
    0x000030b0   0x00000020   Code   RO          292    i.ir_Runtimeout     ir.o
    0x000030d0   0x00000020   Code   RO          293    i.ir_SavetoParams   ir.o
    0x000030f0   0x00000020   Code   RO          294    i.ir_Stoptimeout    ir.o
    0x00003110   0x000000c8   Code   RO          908    i.main              main.o
    0x000031d8   0x00000040   Code   RO          488    i.param_Get         parameters.o
    0x00003218   0x00000040   Code   RO          489    i.param_Set         parameters.o
    0x00003258   0x0000000c   Code   RO          490    i.param_init        parameters.o
    0x00003264   0x00000002   Code   RO          491    i.param_software_init  parameters.o
    0x00003266   0x00000002   PAD
    0x00003268   0x00000020   Code   RO          828    i.pid_Runtimeout    wallfollow.o
    0x00003288   0x00000020   Code   RO          829    i.pid_StopTimeout   wallfollow.o
    0x000032a8   0x0000004c   Code   RO          830    i.pid_Wallfollow_init  wallfollow.o
    0x000032f4   0x00000010   Code   RO          796    i.pid_init          pid.o
    0x00003304   0x00000018   Code   RO          798    i.pid_set_parameters  pid.o
    0x0000331c   0x00000040   Code   RO          523    i.qei_getVelocity   qei.o
    0x0000335c   0x0000013c   Code   RO          524    i.qei_init          qei.o
    0x00003498   0x00000098   Code   RO          634    i.rtGetInf          rtgetinf.o
    0x00003530   0x0000000e   Code   RO          635    i.rtGetInfF         rtgetinf.o
    0x0000353e   0x00000002   PAD
    0x00003540   0x00000098   Code   RO          636    i.rtGetMinusInf     rtgetinf.o
    0x000035d8   0x00000010   Code   RO          637    i.rtGetMinusInfF    rtgetinf.o
    0x000035e8   0x0000009c   Code   RO          664    i.rtGetNaN          rtgetnan.o
    0x00003684   0x0000003c   Code   RO          665    i.rtGetNaNF         rtgetnan.o
    0x000036c0   0x0000005c   Code   RO          590    i.rt_InitInfAndNaN  rt_nonfinite.o
    0x0000371c   0x00000038   Code   RO          685    i.speed_Enable_Hbridge  speed_control.o
    0x00003754   0x00000030   Code   RO          688    i.speed_control_init  speed_control.o
    0x00003784   0x00000020   Code   RO          689    i.speed_control_runtimeout  speed_control.o
    0x000037a4   0x00000020   Code   RO          690    i.speed_control_stoptimeout  speed_control.o
    0x000037c4   0x00000024   Code   RO          691    i.speed_set         speed_control.o
    0x000037e8   0x00000078   Code   RO          692    i.speed_update_setpoint  speed_control.o
    0x00003860   0x0000000c   Code   RO          937    i.system_GetState   systemconfig.o
    0x0000386c   0x00000008   Code   RO          938    i.system_Process_System_State  systemconfig.o
    0x00003874   0x0000000c   Code   RO          939    i.system_SetState   systemconfig.o
    0x00003880   0x0000002c   Code   RO          940    i.system_SystickConfig  systemconfig.o
    0x000038ac   0x0000000c   Code   RO          941    i.u32_UsrSystemClockGet  systemconfig.o
    0x000038b8   0x00000018   Code   RO         2986    x$fpl$basic         fz_wm.l(basic.o)
    0x000038d0   0x00000150   Code   RO         2988    x$fpl$dadd          fz_wm.l(daddsub_clz.o)
    0x00003a20   0x00000018   Code   RO         3110    x$fpl$dcmpinf       fz_wm.l(dcmpi.o)
    0x00003a38   0x000002b0   Code   RO         2995    x$fpl$ddiv          fz_wm.l(ddiv.o)
    0x00003ce8   0x00000078   Code   RO         2998    x$fpl$deqf          fz_wm.l(deqf.o)
    0x00003d60   0x0000005e   Code   RO         3000    x$fpl$dfix          fz_wm.l(dfix.o)
    0x00003dbe   0x0000002e   Code   RO         3005    x$fpl$dflt          fz_wm.l(dflt_clz.o)
    0x00003dec   0x00000078   Code   RO         3010    x$fpl$dleqf         fz_wm.l(dleqf.o)
    0x00003e64   0x00000154   Code   RO         3012    x$fpl$dmul          fz_wm.l(dmul.o)
    0x00003fb8   0x0000009c   Code   RO         3112    x$fpl$dnaninf       fz_wm.l(dnaninf.o)
    0x00004054   0x0000000c   Code   RO         3114    x$fpl$dretinf       fz_wm.l(dretinf.o)
    0x00004060   0x0000006c   Code   RO         3014    x$fpl$drleqf        fz_wm.l(drleqf.o)
    0x000040cc   0x00000016   Code   RO         2989    x$fpl$drsb          fz_wm.l(daddsub_clz.o)
    0x000040e2   0x00000002   PAD
    0x000040e4   0x000001d4   Code   RO         2990    x$fpl$dsub          fz_wm.l(daddsub_clz.o)
    0x000042b8   0x00000056   Code   RO         3016    x$fpl$f2d           fz_wm.l(f2d.o)
    0x0000430e   0x0000008c   Code   RO         3116    x$fpl$fnaninf       fz_wm.l(fnaninf.o)
    0x0000439a   0x0000000a   Code   RO         3266    x$fpl$fpinit        fz_wm.l(fpinit.o)
    0x000043a4   0x00000000   Code   RO         3120    x$fpl$usenofp       fz_wm.l(usenofp.o)
    0x000043a4   0x00000020   Data   RO          404    .constdata          buzzer.o
    0x000043c4   0x00000016   Data   RO          492    .constdata          parameters.o
    0x000043da   0x00000002   PAD
    0x000043dc   0x00000210   Data   RO         1551    .constdata          driverlib.lib(gpio.o)
    0x000045ec   0x0000010c   Data   RO         1822    .constdata          driverlib.lib(interrupt.o)
    0x000046f8   0x000000a0   Data   RO         2469    .constdata          driverlib.lib(timer.o)
    0x00004798   0x00000080   Data   RO         2719    .constdata          driverlib.lib(uart.o)
    0x00004818   0x00000020   Data   RO         3333    Region$$Table       anon$$obj.o


    Execution Region RW_IRAM1 (Base: 0x20000000, Size: 0x000013c0, Max: 0x00008000, ABSOLUTE, COMPRESSED[0x00000034])

    Base Addr    Size         Type   Attr      Idx    E Section Name        Object

    0x20000000   0x00000008   Data   RW           16    .data               battery.o
    0x20000008   0x00000004   Data   RW          191    .data               bluetooth.o
    0x2000000c   0x00000002   Data   RW          296    .data               ir.o
    0x2000000e   0x00000002   PAD
    0x20000010   0x00000010   Data   RW          355    .data               button.o
    0x20000020   0x00000005   Data   RW          405    .data               buzzer.o
    0x20000025   0x00000003   PAD
    0x20000028   0x0000000c   Data   RW          525    .data               qei.o
    0x20000034   0x00000004   PAD
    0x20000038   0x00000024   Data   RW          591    .data               rt_nonfinite.o
    0x2000005c   0x00000004   PAD
    0x20000060   0x00000099   Data   RW          693    .data               speed_control.o
    0x200000f9   0x00000007   PAD
    0x20000100   0x00000008   Data   RW          753    .data               str_indirect.o
    0x20000108   0x00000100   Data   RW          768    .data               uocluong.o
    0x20000208   0x00000014   Data   RW          834    .data               wallfollow.o
    0x2000021c   0x00000001   Data   RW          909    .data               main.o
    0x2000021d   0x00000003   PAD
    0x20000220   0x0000000c   Data   RW          942    .data               systemconfig.o
    0x2000022c   0x000001d4   PAD
    0x20000400   0x0000026c   Data   RW         1823    vtable              driverlib.lib(interrupt.o)
    0x2000066c   0x000005dc   Zero   RW          190    .bss                bluetooth.o
    0x20000c48   0x00000030   Zero   RW          295    .bss                ir.o
    0x20000c78   0x00000030   Zero   RW          752    .bss                str_indirect.o
    0x20000ca8   0x00000040   Zero   RW          767    .bss                uocluong.o
    0x20000ce8   0x00000028   Zero   RW          799    .bss                pid.o
    0x20000d10   0x00000050   Zero   RW          877    .bss                timer.o
    0x20000d60   0x00000060   Zero   RW         3203    .bss                c_w.l(libspace.o)
    0x20000dc0   0x00000200   Zero   RW            2    HEAP                startup_rvmdk.o
    0x20000fc0   0x00000400   Zero   RW            1    STACK               startup_rvmdk.o


==============================================================================

Image component sizes


      Code (inc. data)   RO Data    RW Data    ZI Data      Debug   Object Name

       368         82          0          8          0      16112   battery.o
       228         34          0          4       1500       1741   bluetooth.o
       416         86          0         16          0       3851   button.o
       588         98         32          5          0       4991   buzzer.o
        10          0          0          0          0       1001   control_initialize.o
       120          6          0          0          0       2654   eeprom.o
       824        104          0          2         48       5307   ir.o
       684         56          0          1          0       1948   main.o
       142         12         22          0          0       2833   parameters.o
        40          8          0          0         40       1224   pid.o
       500         92          0         12          0       2669   qei.o
        92         26          0         36          0        946   rt_nonfinite.o
       334         32          0          0          0       2900   rtgetinf.o
       216         18          0          0          0       1563   rtgetnan.o
       910        116          0        153          0       5794   speed_control.o
       676        640          0          0       1536        548   startup_rvmdk.o
      1120         72          0          8         48       1323   str_indirect.o
       288         52          0         12          0       4261   systemconfig.o
       308         34          0          0         80       3046   timer.o
      2864         92          0        256         64       3319   uocluong.o
       164         32          0         20          0       3114   wallfollow.o

    ----------------------------------------------------------------------
     10900       1692         88       1024       3316      71145   Object Totals
         0          0         32          0          0          0   (incl. Generated)
         8          0          2        491          0          0   (incl. Padding)

    ----------------------------------------------------------------------

      Code (inc. data)   RO Data    RW Data    ZI Data      Debug   Library Member Name

        90          0          0          0          0          0   __dczerorl2.o
         8          0          0          0          0         68   __main.o
         0          0          0          0          0          0   __rtentry.o
        12          0          0          0          0          0   __rtentry2.o
         6          0          0          0          0          0   __rtentry4.o
        52          8          0          0          0          0   __scatter.o
        28          0          0          0          0          0   __scatter_zi.o
        12          0          0          0          0         72   exit.o
         6          0          0          0          0        152   heapauxi.o
         0          0          0          0          0          0   indicate_semi.o
         2          0          0          0          0          0   libinit.o
         6          0          0          0          0          0   libinit2.o
         2          0          0          0          0          0   libshutdown.o
         2          0          0          0          0          0   libshutdown2.o
         8          4          0          0         96         68   libspace.o
        78          0          0          0          0         80   rt_memclr_w.o
       100          0          0          0          0         80   rt_memcpy_w.o
         2          0          0          0          0          0   rtexit.o
        10          0          0          0          0          0   rtexit2.o
        12          4          0          0          0         68   sys_exit.o
        74          0          0          0          0         80   sys_stackheap_outer.o
         2          0          0          0          0         68   use_no_semi.o
       444          8          0          0          0       8916   adc.o
       476         34          0          0          0       3030   eeprom.o
        32          8          0          0          0        848   fpu.o
       800         26        528          0          0       9472   gpio.o
       152         16        268        620          0       2030   interrupt.o
       180         12          0          0          0       5358   qei.o
       394         26          0          0          0       3522   sysctl.o
        62          0          0          0          0       1815   systick.o
       306         24        160          0          0       5610   timer.o
       242         18        128          0          0       4683   uart.o
        24          0          0          0          0        164   basic.o
       826         16          0          0          0        492   daddsub_clz.o
        24          0          0          0          0        116   dcmpi.o
       688        140          0          0          0        256   ddiv.o
       120          4          0          0          0        140   deqf.o
        94          4          0          0          0        140   dfix.o
        46          0          0          0          0        116   dflt_clz.o
       120          4          0          0          0        140   dleqf.o
       340         12          0          0          0        152   dmul.o
       156          4          0          0          0        140   dnaninf.o
        12          0          0          0          0        116   dretinf.o
       108          0          0          0          0        128   drleqf.o
        86          4          0          0          0        132   f2d.o
       140          4          0          0          0        132   fnaninf.o
        10          0          0          0          0        116   fpinit.o
         0          0          0          0          0          0   usenofp.o

    ----------------------------------------------------------------------
      6416        380       1084        620         96      48500   Library Totals
        22          0          0          0          0          0   (incl. Padding)

    ----------------------------------------------------------------------

      Code (inc. data)   RO Data    RW Data    ZI Data      Debug   Library Name

       512         16          0          0         96        736   c_w.l
      3088        172       1084        620          0      45284   driverlib.lib
      2794        192          0          0          0       2480   fz_wm.l

    ----------------------------------------------------------------------
      6416        380       1084        620         96      48500   Library Totals

    ----------------------------------------------------------------------

==============================================================================


      Code (inc. data)   RO Data    RW Data    ZI Data      Debug   

     17316       2072       1172       1644       3412     104185   Grand Totals
     17316       2072       1172         52       3412     104185   ELF Image Totals (compressed)
     17316       2072       1172         52          0          0   ROM Totals

==============================================================================

    Total RO  Size (Code + RO Data)                18488 (  18.05kB)
    Total RW  Size (RW Data + ZI Data)              5056 (   4.94kB)
    Total ROM Size (Code + RO Data + RW Data)      18540 (  18.11kB)

==============================================================================

