Component: ARM Compiler 5.05 update 1 (build 106) Tool: armlink [4d0efa]

==============================================================================

Section Cross References

    startup_rvmdk.o(STACK) refers (Special) to heapauxi.o(.text) for __use_two_region_memory
    startup_rvmdk.o(HEAP) refers (Special) to heapauxi.o(.text) for __use_two_region_memory
    startup_rvmdk.o(RESET) refers (Special) to heapauxi.o(.text) for __use_two_region_memory
    startup_rvmdk.o(RESET) refers to startup_rvmdk.o(STACK) for StackMem
    startup_rvmdk.o(RESET) refers to __main.o(!!!main) for __main
    startup_rvmdk.o(.text) refers (Special) to heapauxi.o(.text) for __use_two_region_memory
    startup_rvmdk.o(.text) refers to startup_rvmdk.o(HEAP) for HeapMem
    startup_rvmdk.o(.text) refers to startup_rvmdk.o(STACK) for StackMem
    battery.o(i.BattSenseISR) refers to battery.o(i.battery_Runtimeout) for battery_Runtimeout
    battery.o(i.BattSenseISR) refers to ir.o(i.vIR_Battery_ADCGet) for vIR_Battery_ADCGet
    battery.o(i.BattSenseISR) refers to buzzer.o(i.buzzer_low_battery_shutdown) for buzzer_low_battery_shutdown
    battery.o(i.BattSenseISR) refers to buzzer.o(i.buzzer_low_batterry_notify) for buzzer_low_batterry_notify
    battery.o(i.BattSenseISR) refers to battery.o(i.BattSenseTimerTimeout) for BattSenseTimerTimeout
    battery.o(i.BattSenseISR) refers to battery.o(.data) for BatteryVoltage
    battery.o(i.BattSenseTimerTimeout) refers to ir.o(i.vIR_BattSenseTrigger) for vIR_BattSenseTrigger
    battery.o(i.BattSenseTimerTimeout) refers to battery.o(.data) for battery_TimerID
    battery.o(i.BattSense_init) refers to sysctl.o(i.SysCtlPeripheralEnable) for SysCtlPeripheralEnable
    battery.o(i.BattSense_init) refers to gpio.o(i.GPIOPinTypeADC) for GPIOPinTypeADC
    battery.o(i.BattSense_init) refers to ir.o(i.vIR_BatteryIntRegister) for vIR_BatteryIntRegister
    battery.o(i.BattSense_init) refers to battery.o(i.battery_Runtimeout) for battery_Runtimeout
    battery.o(i.BattSense_init) refers to battery.o(i.BattSenseISR) for BattSenseISR
    battery.o(i.BattSense_init) refers to battery.o(i.BattSenseTimerTimeout) for BattSenseTimerTimeout
    battery.o(i.battery_Runtimeout) refers to battery.o(i.battery_Stoptimeout) for battery_Stoptimeout
    battery.o(i.battery_Runtimeout) refers to timer.o(i.TIMER_RegisterEvent) for TIMER_RegisterEvent
    battery.o(i.battery_Runtimeout) refers to battery.o(.data) for battery_TimerID
    battery.o(i.battery_Stoptimeout) refers to timer.o(i.TIMER_UnregisterEvent) for TIMER_UnregisterEvent
    battery.o(i.battery_Stoptimeout) refers to battery.o(.data) for battery_TimerID
    bluetooth.o(i.Bluetooth_RxTxHandler) refers to uart.o(i.UARTIntStatus) for UARTIntStatus
    bluetooth.o(i.Bluetooth_RxTxHandler) refers to uart.o(i.UARTIntClear) for UARTIntClear
    bluetooth.o(i.Bluetooth_RxTxHandler) refers to uart.o(i.UARTCharPutNonBlocking) for UARTCharPutNonBlocking
    bluetooth.o(i.Bluetooth_RxTxHandler) refers to bluetooth.o(i.HC05_PutEvtIntoQueue) for HC05_PutEvtIntoQueue
    bluetooth.o(i.Bluetooth_RxTxHandler) refers to uart.o(i.UARTCharGet) for UARTCharGet
    bluetooth.o(i.Bluetooth_RxTxHandler) refers to uart.o(i.UARTCharsAvail) for UARTCharsAvail
    bluetooth.o(i.Bluetooth_RxTxHandler) refers to bluetooth.o(.data) for txTail
    bluetooth.o(i.Bluetooth_RxTxHandler) refers to bluetooth.o(.bss) for txBuffer
    bluetooth.o(i.HC05_ClearEvtQueue) refers to rt_memclr_w.o(.text) for __aeabi_memclr4
    bluetooth.o(i.HC05_ClearEvtQueue) refers to bluetooth.o(.data) for hc05_IsEvtQueueFull
    bluetooth.o(i.HC05_ClearEvtQueue) refers to bluetooth.o(.bss) for hc05_EvtQueue
    bluetooth.o(i.HC05_EventProcessing) refers to bluetooth.o(i.HC05_GetEvtFromQueue) for HC05_GetEvtFromQueue
    bluetooth.o(i.HC05_EventProcessing) refers to bluetooth.o(i.HC05_NotifyUpperLayer) for HC05_NotifyUpperLayer
    bluetooth.o(i.HC05_EventProcessing) refers to bluetooth.o(i.HC05_RunTimeout) for HC05_RunTimeout
    bluetooth.o(i.HC05_EventProcessing) refers to bluetooth.o(i.HC05_GetRxSize) for HC05_GetRxSize
    bluetooth.o(i.HC05_EventProcessing) refers to bluetooth.o(i.HC05_StopTimeout) for HC05_StopTimeout
    bluetooth.o(i.HC05_EventProcessing) refers to bluetooth.o(i.HC05_QueryRxData) for HC05_QueryRxData
    bluetooth.o(i.HC05_EventProcessing) refers to bluetooth.o(.data) for b_is_has_new_data
    bluetooth.o(i.HC05_GetEvtFromQueue) refers to bluetooth.o(i.HC05_IsEvtQueueEmpty) for HC05_IsEvtQueueEmpty
    bluetooth.o(i.HC05_GetEvtFromQueue) refers to bluetooth.o(.data) for hc05_evt_r_index
    bluetooth.o(i.HC05_GetEvtFromQueue) refers to bluetooth.o(.bss) for hc05_EvtQueue
    bluetooth.o(i.HC05_GetRxData) refers to bluetooth.o(i.ReadRxBuffer) for ReadRxBuffer
    bluetooth.o(i.HC05_GetRxData) refers to bluetooth.o(.data) for ui16_rxSize
    bluetooth.o(i.HC05_GetRxSize) refers to bluetooth.o(.data) for ui16_rxSize
[...]
    _printf_c                                0x000003b1   Thumb Code     0  _printf_c.o(.ARM.Collect$$_printf_percent$$00000013)
    _printf_s                                0x000003b7   Thumb Code     0  _printf_s.o(.ARM.Collect$$_printf_percent$$00000014)
    _printf_lc                               0x000003bd   Thumb Code     0  _printf_lc.o(.ARM.Collect$$_printf_percent$$00000015)
    _printf_ls                               0x000003c3   Thumb Code     0  _printf_ls.o(.ARM.Collect$$_printf_percent$$00000016)
    _printf_percent_end                      0x000003c9   Thumb Code     0  _printf_percent_end.o(.ARM.Collect$$_printf_percent$$00000017)
    __rt_lib_init                            0x000003cd   Thumb Code     0  libinit.o(.ARM.Collect$$libinit$$00000000)
    __rt_lib_init_fp_1                       0x000003cf   Thumb Code     0  libinit2.o(.ARM.Collect$$libinit$$00000001)
    __rt_lib_init_heap_1                     0x000003d3   Thumb Code     0  libinit2.o(.ARM.Collect$$libinit$$0000000A)
    __rt_lib_init_lc_common                  0x000003d3   Thumb Code     0  libinit2.o(.ARM.Collect$$libinit$$0000000F)
    __rt_lib_init_preinit_1                  0x000003d3   Thumb Code     0  libinit2.o(.ARM.Collect$$libinit$$00000004)
    __rt_lib_init_rand_1                     0x000003d3   Thumb Code     0  libinit2.o(.ARM.Collect$$libinit$$0000000E)
    __rt_lib_init_user_alloc_1               0x000003d3   Thumb Code     0  libinit2.o(.ARM.Collect$$libinit$$0000000C)
    __rt_lib_init_lc_collate_1               0x000003d9   Thumb Code     0  libinit2.o(.ARM.Collect$$libinit$$00000011)
    __rt_lib_init_lc_ctype_2                 0x000003d9   Thumb Code     0  libinit2.o(.ARM.Collect$$libinit$$00000012)
    __rt_lib_init_lc_ctype_1                 0x000003e5   Thumb Code     0  libinit2.o(.ARM.Collect$$libinit$$00000013)
    __rt_lib_init_lc_monetary_1              0x000003e5   Thumb Code     0  libinit2.o(.ARM.Collect$$libinit$$00000015)
    __rt_lib_init_lc_numeric_2               0x000003e5   Thumb Code     0  libinit2.o(.ARM.Collect$$libinit$$00000016)
    __rt_lib_init_alloca_1                   0x000003ef   Thumb Code     0  libinit2.o(.ARM.Collect$$libinit$$0000002E)
    __rt_lib_init_argv_1                     0x000003ef   Thumb Code     0  libinit2.o(.ARM.Collect$$libinit$$0000002C)
    __rt_lib_init_atexit_1                   0x000003ef   Thumb Code     0  libinit2.o(.ARM.Collect$$libinit$$0000001B)
    __rt_lib_init_clock_1                    0x000003ef   Thumb Code     0  libinit2.o(.ARM.Collect$$libinit$$00000021)
    __rt_lib_init_cpp_1                      0x000003ef   Thumb Code     0  libinit2.o(.ARM.Collect$$libinit$$00000032)
    __rt_lib_init_exceptions_1               0x000003ef   Thumb Code     0  libinit2.o(.ARM.Collect$$libinit$$00000030)
    __rt_lib_init_fp_trap_1                  0x000003ef   Thumb Code     0  libinit2.o(.ARM.Collect$$libinit$$0000001F)
    __rt_lib_init_getenv_1                   0x000003ef   Thumb Code     0  libinit2.o(.ARM.Collect$$libinit$$00000023)
    __rt_lib_init_lc_numeric_1               0x000003ef   Thumb Code     0  libinit2.o(.ARM.Collect$$libinit$$00000017)
    __rt_lib_init_lc_time_1                  0x000003ef   Thumb Code     0  libinit2.o(.ARM.Collect$$libinit$$00000019)
    __rt_lib_init_return                     0x000003ef   Thumb Code     0  libinit2.o(.ARM.Collect$$libinit$$00000033)
    __rt_lib_init_signal_1                   0x000003ef   Thumb Code     0  libinit2.o(.ARM.Collect$$libinit$$0000001D)
    __rt_lib_init_stdio_1                    0x000003ef   Thumb Code     0  libinit2.o(.ARM.Collect$$libinit$$00000025)
    __rt_lib_shutdown                        0x000003f1   Thumb Code     0  libshutdown.o(.ARM.Collect$$libshutdown$$00000000)
    __rt_lib_shutdown_fp_trap_1              0x000003f3   Thumb Code     0  libshutdown2.o(.ARM.Collect$$libshutdown$$00000006)
    __rt_lib_shutdown_heap_1                 0x000003f3   Thumb Code     0  libshutdown2.o(.ARM.Collect$$libshutdown$$0000000E)
    __rt_lib_shutdown_return                 0x000003f3   Thumb Code     0  libshutdown2.o(.ARM.Collect$$libshutdown$$0000000F)
    __rt_lib_shutdown_signal_1               0x000003f3   Thumb Code     0  libshutdown2.o(.ARM.Collect$$libshutdown$$00000009)
    __rt_lib_shutdown_stdio_1                0x000003f3   Thumb Code     0  libshutdown2.o(.ARM.Collect$$libshutdown$$00000003)
    __rt_lib_shutdown_user_alloc_1           0x000003f3   Thumb Code     0  libshutdown2.o(.ARM.Collect$$libshutdown$$0000000B)
    __rt_entry                               0x000003f5   Thumb Code     0  __rtentry.o(.ARM.Collect$$rtentry$$00000000)
    __rt_entry_presh_1                       0x000003f5   Thumb Code     0  __rtentry2.o(.ARM.Collect$$rtentry$$00000002)
    __rt_entry_sh                            0x000003f5   Thumb Code     0  __rtentry4.o(.ARM.Collect$$rtentry$$00000004)
    __rt_entry_li                            0x000003fb   Thumb Code     0  __rtentry2.o(.ARM.Collect$$rtentry$$0000000A)
    __rt_entry_postsh_1                      0x000003fb   Thumb Code     0  __rtentry2.o(.ARM.Collect$$rtentry$$00000009)
    __rt_entry_main                          0x000003ff   Thumb Code     0  __rtentry2.o(.ARM.Collect$$rtentry$$0000000D)
    __rt_entry_postli_1                      0x000003ff   Thumb Code     0  __rtentry2.o(.ARM.Collect$$rtentry$$0000000C)
    __rt_exit                                0x00000407   Thumb Code     0  rtexit.o(.ARM.Collect$$rtexit$$00000000)
    __rt_exit_ls                             0x00000409   Thumb Code     0  rtexit2.o(.ARM.Collect$$rtexit$$00000003)
    __rt_exit_prels_1                        0x00000409   Thumb Code     0  rtexit2.o(.ARM.Collect$$rtexit$$00000002)
    __rt_exit_exit                           0x0000040d   Thumb Code     0  rtexit2.o(.ARM.Collect$$rtexit$$00000004)
    SysCtlDelay                              0x00000415   Thumb Code     6  sysctl.o(.emb_text)
    CPUcpsid                                 0x0000041d   Thumb Code     8  cpu.o(.emb_text)
    CPUprimask                               0x00000425   Thumb Code     6  cpu.o(.emb_text)
    CPUcpsie                                 0x0000042b   Thumb Code     8  cpu.o(.emb_text)
    CPUwfi                                   0x00000433   Thumb Code     4  cpu.o(.emb_text)
    CPUbasepriSet                            0x00000437   Thumb Code     6  cpu.o(.emb_text)
    CPUbasepriGet                            0x0000043d   Thumb Code     6  cpu.o(.emb_text)
    __user_initial_stackheap                 0x00000445   Thumb Code     0  startup_rvmdk.o(.text)
    vsprintf                                 0x00000461   Thumb Code    32  vsprintf.o(.text)
    strlen                                   0x00000485   Thumb Code    62  strlen.o(.text)
    __aeabi_memcpy                           0x000004c3   Thumb Code     0  rt_memcpy_v6.o(.text)
    __rt_memcpy                              0x000004c3   Thumb Code   138  rt_memcpy_v6.o(.text)
    _memcpy_lastbytes                        0x00000529   Thumb Code     0  rt_memcpy_v6.o(.text)
    __aeabi_memcpy4                          0x0000054d   Thumb Code     0  rt_memcpy_w.o(.text)
    __aeabi_memcpy8                          0x0000054d   Thumb Code     0  rt_memcpy_w.o(.text)
    __rt_memcpy_w                            0x0000054d   Thumb Code   100  rt_memcpy_w.o(.text)
    _memcpy_lastbytes_aligned                0x00000595   Thumb Code     0  rt_memcpy_w.o(.text)
    __aeabi_memclr4                          0x000005b1   Thumb Code     0  rt_memclr_w.o(.text)
    __aeabi_memclr8                          0x000005b1   Thumb Code     0  rt_memclr_w.o(.text)
    __rt_memclr_w                            0x000005b1   Thumb Code    78  rt_memclr_w.o(.text)
    _memset_w                                0x000005b5   Thumb Code     0  rt_memclr_w.o(.text)
    __use_two_region_memory                  0x000005ff   Thumb Code     2  heapauxi.o(.text)
    __rt_heap_escrow$2region                 0x00000601   Thumb Code     2  heapauxi.o(.text)
    __rt_heap_expand$2region                 0x00000603   Thumb Code     2  heapauxi.o(.text)
    _printf_pre_padding                      0x00000605   Thumb Code    44  _printf_pad.o(.text)
    _printf_post_padding                     0x00000631   Thumb Code    34  _printf_pad.o(.text)
    _printf_truncate_signed                  0x00000653   Thumb Code    18  _printf_truncate.o(.text)
    _printf_truncate_unsigned                0x00000665   Thumb Code    18  _printf_truncate.o(.text)
    _printf_str                              0x00000677   Thumb Code    82  _printf_str.o(.text)
    _printf_int_dec                          0x000006c9   Thumb Code   104  _printf_dec.o(.text)
    _printf_charcount                        0x00000741   Thumb Code    40  _printf_charcount.o(.text)
    _printf_char_common                      0x00000773   Thumb Code    32  _printf_char_common.o(.text)
    _sputc                                   0x00000799   Thumb Code    10  _sputc.o(.text)
    _printf_wctomb                           0x000007a5   Thumb Code   182  _printf_wctomb.o(.text)
    _printf_longlong_dec                     0x00000861   Thumb Code   108  _printf_longlong_dec.o(.text)
    _printf_longlong_oct                     0x000008dd   Thumb Code    68  _printf_oct_int_ll.o(.text)
    _printf_int_oct                          0x00000921   Thumb Code    24  _printf_oct_int_ll.o(.text)
    _printf_ll_oct                           0x00000939   Thumb Code    12  _printf_oct_int_ll.o(.text)
    _printf_longlong_hex                     0x0000094d   Thumb Code    86  _printf_hex_int_ll_ptr.o(.text)
    _printf_int_hex                          0x000009a3   Thumb Code    28  _printf_hex_int_ll_ptr.o(.text)
    _printf_ll_hex                           0x000009bf   Thumb Code    12  _printf_hex_int_ll_ptr.o(.text)
    _printf_hex_ptr                          0x000009cb   Thumb Code    18  _printf_hex_int_ll_ptr.o(.text)
    __printf                                 0x000009e1   Thumb Code   388  __printf_flags_ss_wp.o(.text)
    _ll_udiv10                               0x00000b69   Thumb Code   138  lludiv10.o(.text)
    _printf_int_common                       0x00000bf3   Thumb Code   178  _printf_intcommon.o(.text)
    __lib_sel_fp_printf                      0x00000ca5   Thumb Code     2  _printf_fp_dec.o(.text)
    _printf_fp_dec_real                      0x00000e53   Thumb Code   620  _printf_fp_dec.o(.text)
    _printf_fp_hex_real                      0x000010c1   Thumb Code   754  _printf_fp_hex.o(.text)
    _printf_cs_common                        0x000013bd   Thumb Code    20  _printf_char.o(.text)
    _printf_char                             0x000013d1   Thumb Code    16  _printf_char.o(.text)
    _printf_string                           0x000013e1   Thumb Code     8  _printf_char.o(.text)
    _printf_lcs_common                       0x000013e9   Thumb Code    20  _printf_wchar.o(.text)
    _printf_wchar                            0x000013fd   Thumb Code    16  _printf_wchar.o(.text)
    _printf_wstring                          0x0000140d   Thumb Code     8  _printf_wchar.o(.text)
    _wcrtomb                                 0x00001415   Thumb Code    64  _wcrtomb.o(.text)
    __user_setup_stackheap                   0x00001455   Thumb Code    74  sys_stackheap_outer.o(.text)
    __rt_ctype_table                         0x000014a1   Thumb Code    16  rt_ctype_table.o(.text)
    __rt_locale                              0x000014b1   Thumb Code     8  rt_locale_intlibspace.o(.text)
    _printf_fp_infnan                        0x000014b9   Thumb Code   112  _printf_fp_infnan.o(.text)
    _btod_etento                             0x00001539   Thumb Code   216  bigflt0.o(.text)
    exit                                     0x00001615   Thumb Code    12  exit.o(.text)
    __user_libspace                          0x00001621   Thumb Code     8  libspace.o(.text)
    __user_perproc_libspace                  0x00001621   Thumb Code     0  libspace.o(.text)
    __user_perthread_libspace                0x00001621   Thumb Code     0  libspace.o(.text)
    strcmp                                   0x00001629   Thumb Code   128  strcmpv7m.o(.text)
    _sys_exit                                0x000016a9   Thumb Code     8  sys_exit.o(.text)
    __I$use$semihosting                      0x000016b5   Thumb Code     0  use_no_semi.o(.text)
    __use_no_semihosting_swi                 0x000016b5   Thumb Code     2  use_no_semi.o(.text)
    __semihosting_library_function           0x000016b7   Thumb Code     0  indicate_semi.o(.text)
    _btod_d2e                                0x000016b7   Thumb Code    62  btod.o(CL$$btod_d2e)
    _d2e_denorm_low                          0x000016f5   Thumb Code    70  btod.o(CL$$btod_d2e_denorm_low)
    _d2e_norm_op1                            0x0000173b   Thumb Code    96  btod.o(CL$$btod_d2e_norm_op1)
    __btod_div_common                        0x0000179b   Thumb Code   696  btod.o(CL$$btod_div_common)
    _e2e                                     0x00001ad3   Thumb Code   198  btod.o(CL$$btod_e2e)
    _btod_ediv                               0x00001b99   Thumb Code    40  btod.o(CL$$btod_ediv)
    _btod_emul                               0x00001bc1   Thumb Code    40  btod.o(CL$$btod_emul)
    __btod_mult_common                       0x00001be9   Thumb Code   580  btod.o(CL$$btod_mult_common)
    ADCHardwareOversampleConfigure           0x00001e2d   Thumb Code    18  adc.o(i.ADCHardwareOversampleConfigure)
    ADCIntClear                              0x00001e3f   Thumb Code    10  adc.o(i.ADCIntClear)
    ADCIntEnable                             0x00001e49   Thumb Code    16  adc.o(i.ADCIntEnable)
    ADCIntRegister                           0x00001e59   Thumb Code    84  adc.o(i.ADCIntRegister)
    ADCProcessorTrigger                      0x00001eb5   Thumb Code    26  adc.o(i.ADCProcessorTrigger)
    ADCSequenceConfigure                     0x00001ecf   Thumb Code    78  adc.o(i.ADCSequenceConfigure)
    ADCSequenceDataGet                       0x00001f1d   Thumb Code    36  adc.o(i.ADCSequenceDataGet)
    ADCSequenceEnable                        0x00001f41   Thumb Code    14  adc.o(i.ADCSequenceEnable)
    ADCSequenceStepConfigure                 0x00001f4f   Thumb Code   154  adc.o(i.ADCSequenceStepConfigure)
    Add_Matrix                               0x00001fe9   Thumb Code   170  estimation_position.o(i.Add_Matrix)
    BattSenseISR                             0x0000209d   Thumb Code   120  battery.o(i.BattSenseISR)
    BattSenseTimerTimeout                    0x00002135   Thumb Code    14  battery.o(i.BattSenseTimerTimeout)
    BattSense_init                           0x00002149   Thumb Code    40  battery.o(i.BattSense_init)
    ButtonHandler                            0x00002305   Thumb Code   196  main.o(i.ButtonHandler)
    ButtonRegisterCallback                   0x000023d9   Thumb Code    30  button.o(i.ButtonRegisterCallback)
    ButtonRightHandler                       0x00002401   Thumb Code   292  main.o(i.ButtonRightHandler)
    Button_init                              0x0000252d   Thumb Code   114  button.o(i.Button_init)
    Config_System                            0x000027f1   Thumb Code    78  systemconfig.o(i.Config_System)
    Control_initialize                       0x00002851   Thumb Code    10  control_initialize.o(i.Control_initialize)
    Divide_Matrix_Vector                     0x0000285d   Thumb Code   150  estimation_position.o(i.Divide_Matrix_Vector)
    EEPROMInit                               0x000028fd   Thumb Code    60  eeprom.o(i.EEPROMInit)
    EEPROMProgram                            0x00002941   Thumb Code   334  eeprom.o(i.EEPROMProgram)
    EEPROMRead                               0x00002aa5   Thumb Code    48  eeprom.o(i.EEPROMRead)
    EEPROMReadWords                          0x00002ad9   Thumb Code    50  eeprom.o(i.EEPROMReadWords)
    EEPROMWrite                              0x00002b0b   Thumb Code    50  eeprom.o(i.EEPROMWrite)
    EEPROM_Init                              0x00002b3d   Thumb Code    14  eeprom.o(i.EEPROM_Init)
    Estimation_Algorithm                     0x00002b51   Thumb Code  1334  estimation_position.o(i.Estimation_Algorithm)
    FPUEnable                                0x000030a9   Thumb Code    12  fpu.o(i.FPUEnable)
    FPULazyStackingEnable                    0x000030b9   Thumb Code    12  fpu.o(i.FPULazyStackingEnable)
    GPIODirModeSet                           0x000030c9   Thumb Code    40  gpio.o(i.GPIODirModeSet)
    GPIOIntClear                             0x000030f1   Thumb Code     6  gpio.o(i.GPIOIntClear)
    GPIOIntEnable                            0x000030f7   Thumb Code    12  gpio.o(i.GPIOIntEnable)
    GPIOIntRegister                          0x00003105   Thumb Code    70  gpio.o(i.GPIOIntRegister)
    GPIOIntStatus                            0x0000315d   Thumb Code    14  gpio.o(i.GPIOIntStatus)
    GPIOIntTypeSet                           0x0000316b   Thumb Code    80  gpio.o(i.GPIOIntTypeSet)
    GPIOPadConfigSet                         0x000031bb   Thumb Code   312  gpio.o(i.GPIOPadConfigSet)
    GPIOPinConfigure                         0x000032f5   Thumb Code    60  gpio.o(i.GPIOPinConfigure)
    GPIOPinRead                              0x00003339   Thumb Code     6  gpio.o(i.GPIOPinRead)
    GPIOPinTypeADC                           0x0000333f   Thumb Code    28  gpio.o(i.GPIOPinTypeADC)
    GPIOPinTypeGPIOInput                     0x0000335b   Thumb Code    28  gpio.o(i.GPIOPinTypeGPIOInput)
    GPIOPinTypeGPIOOutput                    0x00003377   Thumb Code    28  gpio.o(i.GPIOPinTypeGPIOOutput)
    GPIOPinTypeQEI                           0x00003393   Thumb Code    28  gpio.o(i.GPIOPinTypeQEI)
    GPIOPinTypeTimer                         0x000033af   Thumb Code    28  gpio.o(i.GPIOPinTypeTimer)
    GPIOPinTypeUART                          0x000033cb   Thumb Code    28  gpio.o(i.GPIOPinTypeUART)
    GPIOPinWrite                             0x000033e7   Thumb Code     6  gpio.o(i.GPIOPinWrite)
    HC05_ClearEvtQueue                       0x000033ed   Thumb Code    26  bluetooth.o(i.HC05_ClearEvtQueue)
    HC05_GetRxData                           0x00003419   Thumb Code    52  bluetooth.o(i.HC05_GetRxData)
    HC05_GetRxSize                           0x00003451   Thumb Code     6  bluetooth.o(i.HC05_GetRxSize)
    HC05_GetSystemInfoID                     0x0000345d   Thumb Code     6  bluetooth.o(i.HC05_GetSystemInfoID)
    HC05_GetSystemInfoType                   0x00003469   Thumb Code     6  bluetooth.o(i.HC05_GetSystemInfoType)
    HC05_HandleTimeoutEvt                    0x00003475   Thumb Code    10  bluetooth.o(i.HC05_HandleTimeoutEvt)
    HC05_QueryRxData                         0x00003539   Thumb Code    16  bluetooth.o(i.HC05_QueryRxData)
    HC05_RegisterEvtNotify                   0x0000354d   Thumb Code    34  bluetooth.o(i.HC05_RegisterEvtNotify)
    HC05_RunTimeout                          0x00003575   Thumb Code    18  bluetooth.o(i.HC05_RunTimeout)
    HostCommHandler_Init                     0x000035c5   Thumb Code   100  hostcommhandler.o(i.HostCommHandler_Init)
    HostComm_DevGenMsgId                     0x000037e5   Thumb Code    26  hostcomm.o(i.HostComm_DevGenMsgId)
    HostComm_Dev_FindRespListIndex           0x00003805   Thumb Code    42  hostcomm.o(i.HostComm_Dev_FindRespListIndex)
    HostComm_Dev_FreeRespListIndex           0x00003835   Thumb Code    14  hostcomm.o(i.HostComm_Dev_FreeRespListIndex)
    HostComm_Dev_GetFreeRespListIndex        0x00003849   Thumb Code    36  hostcomm.o(i.HostComm_Dev_GetFreeRespListIndex)
    HostComm_Dev_HandleRxMsg                 0x00003871   Thumb Code   158  hostcomm.o(i.HostComm_Dev_HandleRxMsg)
    HostComm_Dev_RegisterCallback            0x00003919   Thumb Code    44  hostcomm.o(i.HostComm_Dev_RegisterCallback)
    HostComm_Dev_SendEvent                   0x00003949   Thumb Code   134  hostcomm.o(i.HostComm_Dev_SendEvent)
    HostComm_Dev_SendMsg                     0x000039dd   Thumb Code   110  hostcomm.o(i.HostComm_Dev_SendMsg)
    HostComm_Dev_UpdateWaitRespList          0x00003a59   Thumb Code    76  hostcomm.o(i.HostComm_Dev_UpdateWaitRespList)
    HostComm_HandleBluetoothEvent            0x00003aa9   Thumb Code    70  hostcomm.o(i.HostComm_HandleBluetoothEvent)
    HostComm_HandleRxData                    0x00003af9   Thumb Code   246  hostcomm.o(i.HostComm_HandleRxData)
    HostComm_HandleRxMsgData                 0x00003c01   Thumb Code   138  hostcomm.o(i.HostComm_HandleRxMsgData)
    HostComm_Init                            0x00003c8d   Thumb Code    36  hostcomm.o(i.HostComm_Init)
    HostComm_SetDeviceId                     0x00003cb5   Thumb Code     6  hostcomm.o(i.HostComm_SetDeviceId)
    HostComm_SetServerId                     0x00003cc1   Thumb Code     6  hostcomm.o(i.HostComm_SetServerId)
    HostComm_calcCheckSum                    0x00003ccd   Thumb Code    26  hostcomm.o(i.HostComm_calcCheckSum)
    IRDetector_init                          0x00003ce9   Thumb Code   136  ir.o(i.IRDetector_init)
    IR_GetIrDetectorValue                    0x00003ead   Thumb Code    20  ir.o(i.IR_GetIrDetectorValue)
    IR_set_calib_value                       0x00003fc5   Thumb Code   212  ir.o(i.IR_set_calib_value)
    Initial_Condition_Position               0x00004189   Thumb Code   202  str_position.o(i.Initial_Condition_Position)
    IntEnable                                0x0000427d   Thumb Code    92  interrupt.o(i.IntEnable)
    IntMasterEnable                          0x000042e1   Thumb Code    14  interrupt.o(i.IntMasterEnable)
    IntRegister                              0x000042f1   Thumb Code    44  interrupt.o(i.IntRegister)
    LED_Display_init                         0x00004325   Thumb Code    86  systemconfig.o(i.LED_Display_init)
    Model_Position                           0x00004385   Thumb Code  1970  str_position.o(i.Model_Position)
    Multiply_Matrix                          0x00004b69   Thumb Code   250  estimation_position.o(i.Multiply_Matrix)
    Multiply_Matrix_Vector                   0x00004c7d   Thumb Code   150  estimation_position.o(i.Multiply_Matrix_Vector)
    QEIConfigure                             0x00004dad   Thumb Code    14  qei.o(i.QEIConfigure)
    QEIDirectionGet                          0x00004dbb   Thumb Code    16  qei.o(i.QEIDirectionGet)
    QEIEnable                                0x00004dcb   Thumb Code    10  qei.o(i.QEIEnable)
    QEIIntClear                              0x00004dd5   Thumb Code     4  qei.o(i.QEIIntClear)
    QEIIntEnable                             0x00004dd9   Thumb Code     8  qei.o(i.QEIIntEnable)
    QEIIntRegister                           0x00004de1   Thumb Code    76  qei.o(i.QEIIntRegister)
    QEIIntStatus                             0x00004e39   Thumb Code    10  qei.o(i.QEIIntStatus)
    QEIPositionGet                           0x00004e43   Thumb Code     4  qei.o(i.QEIPositionGet)
    QEIPositionSet                           0x00004e47   Thumb Code     4  qei.o(i.QEIPositionSet)
    QEIVelocityConfigure                     0x00004e4b   Thumb Code    16  qei.o(i.QEIVelocityConfigure)
    QEIVelocityEnable                        0x00004e5b   Thumb Code    10  qei.o(i.QEIVelocityEnable)
    QEIVelocityGet                           0x00004e65   Thumb Code     4  qei.o(i.QEIVelocityGet)
    SetPWM                                   0x00004ecd   Thumb Code    78  speed_control.o(i.SetPWM)
    Sub_Matrix                               0x00004f1d   Thumb Code   170  estimation_position.o(i.Sub_Matrix)
    SysCtlClockGet                           0x00004fd1   Thumb Code   314  sysctl.o(i.SysCtlClockGet)
    SysCtlClockSet                           0x00005135   Thumb Code   270  sysctl.o(i.SysCtlClockSet)
    SysCtlPeripheralEnable                   0x00005255   Thumb Code    36  sysctl.o(i.SysCtlPeripheralEnable)
    SysCtlPeripheralReset                    0x0000527d   Thumb Code    56  sysctl.o(i.SysCtlPeripheralReset)
    SysTickEnable                            0x000052b9   Thumb Code    14  systick.o(i.SysTickEnable)
    SysTickIntEnable                         0x000052c7   Thumb Code    14  systick.o(i.SysTickIntEnable)
    SysTickIntRegister                       0x000052e5   Thumb Code    24  systick.o(i.SysTickIntRegister)
    SysTickPeriodSet                         0x000052fd   Thumb Code    10  systick.o(i.SysTickPeriodSet)
    TIMER_ISR                                0x00005309   Thumb Code    94  timer.o(i.TIMER_ISR)
    TIMER_RegisterEvent                      0x00005371   Thumb Code    62  timer.o(i.TIMER_RegisterEvent)
    TIMER_UnregisterEvent                    0x000053b5   Thumb Code    28  timer.o(i.TIMER_UnregisterEvent)
    TimerConfigure                           0x000053d5   Thumb Code    88  timer.o(i.TimerConfigure)
    TimerControlLevel                        0x00005435   Thumb Code    22  timer.o(i.TimerControlLevel)
    TimerControlStall                        0x0000544b   Thumb Code    22  timer.o(i.TimerControlStall)
    TimerEnable                              0x00005461   Thumb Code    14  timer.o(i.TimerEnable)
    TimerIntClear                            0x0000546f   Thumb Code     4  timer.o(i.TimerIntClear)
    TimerIntEnable                           0x00005473   Thumb Code     8  timer.o(i.TimerIntEnable)
    TimerIntRegister                         0x0000547d   Thumb Code    88  timer.o(i.TimerIntRegister)
    TimerLoadSet                             0x000054e5   Thumb Code    18  timer.o(i.TimerLoadSet)
    TimerMatchSet                            0x000054f7   Thumb Code    18  timer.o(i.TimerMatchSet)
    TimerPrescaleSet                         0x00005509   Thumb Code    18  timer.o(i.TimerPrescaleSet)
    Timer_Init                               0x0000551d   Thumb Code    90  timer.o(i.Timer_Init)
    Tranpose_Matrix                          0x00005585   Thumb Code   184  estimation_position.o(i.Tranpose_Matrix)
    UARTCharGet                              0x0000564d   Thumb Code    12  uart.o(i.UARTCharGet)
    UARTCharPutNonBlocking                   0x00005659   Thumb Code    16  uart.o(i.UARTCharPutNonBlocking)
    UARTCharsAvail                           0x00005669   Thumb Code    10  uart.o(i.UARTCharsAvail)
    UARTConfigSetExpClk                      0x00005673   Thumb Code   110  uart.o(i.UARTConfigSetExpClk)
    UARTIntClear                             0x000056e1   Thumb Code     4  uart.o(i.UARTIntClear)
    UARTIntEnable                            0x000056e5   Thumb Code     8  uart.o(i.UARTIntEnable)
    UARTIntRegister                          0x000056ed   Thumb Code    70  uart.o(i.UARTIntRegister)
    UARTIntStatus                            0x00005745   Thumb Code    10  uart.o(i.UARTIntStatus)
    UARTTxIntModeSet                         0x0000574f   Thumb Code    12  uart.o(i.UARTTxIntModeSet)
    __ARM_fpclassify                         0x0000575b   Thumb Code    48  fpclassify.o(i.__ARM_fpclassify)
    _is_digit                                0x0000578b   Thumb Code    14  __printf_wp.o(i._is_digit)
    bluetooth_init                           0x000057d5   Thumb Code    94  bluetooth.o(i.bluetooth_init)
    bluetooth_print                          0x00005845   Thumb Code    62  bluetooth.o(i.bluetooth_print)
    bluetooth_send                           0x00005885   Thumb Code   126  bluetooth.o(i.bluetooth_send)
    button_SetDebounceTime                   0x00005931   Thumb Code    18  button.o(i.button_SetDebounceTime)
    buzzer_init                              0x000059a9   Thumb Code    76  buzzer.o(i.buzzer_init)
    buzzer_low_batterry_notify               0x00005a0d   Thumb Code    32  buzzer.o(i.buzzer_low_batterry_notify)
    buzzer_low_battery_shutdown              0x00005a35   Thumb Code    32  buzzer.o(i.buzzer_low_battery_shutdown)
    buzzer_on                                0x00005a5d   Thumb Code    22  buzzer.o(i.buzzer_on)
    buzzer_setsound                          0x00005a8d   Thumb Code    70  buzzer.o(i.buzzer_setsound)
    ir_GetParam                              0x00005ad9   Thumb Code    26  ir.o(i.ir_GetParam)
    ir_SetParam                              0x00005b19   Thumb Code    26  ir.o(i.ir_SetParam)
    main                                     0x00005b59   Thumb Code   130  main.o(i.main)
    param_Get                                0x00005bf9   Thumb Code    68  parameters.o(i.param_Get)
    param_Set                                0x00005c41   Thumb Code    68  parameters.o(i.param_Set)
    param_init                               0x00005c89   Thumb Code    12  parameters.o(i.param_init)
    pid_Wallfollow_init                      0x00005cd9   Thumb Code    48  wallfollow.o(i.pid_Wallfollow_init)
    pid_Wallfollow_set_follow                0x00005d15   Thumb Code     6  wallfollow.o(i.pid_Wallfollow_set_follow)
    pid_get_parameters                       0x00005d21   Thumb Code    16  pid.o(i.pid_get_parameters)
    pid_init                                 0x00005d35   Thumb Code    34  pid.o(i.pid_init)
    pid_set_parameters                       0x00005d5d   Thumb Code    48  pid.o(i.pid_set_parameters)
    position_Control_Init                    0x00005d91   Thumb Code    62  positioncontrol.o(i.position_Control_Init)
    position_Control_Process                 0x00005dd9   Thumb Code   570  positioncontrol.o(i.position_Control_Process)
    qei_Get_Position                         0x000060e9   Thumb Code    22  qei.o(i.qei_Get_Position)
    qei_Set_Position                         0x00006109   Thumb Code    28  qei.o(i.qei_Set_Position)
    qei_init                                 0x0000612d   Thumb Code   256  qei.o(i.qei_init)
    rtGetInf                                 0x00006269   Thumb Code   138  rtgetinf.o(i.rtGetInf)
    rtGetInfF                                0x00006301   Thumb Code    14  rtgetinf.o(i.rtGetInfF)
    rtGetMinusInf                            0x00006311   Thumb Code   138  rtgetinf.o(i.rtGetMinusInf)
    rtGetMinusInfF                           0x000063a9   Thumb Code    12  rtgetinf.o(i.rtGetMinusInfF)
    rtGetNaN                                 0x000063b9   Thumb Code   142  rtgetnan.o(i.rtGetNaN)
    rtGetNaNF                                0x00006455   Thumb Code    56  rtgetnan.o(i.rtGetNaNF)
    rt_InitInfAndNaN                         0x00006491   Thumb Code    66  rt_nonfinite.o(i.rt_InitInfAndNaN)
    speed_Enable_Hbridge                     0x000064ed   Thumb Code    50  speed_control.o(i.speed_Enable_Hbridge)
    speed_control_init                       0x00006525   Thumb Code   454  speed_control.o(i.speed_control_init)
    speed_control_save_STR                   0x00006735   Thumb Code   400  speed_control.o(i.speed_control_save_STR)
    speed_set                                0x000068f5   Thumb Code    52  speed_control.o(i.speed_set)
    system_GetState                          0x000069b9   Thumb Code     6  systemconfig.o(i.system_GetState)
    system_SetState                          0x000069c5   Thumb Code     6  systemconfig.o(i.system_SetState)
    u32_UsrSystemClockGet                    0x000069fd   Thumb Code     6  systemconfig.o(i.u32_UsrSystemClockGet)
    vIR_BattSenseTrigger                     0x00006a09   Thumb Code     8  ir.o(i.vIR_BattSenseTrigger)
    vIR_BatteryIntRegister                   0x00006a15   Thumb Code     6  ir.o(i.vIR_BatteryIntRegister)
    vIR_Battery_ADCGet                       0x00006a21   Thumb Code     6  ir.o(i.vIR_Battery_ADCGet)
    _get_lc_numeric                          0x00006a41   Thumb Code    44  lc_numeric_c.o(locale$$code)
    _get_lc_ctype                            0x00006a6d   Thumb Code    44  lc_ctype_c.o(locale$$code)
    __aeabi_dneg                             0x00006a99   Thumb Code     0  basic.o(x$fpl$basic)
    _dneg                                    0x00006a99   Thumb Code     6  basic.o(x$fpl$basic)
    __aeabi_fneg                             0x00006a9f   Thumb Code     0  basic.o(x$fpl$basic)
    _fneg                                    0x00006a9f   Thumb Code     6  basic.o(x$fpl$basic)
    _dabs                                    0x00006aa5   Thumb Code     6  basic.o(x$fpl$basic)
    _fabs                                    0x00006aab   Thumb Code     6  basic.o(x$fpl$basic)
    __aeabi_d2f                              0x00006ab1   Thumb Code     0  d2f.o(x$fpl$d2f)
    _d2f                                     0x00006ab1   Thumb Code    98  d2f.o(x$fpl$d2f)
    __aeabi_dadd                             0x00006b15   Thumb Code     0  daddsub_clz.o(x$fpl$dadd)
    _dadd                                    0x00006b15   Thumb Code   332  daddsub_clz.o(x$fpl$dadd)
    __fpl_dcmp_Inf                           0x00006c65   Thumb Code    24  dcmpi.o(x$fpl$dcmpinf)
    __aeabi_ddiv                             0x00006c7d   Thumb Code     0  ddiv.o(x$fpl$ddiv)
    _ddiv                                    0x00006c7d   Thumb Code   552  ddiv.o(x$fpl$ddiv)
    __aeabi_cdcmpeq                          0x00006f2d   Thumb Code     0  deqf.o(x$fpl$deqf)
    _dcmpeq                                  0x00006f2d   Thumb Code   120  deqf.o(x$fpl$deqf)
    __aeabi_d2iz                             0x00006fa5   Thumb Code     0  dfix.o(x$fpl$dfix)
    _dfix                                    0x00006fa5   Thumb Code    94  dfix.o(x$fpl$dfix)
    __aeabi_i2d                              0x00007003   Thumb Code     0  dflt_clz.o(x$fpl$dflt)
    _dflt                                    0x00007003   Thumb Code    46  dflt_clz.o(x$fpl$dflt)
    __aeabi_cdcmple                          0x00007031   Thumb Code     0  dleqf.o(x$fpl$dleqf)
    _dcmple                                  0x00007031   Thumb Code   120  dleqf.o(x$fpl$dleqf)
    __fpl_dcmple_InfNaN                      0x00007093   Thumb Code     0  dleqf.o(x$fpl$dleqf)
    __aeabi_dmul                             0x000070a9   Thumb Code     0  dmul.o(x$fpl$dmul)
    _dmul                                    0x000070a9   Thumb Code   332  dmul.o(x$fpl$dmul)
    __fpl_dnaninf                            0x000071fd   Thumb Code   156  dnaninf.o(x$fpl$dnaninf)
    __fpl_dretinf                            0x00007299   Thumb Code    12  dretinf.o(x$fpl$dretinf)
    __aeabi_cdrcmple                         0x000072a5   Thumb Code     0  drleqf.o(x$fpl$drleqf)
    _drcmple                                 0x000072a5   Thumb Code   108  drleqf.o(x$fpl$drleqf)
    __aeabi_dsub                             0x00007311   Thumb Code     0  daddsub_clz.o(x$fpl$dsub)
    _dsub                                    0x00007311   Thumb Code   464  daddsub_clz.o(x$fpl$dsub)
    __aeabi_f2d                              0x000074e5   Thumb Code     0  f2d.o(x$fpl$f2d)
    _f2d                                     0x000074e5   Thumb Code    86  f2d.o(x$fpl$f2d)
    __fpl_fnaninf                            0x0000753b   Thumb Code   140  fnaninf.o(x$fpl$fnaninf)
    _fp_init                                 0x000075c7   Thumb Code    10  fpinit.o(x$fpl$fpinit)
    __fplib_config_fpu_vfp                   0x000075cf   Thumb Code     0  fpinit.o(x$fpl$fpinit)
    __fplib_config_pureend_doubles           0x000075cf   Thumb Code     0  fpinit.o(x$fpl$fpinit)
    __fpl_fretinf                            0x000075d1   Thumb Code    10  fretinf.o(x$fpl$fretinf)
    _printf_fp_dec                           0x000075db   Thumb Code     4  printf1.o(x$fpl$printf1)
    _printf_fp_hex                           0x000075df   Thumb Code     4  printf2.o(x$fpl$printf2)
    __I$use$fp                               0x000075e2   Number         0  usenofp.o(x$fpl$usenofp)
    Region$$Table$$Base                      0x00007d18   Number         0  anon$$obj.o(Region$$Table)
    Region$$Table$$Limit                     0x00007d38   Number         0  anon$$obj.o(Region$$Table)
    __ctype                                  0x00007d61   Data           0  lc_ctype_c.o(locale$$data)
    BatteryVoltage                           0x20000004   Data           4  battery.o(.data)
    hc05_evt_w_index                         0x20000008   Data           1  bluetooth.o(.data)
    hc05_evt_r_index                         0x20000009   Data           1  bluetooth.o(.data)
    hc05_IsEvtQueueFull                      0x2000000a   Data           1  bluetooth.o(.data)
    ADC_Battery_ISR                          0x20000024   Data           4  ir.o(.data)
    rtInf                                    0x20000050   Data           8  rt_nonfinite.o(.data)
    rtMinusInf                               0x20000058   Data           8  rt_nonfinite.o(.data)
    rtNaN                                    0x20000060   Data           8  rt_nonfinite.o(.data)
    rtInfF                                   0x20000068   Data           4  rt_nonfinite.o(.data)
    rtMinusInfF                              0x2000006c   Data           4  rt_nonfinite.o(.data)
    rtNaNF                                   0x20000070   Data           4  rt_nonfinite.o(.data)
    i                                        0x20000158   Data           4  estimation_position.o(.data)
    j                                        0x2000015c   Data           4  estimation_position.o(.data)
    k                                        0x20000160   Data           4  estimation_position.o(.data)
    s0                                       0x20000190   Data           8  str_position.o(.data)
    s1                                       0x20000198   Data           8  str_position.o(.data)
    s2                                       0x200001a0   Data           8  str_position.o(.data)
    t0                                       0x200001a8   Data           8  str_position.o(.data)
    t1                                       0x200001b0   Data           8  str_position.o(.data)
    t2                                       0x200001b8   Data           8  str_position.o(.data)
    r1                                       0x200001c0   Data           8  str_position.o(.data)
    r2                                       0x200001c8   Data           8  str_position.o(.data)
    HostComm_CurrentAction                   0x200001dd   Data           1  hostcomm.o(.data)
    HostComm_Dev_EventList                   0x200001e0   Data          24  hostcomm.o(.data)
    HostComm_DevCallbacks                    0x200001f8   Data         252  hostcomm.o(.data)
    AppDisconnectedCallback                  0x200002f4   Data           4  hostcomm.o(.data)
    AppConnectedCallback                     0x200002f8   Data           4  hostcomm.o(.data)
    HostComm_SplitRemainRx                   0x200002fc   Data           4  hostcomm.o(.data)
    HostComm_SplitRxSize                     0x20000300   Data           4  hostcomm.o(.data)
    StartRobotTimID                          0x2000030d   Data           1  hostcommhandler.o(.data)
    hc05_EvtQueue                            0x2000066c   Data          10  bluetooth.o(.bss)
    HC05_Notify_Callbacks                    0x20000678   Data          20  bluetooth.o(.bss)
    timer_event_list                         0x2000129c   Data         120  timer.o(.bss)
    adb_Error1                               0x20002318   Data          40  estimation_position.o(.bss)
    ai32_SetPoint1                           0x20002340   Data          16  estimation_position.o(.bss)
    ai32_Position1                           0x20002350   Data          32  estimation_position.o(.bss)
    adb_output1                              0x20002370   Data          64  estimation_position.o(.bss)
    adb_Error2                               0x200023b0   Data          40  estimation_position.o(.bss)
    ai32_SetPoint2                           0x200023d8   Data          16  estimation_position.o(.bss)
    ai32_Position2                           0x200023e8   Data          32  estimation_position.o(.bss)
    adb_output2                              0x20002408   Data          64  estimation_position.o(.bss)
    theta1                                   0x20002c28   Data         288  str_position.o(.bss)
    P1                                       0x20002d48   Data         288  str_position.o(.bss)
    theta2                                   0x20002e68   Data         288  str_position.o(.bss)
    P2                                       0x20002f88   Data         288  str_position.o(.bss)
    HostComm_SplitRxMsg                      0x20003660   Data        2048  hostcomm.o(.bss)
    __libspace_start                         0x20003f50   Data          96  libspace.o(.bss)
    __temporary_stack_top$libspace           0x20003fb0   Data           0  libspace.o(.bss)



==============================================================================

Memory Map of the image

  Image Entry point : 0x00000289

  Load Region LR_IROM1 (Base: 0x00000000, Size: 0x000084d0, Max: 0x00040000, ABSOLUTE, COMPRESSED[0x00007eec])

    Execution Region ER_IROM1 (Base: 0x00000000, Size: 0x00007e64, Max: 0x00040000, ABSOLUTE)

    Base Addr    Size         Type   Attr      Idx    E Section Name        Object

    0x00000000   0x00000288   Code   RO            3    RESET               startup_rvmdk.o
    0x00000288   0x00000008   Code   RO         3696  * !!!main             c_w.l(__main.o)
    0x00000290   0x00000034   Code   RO         4064    !!!scatter          c_w.l(__scatter.o)
    0x000002c4   0x0000005a   Code   RO         4062    !!dczerorl2         c_w.l(__dczerorl2.o)
    0x0000031e   0x00000002   PAD
    0x00000320   0x0000001c   Code   RO         4066    !!handler_zi        c_w.l(__scatter_zi.o)
    0x0000033c   0x00000000   Code   RO         3814    .ARM.Collect$$_printf_percent$$00000000  c_w.l(_printf_percent.o)
    0x0000033c   0x00000006   Code   RO         3803    .ARM.Collect$$_printf_percent$$00000001  c_w.l(_printf_n.o)
    0x00000342   0x00000006   Code   RO         3805    .ARM.Collect$$_printf_percent$$00000002  c_w.l(_printf_p.o)
    0x00000348   0x00000006   Code   RO         3810    .ARM.Collect$$_printf_percent$$00000003  c_w.l(_printf_f.o)
    0x0000034e   0x00000006   Code   RO         3811    .ARM.Collect$$_printf_percent$$00000004  c_w.l(_printf_e.o)
    0x00000354   0x00000006   Code   RO         3812    .ARM.Collect$$_printf_percent$$00000005  c_w.l(_printf_g.o)
    0x0000035a   0x00000006   Code   RO         3813    .ARM.Collect$$_printf_percent$$00000006  c_w.l(_printf_a.o)
    0x00000360   0x0000000a   Code   RO         3818    .ARM.Collect$$_printf_percent$$00000007  c_w.l(_printf_ll.o)
    0x0000036a   0x00000006   Code   RO         3807    .ARM.Collect$$_printf_percent$$00000008  c_w.l(_printf_i.o)
    0x00000370   0x00000006   Code   RO         3808    .ARM.Collect$$_printf_percent$$00000009  c_w.l(_printf_d.o)
    0x00000376   0x00000006   Code   RO         3809    .ARM.Collect$$_printf_percent$$0000000A  c_w.l(_printf_u.o)
    0x0000037c   0x00000006   Code   RO         3806    .ARM.Collect$$_printf_percent$$0000000B  c_w.l(_printf_o.o)
    0x00000382   0x00000006   Code   RO         3804    .ARM.Collect$$_printf_percent$$0000000C  c_w.l(_printf_x.o)
    0x00000388   0x00000006   Code   RO         3815    .ARM.Collect$$_printf_percent$$0000000D  c_w.l(_printf_lli.o)
    0x0000038e   0x00000006   Code   RO         3816    .ARM.Collect$$_printf_percent$$0000000E  c_w.l(_printf_lld.o)
    0x00000394   0x00000006   Code   RO         3817    .ARM.Collect$$_printf_percent$$0000000F  c_w.l(_printf_llu.o)
    0x0000039a   0x00000006   Code   RO         3822    .ARM.Collect$$_printf_percent$$00000010  c_w.l(_printf_llo.o)
    0x000003a0   0x00000006   Code   RO         3823    .ARM.Collect$$_printf_percent$$00000011  c_w.l(_printf_llx.o)
    0x000003a6   0x0000000a   Code   RO         3819    .ARM.Collect$$_printf_percent$$00000012  c_w.l(_printf_l.o)
    0x000003b0   0x00000006   Code   RO         3801    .ARM.Collect$$_printf_percent$$00000013  c_w.l(_printf_c.o)
    0x000003b6   0x00000006   Code   RO         3802    .ARM.Collect$$_printf_percent$$00000014  c_w.l(_printf_s.o)
    0x000003bc   0x00000006   Code   RO         3820    .ARM.Collect$$_printf_percent$$00000015  c_w.l(_printf_lc.o)
    0x000003c2   0x00000006   Code   RO         3821    .ARM.Collect$$_printf_percent$$00000016  c_w.l(_printf_ls.o)
    0x000003c8   0x00000004   Code   RO         3875    .ARM.Collect$$_printf_percent$$00000017  c_w.l(_printf_percent_end.o)
    0x000003cc   0x00000002   Code   RO         3924    .ARM.Collect$$libinit$$00000000  c_w.l(libinit.o)
    0x000003ce   0x00000004   Code   RO         3939    .ARM.Collect$$libinit$$00000001  c_w.l(libinit2.o)
    0x000003d2   0x00000000   Code   RO         3942    .ARM.Collect$$libinit$$00000004  c_w.l(libinit2.o)
    0x000003d2   0x00000000   Code   RO         3945    .ARM.Collect$$libinit$$0000000A  c_w.l(libinit2.o)
    0x000003d2   0x00000000   Code   RO         3947    .ARM.Collect$$libinit$$0000000C  c_w.l(libinit2.o)
    0x000003d2   0x00000000   Code   RO         3949    .ARM.Collect$$libinit$$0000000E  c_w.l(libinit2.o)
    0x000003d2   0x00000006   Code   RO         3950    .ARM.Collect$$libinit$$0000000F  c_w.l(libinit2.o)
    0x000003d8   0x00000000   Code   RO         3952    .ARM.Collect$$libinit$$00000011  c_w.l(libinit2.o)
    0x000003d8   0x0000000c   Code   RO         3953    .ARM.Collect$$libinit$$00000012  c_w.l(libinit2.o)
    0x000003e4   0x00000000   Code   RO         3954    .ARM.Collect$$libinit$$00000013  c_w.l(libinit2.o)
    0x000003e4   0x00000000   Code   RO         3956    .ARM.Collect$$libinit$$00000015  c_w.l(libinit2.o)
    0x000003e4   0x0000000a   Code   RO         3957    .ARM.Collect$$libinit$$00000016  c_w.l(libinit2.o)
    0x000003ee   0x00000000   Code   RO         3958    .ARM.Collect$$libinit$$00000017  c_w.l(libinit2.o)
    0x000003ee   0x00000000   Code   RO         3960    .ARM.Collect$$libinit$$00000019  c_w.l(libinit2.o)
    0x000003ee   0x00000000   Code   RO         3962    .ARM.Collect$$libinit$$0000001B  c_w.l(libinit2.o)
    0x000003ee   0x00000000   Code   RO         3964    .ARM.Collect$$libinit$$0000001D  c_w.l(libinit2.o)
    0x000003ee   0x00000000   Code   RO         3966    .ARM.Collect$$libinit$$0000001F  c_w.l(libinit2.o)
    0x000003ee   0x00000000   Code   RO         3968    .ARM.Collect$$libinit$$00000021  c_w.l(libinit2.o)
    0x000003ee   0x00000000   Code   RO         3970    .ARM.Collect$$libinit$$00000023  c_w.l(libinit2.o)
    0x000003ee   0x00000000   Code   RO         3972    .ARM.Collect$$libinit$$00000025  c_w.l(libinit2.o)
    0x000003ee   0x00000000   Code   RO         3976    .ARM.Collect$$libinit$$0000002C  c_w.l(libinit2.o)
    0x000003ee   0x00000000   Code   RO         3978    .ARM.Collect$$libinit$$0000002E  c_w.l(libinit2.o)
    0x000003ee   0x00000000   Code   RO         3980    .ARM.Collect$$libinit$$00000030  c_w.l(libinit2.o)
    0x000003ee   0x00000000   Code   RO         3982    .ARM.Collect$$libinit$$00000032  c_w.l(libinit2.o)
    0x000003ee   0x00000002   Code   RO         3983    .ARM.Collect$$libinit$$00000033  c_w.l(libinit2.o)
    0x000003f0   0x00000002   Code   RO         4003    .ARM.Collect$$libshutdown$$00000000  c_w.l(libshutdown.o)
    0x000003f2   0x00000000   Code   RO         4017    .ARM.Collect$$libshutdown$$00000003  c_w.l(libshutdown2.o)
    0x000003f2   0x00000000   Code   RO         4020    .ARM.Collect$$libshutdown$$00000006  c_w.l(libshutdown2.o)
    0x000003f2   0x00000000   Code   RO         4023    .ARM.Collect$$libshutdown$$00000009  c_w.l(libshutdown2.o)
    0x000003f2   0x00000000   Code   RO         4025    .ARM.Collect$$libshutdown$$0000000B  c_w.l(libshutdown2.o)
    0x000003f2   0x00000000   Code   RO         4028    .ARM.Collect$$libshutdown$$0000000E  c_w.l(libshutdown2.o)
    0x000003f2   0x00000002   Code   RO         4029    .ARM.Collect$$libshutdown$$0000000F  c_w.l(libshutdown2.o)
    0x000003f4   0x00000000   Code   RO         3732    .ARM.Collect$$rtentry$$00000000  c_w.l(__rtentry.o)
    0x000003f4   0x00000000   Code   RO         3846    .ARM.Collect$$rtentry$$00000002  c_w.l(__rtentry2.o)
    0x000003f4   0x00000006   Code   RO         3858    .ARM.Collect$$rtentry$$00000004  c_w.l(__rtentry4.o)
    0x000003fa   0x00000000   Code   RO         3848    .ARM.Collect$$rtentry$$00000009  c_w.l(__rtentry2.o)
    0x000003fa   0x00000004   Code   RO         3849    .ARM.Collect$$rtentry$$0000000A  c_w.l(__rtentry2.o)
    0x000003fe   0x00000000   Code   RO         3851    .ARM.Collect$$rtentry$$0000000C  c_w.l(__rtentry2.o)
    0x000003fe   0x00000008   Code   RO         3852    .ARM.Collect$$rtentry$$0000000D  c_w.l(__rtentry2.o)
    0x00000406   0x00000002   Code   RO         3932    .ARM.Collect$$rtexit$$00000000  c_w.l(rtexit.o)
    0x00000408   0x00000000   Code   RO         3985    .ARM.Collect$$rtexit$$00000002  c_w.l(rtexit2.o)
    0x00000408   0x00000004   Code   RO         3986    .ARM.Collect$$rtexit$$00000003  c_w.l(rtexit2.o)
    0x0000040c   0x00000006   Code   RO         3987    .ARM.Collect$$rtexit$$00000004  c_w.l(rtexit2.o)
    0x00000412   0x00000002   PAD
    0x00000414   0x00000006   Code   RO         2740    .emb_text           driverlib.lib(sysctl.o)
    0x0000041a   0x00000002   PAD
    0x0000041c   0x00000026   Code   RO         3670    .emb_text           driverlib.lib(cpu.o)
    0x00000442   0x00000002   PAD
    0x00000444   0x0000001c   Code   RO            4    .text               startup_rvmdk.o
    0x00000460   0x00000024   Code   RO         3682    .text               c_w.l(vsprintf.o)
    0x00000484   0x0000003e   Code   RO         3684    .text               c_w.l(strlen.o)
    0x000004c2   0x0000008a   Code   RO         3686    .text               c_w.l(rt_memcpy_v6.o)
    0x0000054c   0x00000064   Code   RO         3688    .text               c_w.l(rt_memcpy_w.o)
    0x000005b0   0x0000004e   Code   RO         3692    .text               c_w.l(rt_memclr_w.o)
    0x000005fe   0x00000006   Code   RO         3694    .text               c_w.l(heapauxi.o)
    0x00000604   0x0000004e   Code   RO         3735    .text               c_w.l(_printf_pad.o)
    0x00000652   0x00000024   Code   RO         3737    .text               c_w.l(_printf_truncate.o)
    0x00000676   0x00000052   Code   RO         3739    .text               c_w.l(_printf_str.o)
    0x000006c8   0x00000078   Code   RO         3741    .text               c_w.l(_printf_dec.o)
    0x00000740   0x00000028   Code   RO         3743    .text               c_w.l(_printf_charcount.o)
    0x00000768   0x00000030   Code   RO         3745    .text               c_w.l(_printf_char_common.o)
    0x00000798   0x0000000a   Code   RO         3747    .text               c_w.l(_sputc.o)
    0x000007a2   0x00000002   PAD
    0x000007a4   0x000000bc   Code   RO         3749    .text               c_w.l(_printf_wctomb.o)
    0x00000860   0x0000007c   Code   RO         3752    .text               c_w.l(_printf_longlong_dec.o)
    0x000008dc   0x00000070   Code   RO         3758    .text               c_w.l(_printf_oct_int_ll.o)
    0x0000094c   0x00000094   Code   RO         3778    .text               c_w.l(_printf_hex_int_ll_ptr.o)
    0x000009e0   0x00000188   Code   RO         3798    .text               c_w.l(__printf_flags_ss_wp.o)
    0x00000b68   0x0000008a   Code   RO         3860    .text               c_w.l(lludiv10.o)
    0x00000bf2   0x000000b2   Code   RO         3862    .text               c_w.l(_printf_intcommon.o)
    0x00000ca4   0x0000041a   Code   RO         3864    .text               c_w.l(_printf_fp_dec.o)
    0x000010be   0x00000002   PAD
    0x000010c0   0x000002fc   Code   RO         3866    .text               c_w.l(_printf_fp_hex.o)
    0x000013bc   0x0000002c   Code   RO         3871    .text               c_w.l(_printf_char.o)
    0x000013e8   0x0000002c   Code   RO         3873    .text               c_w.l(_printf_wchar.o)
    0x00001414   0x00000040   Code   RO         3876    .text               c_w.l(_wcrtomb.o)
    0x00001454   0x0000004a   Code   RO         3878    .text               c_w.l(sys_stackheap_outer.o)
    0x0000149e   0x00000002   PAD
    0x000014a0   0x00000010   Code   RO         3880    .text               c_w.l(rt_ctype_table.o)
    0x000014b0   0x00000008   Code   RO         3885    .text               c_w.l(rt_locale_intlibspace.o)
    0x000014b8   0x00000080   Code   RO         3887    .text               c_w.l(_printf_fp_infnan.o)
    0x00001538   0x000000dc   Code   RO         3889    .text               c_w.l(bigflt0.o)
    0x00001614   0x0000000c   Code   RO         3917    .text               c_w.l(exit.o)
    0x00001620   0x00000008   Code   RO         3929    .text               c_w.l(libspace.o)
    0x00001628   0x00000080   Code   RO         3937    .text               c_w.l(strcmpv7m.o)
    0x000016a8   0x0000000c   Code   RO         3995    .text               c_w.l(sys_exit.o)
    0x000016b4   0x00000002   Code   RO         4006    .text               c_w.l(use_no_semi.o)
    0x000016b6   0x00000000   Code   RO         4008    .text               c_w.l(indicate_semi.o)
    0x000016b6   0x0000003e   Code   RO         3892    CL$$btod_d2e        c_w.l(btod.o)
    0x000016f4   0x00000046   Code   RO         3894    CL$$btod_d2e_denorm_low  c_w.l(btod.o)
    0x0000173a   0x00000060   Code   RO         3893    CL$$btod_d2e_norm_op1  c_w.l(btod.o)
    0x0000179a   0x00000338   Code   RO         3902    CL$$btod_div_common  c_w.l(btod.o)
    0x00001ad2   0x000000c6   Code   RO         3899    CL$$btod_e2e        c_w.l(btod.o)
    0x00001b98   0x00000028   Code   RO         3896    CL$$btod_ediv       c_w.l(btod.o)
    0x00001bc0   0x00000028   Code   RO         3895    CL$$btod_emul       c_w.l(btod.o)
    0x00001be8   0x00000244   Code   RO         3901    CL$$btod_mult_common  c_w.l(btod.o)
    0x00001e2c   0x00000012   Code   RO         1754    i.ADCHardwareOversampleConfigure  driverlib.lib(adc.o)
    0x00001e3e   0x0000000a   Code   RO         1755    i.ADCIntClear       driverlib.lib(adc.o)
    0x00001e48   0x00000010   Code   RO         1759    i.ADCIntEnable      driverlib.lib(adc.o)
    0x00001e58   0x0000005c   Code   RO         1761    i.ADCIntRegister    driverlib.lib(adc.o)
    0x00001eb4   0x0000001a   Code   RO         1767    i.ADCProcessorTrigger  driverlib.lib(adc.o)
    0x00001ece   0x0000004e   Code   RO         1770    i.ADCSequenceConfigure  driverlib.lib(adc.o)
    0x00001f1c   0x00000024   Code   RO         1773    i.ADCSequenceDataGet  driverlib.lib(adc.o)
    0x00001f40   0x0000000e   Code   RO         1775    i.ADCSequenceEnable  driverlib.lib(adc.o)
    0x00001f4e   0x0000009a   Code   RO         1778    i.ADCSequenceStepConfigure  driverlib.lib(adc.o)
    0x00001fe8   0x000000b4   Code   RO         1354    i.Add_Matrix        estimation_position.o
    0x0000209c   0x00000098   Code   RO           11    i.BattSenseISR      battery.o
    0x00002134   0x00000014   Code   RO           12    i.BattSenseTimerTimeout  battery.o
    0x00002148   0x0000003c   Code   RO           13    i.BattSense_init    battery.o
    0x00002184   0x0000011c   Code   RO          190    i.Bluetooth_RxTxHandler  bluetooth.o
    0x000022a0   0x00000064   Code   RO          469    i.ButtonDebounceCallback  button.o
    0x00002304   0x000000d4   Code   RO         1215    i.ButtonHandler     main.o
    0x000023d8   0x00000028   Code   RO          470    i.ButtonRegisterCallback  button.o
    0x00002400   0x0000012c   Code   RO         1216    i.ButtonRightHandler  main.o
    0x0000252c   0x00000090   Code   RO          471    i.Button_init       button.o
    0x000025bc   0x00000054   Code   RO          472    i.ButtonsISR        button.o
    0x00002610   0x00000084   Code   RO          515    i.Buzzer_lowbat_notify_handler  buzzer.o
    0x00002694   0x00000084   Code   RO          516    i.Buzzer_lowbat_shutdown_handler  buzzer.o
    0x00002718   0x000000d8   Code   RO          812    i.Config_PWM        speed_control.o
    0x000027f0   0x00000060   Code   RO         1242    i.Config_System     systemconfig.o
    0x00002850   0x0000000a   Code   RO          691    i.Control_initialize  control_initialize.o
    0x0000285a   0x00000002   PAD
    0x0000285c   0x000000a0   Code   RO         1355    i.Divide_Matrix_Vector  estimation_position.o
    0x000028fc   0x00000044   Code   RO         2023    i.EEPROMInit        driverlib.lib(eeprom.o)
    0x00002940   0x00000164   Code   RO         2029    i.EEPROMProgram     driverlib.lib(eeprom.o)
    0x00002aa4   0x00000034   Code   RO         2031    i.EEPROMRead        driverlib.lib(eeprom.o)
    0x00002ad8   0x00000032   Code   RO          579    i.EEPROMReadWords   eeprom.o
    0x00002b0a   0x00000032   Code   RO          580    i.EEPROMWrite       eeprom.o
    0x00002b3c   0x00000014   Code   RO          581    i.EEPROM_Init       eeprom.o
    0x00002b50   0x00000558   Code   RO         1356    i.Estimation_Algorithm  estimation_position.o
    0x000030a8   0x00000010   Code   RO         2146    i.FPUEnable         driverlib.lib(fpu.o)
    0x000030b8   0x00000010   Code   RO         2149    i.FPULazyStackingEnable  driverlib.lib(fpu.o)
    0x000030c8   0x00000028   Code   RO         2216    i.GPIODirModeSet    driverlib.lib(gpio.o)
    0x000030f0   0x00000006   Code   RO         2217    i.GPIOIntClear      driverlib.lib(gpio.o)
    0x000030f6   0x0000000c   Code   RO         2219    i.GPIOIntEnable     driverlib.lib(gpio.o)
    0x00003102   0x00000002   PAD
    0x00003104   0x00000058   Code   RO         2220    i.GPIOIntRegister   driverlib.lib(gpio.o)
    0x0000315c   0x0000000e   Code   RO         2221    i.GPIOIntStatus     driverlib.lib(gpio.o)
    0x0000316a   0x00000050   Code   RO         2223    i.GPIOIntTypeSet    driverlib.lib(gpio.o)
    0x000031ba   0x00000138   Code   RO         2226    i.GPIOPadConfigSet  driverlib.lib(gpio.o)
    0x000032f2   0x00000002   PAD
    0x000032f4   0x00000044   Code   RO         2227    i.GPIOPinConfigure  driverlib.lib(gpio.o)
    0x00003338   0x00000006   Code   RO         2228    i.GPIOPinRead       driverlib.lib(gpio.o)
    0x0000333e   0x0000001c   Code   RO         2229    i.GPIOPinTypeADC    driverlib.lib(gpio.o)
    0x0000335a   0x0000001c   Code   RO         2236    i.GPIOPinTypeGPIOInput  driverlib.lib(gpio.o)
    0x00003376   0x0000001c   Code   RO         2237    i.GPIOPinTypeGPIOOutput  driverlib.lib(gpio.o)
    0x00003392   0x0000001c   Code   RO         2249    i.GPIOPinTypeQEI    driverlib.lib(gpio.o)
    0x000033ae   0x0000001c   Code   RO         2251    i.GPIOPinTypeTimer  driverlib.lib(gpio.o)
    0x000033ca   0x0000001c   Code   RO         2252    i.GPIOPinTypeUART   driverlib.lib(gpio.o)
    0x000033e6   0x00000006   Code   RO         2258    i.GPIOPinWrite      driverlib.lib(gpio.o)
    0x000033ec   0x0000002c   Code   RO          191    i.HC05_ClearEvtQueue  bluetooth.o
    0x00003418   0x00000038   Code   RO          194    i.HC05_GetRxData    bluetooth.o
    0x00003450   0x0000000c   Code   RO          195    i.HC05_GetRxSize    bluetooth.o
    0x0000345c   0x0000000c   Code   RO          196    i.HC05_GetSystemInfoID  bluetooth.o
    0x00003468   0x0000000c   Code   RO          197    i.HC05_GetSystemInfoType  bluetooth.o
    0x00003474   0x0000000a   Code   RO          198    i.HC05_HandleTimeoutEvt  bluetooth.o
    0x0000347e   0x00000002   PAD
    0x00003480   0x000000b8   Code   RO          201    i.HC05_PutEvtIntoQueue  bluetooth.o
    0x00003538   0x00000014   Code   RO          202    i.HC05_QueryRxData  bluetooth.o
    0x0000354c   0x00000028   Code   RO          203    i.HC05_RegisterEvtNotify  bluetooth.o
    0x00003574   0x0000001c   Code   RO          204    i.HC05_RunTimeout   bluetooth.o
    0x00003590   0x00000002   Code   RO         1663    i.HostCommHandler_BL_Name  hostcommhandler.o
    0x00003592   0x00000002   Code   RO         1664    i.HostCommHandler_BL_Password  hostcommhandler.o
    0x00003594   0x00000002   Code   RO         1665    i.HostCommHandler_BL_Uart  hostcommhandler.o
    0x00003596   0x0000000e   Code   RO         1666    i.HostCommHandler_DebounceButton  hostcommhandler.o
    0x000035a4   0x00000020   Code   RO         1667    i.HostCommHandler_HandshakeEvent  hostcommhandler.o
    0x000035c4   0x00000094   Code   RO         1668    i.HostCommHandler_Init  hostcommhandler.o
    0x00003658   0x00000024   Code   RO         1669    i.HostCommHandler_RobotSetSpeed  hostcommhandler.o
    0x0000367c   0x00000030   Code   RO         1670    i.HostCommHandler_RobotStart  hostcommhandler.o
    0x000036ac   0x00000038   Code   RO         1671    i.HostCommHandler_RobotStop  hostcommhandler.o
    0x000036e4   0x00000070   Code   RO         1672    i.HostCommHandler_SetLEDDisplay  hostcommhandler.o
    0x00003754   0x0000000e   Code   RO         1673    i.HostCommHandler_SetMode  hostcommhandler.o
    0x00003762   0x00000002   PAD
    0x00003764   0x00000060   Code   RO         1674    i.HostCommHandler_SetPID  hostcommhandler.o
    0x000037c4   0x00000020   Code   RO         1675    i.HostCommHandler_SpeedSet  hostcommhandler.o
    0x000037e4   0x00000020   Code   RO         1434    i.HostComm_DevGenMsgId  hostcomm.o
    0x00003804   0x00000030   Code   RO         1436    i.HostComm_Dev_FindRespListIndex  hostcomm.o
    0x00003834   0x00000014   Code   RO         1437    i.HostComm_Dev_FreeRespListIndex  hostcomm.o
    0x00003848   0x00000028   Code   RO         1438    i.HostComm_Dev_GetFreeRespListIndex  hostcomm.o
    0x00003870   0x000000a8   Code   RO         1439    i.HostComm_Dev_HandleRxMsg  hostcomm.o
    0x00003918   0x00000030   Code   RO         1441    i.HostComm_Dev_RegisterCallback  hostcomm.o
    0x00003948   0x00000094   Code   RO         1442    i.HostComm_Dev_SendEvent  hostcomm.o
    0x000039dc   0x0000007c   Code   RO         1443    i.HostComm_Dev_SendMsg  hostcomm.o
    0x00003a58   0x00000050   Code   RO         1446    i.HostComm_Dev_UpdateWaitRespList  hostcomm.o
    0x00003aa8   0x00000050   Code   RO         1451    i.HostComm_HandleBluetoothEvent  hostcomm.o
    0x00003af8   0x00000108   Code   RO         1453    i.HostComm_HandleRxData  hostcomm.o
    0x00003c00   0x0000008a   Code   RO         1454    i.HostComm_HandleRxMsgData  hostcomm.o
    0x00003c8a   0x00000002   PAD
    0x00003c8c   0x00000028   Code   RO         1456    i.HostComm_Init     hostcomm.o
    0x00003cb4   0x0000000c   Code   RO         1461    i.HostComm_SetDeviceId  hostcomm.o
    0x00003cc0   0x0000000c   Code   RO         1463    i.HostComm_SetServerId  hostcomm.o
    0x00003ccc   0x0000001a   Code   RO         1465    i.HostComm_calcCheckSum  hostcomm.o
    0x00003ce6   0x00000002   PAD
    0x00003ce8   0x000000a8   Code   RO          385    i.IRDetector_init   ir.o
    0x00003d90   0x0000011c   Code   RO          386    i.IR_Detector_ISR   ir.o
    0x00003eac   0x00000018   Code   RO          387    i.IR_GetIrDetectorValue  ir.o
    0x00003ec4   0x00000100   Code   RO          388    i.IR_Timer_Timeout  ir.o
    0x00003fc4   0x000001c4   Code   RO          390    i.IR_set_calib_value  ir.o
    0x00004188   0x000000f4   Code   RO         1409    i.Initial_Condition_Position  str_position.o
    0x0000427c   0x00000064   Code   RO         2514    i.IntEnable         driverlib.lib(interrupt.o)
    0x000042e0   0x0000000e   Code   RO         2517    i.IntMasterEnable   driverlib.lib(interrupt.o)
    0x000042ee   0x00000002   PAD
    0x000042f0   0x00000034   Code   RO         2526    i.IntRegister       driverlib.lib(interrupt.o)
    0x00004324   0x00000060   Code   RO         1243    i.LED_Display_init  systemconfig.o
    0x00004384   0x000007e4   Code   RO         1410    i.Model_Position    str_position.o
    0x00004b68   0x00000114   Code   RO         1357    i.Multiply_Matrix   estimation_position.o
    0x00004c7c   0x000000a0   Code   RO         1358    i.Multiply_Matrix_Vector  estimation_position.o
    0x00004d1c   0x00000018   Code   RO          964    i.Pid_process_callback  wallfollow.o
    0x00004d34   0x0000003c   Code   RO          649    i.QEI0_VelocityIsr  qei.o
    0x00004d70   0x0000003c   Code   RO          650    i.QEI1_VelocityIsr  qei.o
    0x00004dac   0x0000000e   Code   RO         2626    i.QEIConfigure      driverlib.lib(qei.o)
    0x00004dba   0x00000010   Code   RO         2627    i.QEIDirectionGet   driverlib.lib(qei.o)
    0x00004dca   0x0000000a   Code   RO         2629    i.QEIEnable         driverlib.lib(qei.o)
    0x00004dd4   0x00000004   Code   RO         2631    i.QEIIntClear       driverlib.lib(qei.o)
    0x00004dd8   0x00000008   Code   RO         2633    i.QEIIntEnable      driverlib.lib(qei.o)
    0x00004de0   0x00000058   Code   RO         2634    i.QEIIntRegister    driverlib.lib(qei.o)
    0x00004e38   0x0000000a   Code   RO         2635    i.QEIIntStatus      driverlib.lib(qei.o)
    0x00004e42   0x00000004   Code   RO         2637    i.QEIPositionGet    driverlib.lib(qei.o)
    0x00004e46   0x00000004   Code   RO         2638    i.QEIPositionSet    driverlib.lib(qei.o)
    0x00004e4a   0x00000010   Code   RO         2639    i.QEIVelocityConfigure  driverlib.lib(qei.o)
    0x00004e5a   0x0000000a   Code   RO         2641    i.QEIVelocityEnable  driverlib.lib(qei.o)
    0x00004e64   0x00000004   Code   RO         2642    i.QEIVelocityGet    driverlib.lib(qei.o)
    0x00004e68   0x00000064   Code   RO          207    i.ReadRxBuffer      bluetooth.o
    0x00004ecc   0x0000004e   Code   RO          814    i.SetPWM            speed_control.o
    0x00004f1a   0x00000002   PAD
    0x00004f1c   0x000000b4   Code   RO         1359    i.Sub_Matrix        estimation_position.o
    0x00004fd0   0x00000164   Code   RO         2743    i.SysCtlClockGet    driverlib.lib(sysctl.o)
    0x00005134   0x00000120   Code   RO         2745    i.SysCtlClockSet    driverlib.lib(sysctl.o)
    0x00005254   0x00000028   Code   RO         2774    i.SysCtlPeripheralEnable  driverlib.lib(sysctl.o)
    0x0000527c   0x0000003c   Code   RO         2779    i.SysCtlPeripheralReset  driverlib.lib(sysctl.o)
    0x000052b8   0x0000000e   Code   RO         3077    i.SysTickEnable     driverlib.lib(systick.o)
    0x000052c6   0x0000000e   Code   RO         3079    i.SysTickIntEnable  driverlib.lib(systick.o)
    0x000052d4   0x00000010   Code   RO         1244    i.SysTickIntHandle  systemconfig.o
    0x000052e4   0x00000018   Code   RO         3080    i.SysTickIntRegister  driverlib.lib(systick.o)
    0x000052fc   0x0000000a   Code   RO         3083    i.SysTickPeriodSet  driverlib.lib(systick.o)
    0x00005306   0x00000002   PAD
    0x00005308   0x00000068   Code   RO         1182    i.TIMER_ISR         timer.o
    0x00005370   0x00000044   Code   RO         1183    i.TIMER_RegisterEvent  timer.o
    0x000053b4   0x00000020   Code   RO         1184    i.TIMER_UnregisterEvent  timer.o
    0x000053d4   0x00000060   Code   RO         3143    i.TimerConfigure    driverlib.lib(timer.o)
    0x00005434   0x00000016   Code   RO         3145    i.TimerControlLevel  driverlib.lib(timer.o)
    0x0000544a   0x00000016   Code   RO         3146    i.TimerControlStall  driverlib.lib(timer.o)
    0x00005460   0x0000000e   Code   RO         3152    i.TimerEnable       driverlib.lib(timer.o)
    0x0000546e   0x00000004   Code   RO         3153    i.TimerIntClear     driverlib.lib(timer.o)
    0x00005472   0x00000008   Code   RO         3155    i.TimerIntEnable    driverlib.lib(timer.o)
    0x0000547a   0x00000002   PAD
    0x0000547c   0x00000068   Code   RO         3156    i.TimerIntRegister  driverlib.lib(timer.o)
    0x000054e4   0x00000012   Code   RO         3161    i.TimerLoadSet      driverlib.lib(timer.o)
    0x000054f6   0x00000012   Code   RO         3165    i.TimerMatchSet     driverlib.lib(timer.o)
    0x00005508   0x00000012   Code   RO         3170    i.TimerPrescaleSet  driverlib.lib(timer.o)
    0x0000551a   0x00000002   PAD
    0x0000551c   0x00000068   Code   RO         1185    i.Timer_Init        timer.o
    0x00005584   0x000000c8   Code   RO         1360    i.Tranpose_Matrix   estimation_position.o
    0x0000564c   0x0000000c   Code   RO         3387    i.UARTCharGet       driverlib.lib(uart.o)
    0x00005658   0x00000010   Code   RO         3390    i.UARTCharPutNonBlocking  driverlib.lib(uart.o)
    0x00005668   0x0000000a   Code   RO         3391    i.UARTCharsAvail    driverlib.lib(uart.o)
    0x00005672   0x0000006e   Code   RO         3395    i.UARTConfigSetExpClk  driverlib.lib(uart.o)
    0x000056e0   0x00000004   Code   RO         3408    i.UARTIntClear      driverlib.lib(uart.o)
    0x000056e4   0x00000008   Code   RO         3410    i.UARTIntEnable     driverlib.lib(uart.o)
    0x000056ec   0x00000058   Code   RO         3411    i.UARTIntRegister   driverlib.lib(uart.o)
    0x00005744   0x0000000a   Code   RO         3412    i.UARTIntStatus     driverlib.lib(uart.o)
    0x0000574e   0x0000000c   Code   RO         3426    i.UARTTxIntModeSet  driverlib.lib(uart.o)
    0x0000575a   0x00000030   Code   RO         3927    i.__ARM_fpclassify  m_wm.l(fpclassify.o)
    0x0000578a   0x0000000e   Code   RO         3791    i._is_digit         c_w.l(__printf_wp.o)
    0x00005798   0x0000001c   Code   RO           14    i.battery_Runtimeout  battery.o
    0x000057b4   0x00000020   Code   RO           15    i.battery_Stoptimeout  battery.o
    0x000057d4   0x00000070   Code   RO          208    i.bluetooth_init    bluetooth.o
    0x00005844   0x0000003e   Code   RO          209    i.bluetooth_print   bluetooth.o
    0x00005882   0x00000002   PAD
    0x00005884   0x00000090   Code   RO          211    i.bluetooth_send    bluetooth.o
    0x00005914   0x0000001c   Code   RO          473    i.button_Runtimeout  button.o
    0x00005930   0x00000018   Code   RO          474    i.button_SetDebounceTime  button.o
    0x00005948   0x00000020   Code   RO          475    i.button_Stoptimeout  button.o
    0x00005968   0x00000020   Code   RO          517    i.buzzer_Runtimeout  buzzer.o
    0x00005988   0x00000020   Code   RO          518    i.buzzer_Stoptimeout  buzzer.o
    0x000059a8   0x00000064   Code   RO          519    i.buzzer_init       buzzer.o
    0x00005a0c   0x00000028   Code   RO          520    i.buzzer_low_batterry_notify  buzzer.o
    0x00005a34   0x00000028   Code   RO          521    i.buzzer_low_battery_shutdown  buzzer.o
    0x00005a5c   0x0000001c   Code   RO          522    i.buzzer_on         buzzer.o
    0x00005a78   0x00000014   Code   RO          523    i.buzzer_on_timeout_handler  buzzer.o
    0x00005a8c   0x0000004c   Code   RO          524    i.buzzer_setsound   buzzer.o
    0x00005ad8   0x00000020   Code   RO          391    i.ir_GetParam       ir.o
    0x00005af8   0x00000020   Code   RO          392    i.ir_Runtimeout     ir.o
    0x00005b18   0x00000020   Code   RO          393    i.ir_SetParam       ir.o
    0x00005b38   0x00000020   Code   RO          394    i.ir_Stoptimeout    ir.o
    0x00005b58   0x000000a0   Code   RO         1217    i.main              main.o
    0x00005bf8   0x00000048   Code   RO          606    i.param_Get         parameters.o
    0x00005c40   0x00000048   Code   RO          609    i.param_Set         parameters.o
    0x00005c88   0x0000000c   Code   RO          610    i.param_init        parameters.o
    0x00005c94   0x00000002   Code   RO          611    i.param_software_init  parameters.o
    0x00005c96   0x00000002   PAD
    0x00005c98   0x00000020   Code   RO          965    i.pid_Runtimeout    wallfollow.o
    0x00005cb8   0x00000020   Code   RO          966    i.pid_StopTimeout   wallfollow.o
    0x00005cd8   0x0000003c   Code   RO          967    i.pid_Wallfollow_init  wallfollow.o
    0x00005d14   0x0000000c   Code   RO          969    i.pid_Wallfollow_set_follow  wallfollow.o
    0x00005d20   0x00000014   Code   RO          932    i.pid_get_parameters  pid.o
    0x00005d34   0x00000028   Code   RO          933    i.pid_init          pid.o
    0x00005d5c   0x00000034   Code   RO          935    i.pid_set_parameters  pid.o
    0x00005d90   0x00000048   Code   RO         1305    i.position_Control_Init  positioncontrol.o
    0x00005dd8   0x00000270   Code   RO         1306    i.position_Control_Process  positioncontrol.o
    0x00006048   0x0000006c   Code   RO         1309    i.position_Control_Timer_Init  positioncontrol.o
    0x000060b4   0x00000034   Code   RO         1310    i.position_timer_ISR  positioncontrol.o
    0x000060e8   0x00000020   Code   RO          651    i.qei_Get_Position  qei.o
    0x00006108   0x00000024   Code   RO          652    i.qei_Set_Position  qei.o
    0x0000612c   0x0000013c   Code   RO          654    i.qei_init          qei.o
    0x00006268   0x00000098   Code   RO          764    i.rtGetInf          rtgetinf.o
    0x00006300   0x0000000e   Code   RO          765    i.rtGetInfF         rtgetinf.o
    0x0000630e   0x00000002   PAD
    0x00006310   0x00000098   Code   RO          766    i.rtGetMinusInf     rtgetinf.o
    0x000063a8   0x00000010   Code   RO          767    i.rtGetMinusInfF    rtgetinf.o
    0x000063b8   0x0000009c   Code   RO          794    i.rtGetNaN          rtgetnan.o
    0x00006454   0x0000003c   Code   RO          795    i.rtGetNaNF         rtgetnan.o
    0x00006490   0x0000005c   Code   RO          720    i.rt_InitInfAndNaN  rt_nonfinite.o
    0x000064ec   0x00000038   Code   RO          815    i.speed_Enable_Hbridge  speed_control.o
    0x00006524   0x000001f0   Code   RO          818    i.speed_control_init  speed_control.o
    0x00006714   0x00000020   Code   RO          819    i.speed_control_runtimeout  speed_control.o
    0x00006734   0x000001a0   Code   RO          820    i.speed_control_save_STR  speed_control.o
    0x000068d4   0x00000020   Code   RO          821    i.speed_control_stoptimeout  speed_control.o
    0x000068f4   0x00000038   Code   RO          822    i.speed_set         speed_control.o
    0x0000692c   0x0000008c   Code   RO          823    i.speed_update_setpoint  speed_control.o
    0x000069b8   0x0000000c   Code   RO         1246    i.system_GetState   systemconfig.o
    0x000069c4   0x0000000c   Code   RO         1248    i.system_SetState   systemconfig.o
    0x000069d0   0x0000002c   Code   RO         1249    i.system_SystickConfig  systemconfig.o
    0x000069fc   0x0000000c   Code   RO         1250    i.u32_UsrSystemClockGet  systemconfig.o
    0x00006a08   0x0000000c   Code   RO          395    i.vIR_BattSenseTrigger  ir.o
    0x00006a14   0x0000000c   Code   RO          396    i.vIR_BatteryIntRegister  ir.o
    0x00006a20   0x0000000c   Code   RO          397    i.vIR_Battery_ADCGet  ir.o
    0x00006a2c   0x00000014   Code   RO         1676    i.vRobotStartTimeout  hostcommhandler.o
    0x00006a40   0x0000002c   Code   RO         3915    locale$$code        c_w.l(lc_numeric_c.o)
    0x00006a6c   0x0000002c   Code   RO         3935    locale$$code        c_w.l(lc_ctype_c.o)
    0x00006a98   0x00000018   Code   RO         3698    x$fpl$basic         fz_wm.l(basic.o)
    0x00006ab0   0x00000062   Code   RO         3700    x$fpl$d2f           fz_wm.l(d2f.o)
    0x00006b12   0x00000002   PAD
    0x00006b14   0x00000150   Code   RO         3702    x$fpl$dadd          fz_wm.l(daddsub_clz.o)
    0x00006c64   0x00000018   Code   RO         3826    x$fpl$dcmpinf       fz_wm.l(dcmpi.o)
    0x00006c7c   0x000002b0   Code   RO         3709    x$fpl$ddiv          fz_wm.l(ddiv.o)
    0x00006f2c   0x00000078   Code   RO         3712    x$fpl$deqf          fz_wm.l(deqf.o)
    0x00006fa4   0x0000005e   Code   RO         3714    x$fpl$dfix          fz_wm.l(dfix.o)
    0x00007002   0x0000002e   Code   RO         3719    x$fpl$dflt          fz_wm.l(dflt_clz.o)
    0x00007030   0x00000078   Code   RO         3724    x$fpl$dleqf         fz_wm.l(dleqf.o)
    0x000070a8   0x00000154   Code   RO         3726    x$fpl$dmul          fz_wm.l(dmul.o)
    0x000071fc   0x0000009c   Code   RO         3828    x$fpl$dnaninf       fz_wm.l(dnaninf.o)
    0x00007298   0x0000000c   Code   RO         3830    x$fpl$dretinf       fz_wm.l(dretinf.o)
    0x000072a4   0x0000006c   Code   RO         3728    x$fpl$drleqf        fz_wm.l(drleqf.o)
    0x00007310   0x000001d4   Code   RO         3704    x$fpl$dsub          fz_wm.l(daddsub_clz.o)
    0x000074e4   0x00000056   Code   RO         3730    x$fpl$f2d           fz_wm.l(f2d.o)
    0x0000753a   0x0000008c   Code   RO         3832    x$fpl$fnaninf       fz_wm.l(fnaninf.o)
    0x000075c6   0x0000000a   Code   RO         3993    x$fpl$fpinit        fz_wm.l(fpinit.o)
    0x000075d0   0x0000000a   Code   RO         3834    x$fpl$fretinf       fz_wm.l(fretinf.o)
    0x000075da   0x00000004   Code   RO         3836    x$fpl$printf1       fz_wm.l(printf1.o)
    0x000075de   0x00000004   Code   RO         3838    x$fpl$printf2       fz_wm.l(printf2.o)
    0x000075e2   0x00000000   Code   RO         3844    x$fpl$usenofp       fz_wm.l(usenofp.o)
    0x000075e2   0x00000002   PAD
    0x000075e4   0x00000020   Data   RO          525    .constdata          buzzer.o
    0x00007604   0x00000016   Data   RO          612    .constdata          parameters.o
    0x0000761a   0x00000002   PAD
    0x0000761c   0x00000210   Data   RO         2259    .constdata          driverlib.lib(gpio.o)
    0x0000782c   0x0000010c   Data   RO         2530    .constdata          driverlib.lib(interrupt.o)
    0x00007938   0x000001c4   Data   RO         2795    .constdata          driverlib.lib(sysctl.o)
    0x00007afc   0x000000a0   Data   RO         3177    .constdata          driverlib.lib(timer.o)
    0x00007b9c   0x00000080   Data   RO         3427    .constdata          driverlib.lib(uart.o)
    0x00007c1c   0x00000008   Data   RO         3750    .constdata          c_w.l(_printf_wctomb.o)
    0x00007c24   0x00000028   Data   RO         3779    .constdata          c_w.l(_printf_hex_int_ll_ptr.o)
    0x00007c4c   0x00000011   Data   RO         3799    .constdata          c_w.l(__printf_flags_ss_wp.o)
    0x00007c5d   0x00000026   Data   RO         3867    .constdata          c_w.l(_printf_fp_hex.o)
    0x00007c83   0x00000001   PAD
    0x00007c84   0x00000094   Data   RO         3890    .constdata          c_w.l(bigflt0.o)
    0x00007d18   0x00000020   Data   RO         4060    Region$$Table       anon$$obj.o
    0x00007d38   0x0000001c   Data   RO         3914    locale$$data        c_w.l(lc_numeric_c.o)
    0x00007d54   0x00000110   Data   RO         3934    locale$$data        c_w.l(lc_ctype_c.o)


    Execution Region RW_IRAM1 (Base: 0x20000000, Size: 0x00005bb0, Max: 0x00008000, ABSOLUTE, COMPRESSED[0x00000088])

    Base Addr    Size         Type   Attr      Idx    E Section Name        Object

    0x20000000   0x00000008   Data   RW           16    .data               battery.o
    0x20000008   0x00000014   Data   RW          213    .data               bluetooth.o
    0x2000001c   0x0000000d   Data   RW          399    .data               ir.o
    0x20000029   0x00000003   PAD
    0x2000002c   0x00000010   Data   RW          476    .data               button.o
    0x2000003c   0x00000005   Data   RW          526    .data               buzzer.o
    0x20000041   0x00000003   PAD
    0x20000044   0x0000000c   Data   RW          655    .data               qei.o
    0x20000050   0x00000024   Data   RW          721    .data               rt_nonfinite.o
    0x20000074   0x00000004   PAD
    0x20000078   0x00000099   Data   RW          824    .data               speed_control.o
    0x20000111   0x00000003   PAD
    0x20000114   0x00000014   Data   RW          971    .data               wallfollow.o
    0x20000128   0x00000001   Data   RW         1218    .data               main.o
    0x20000129   0x00000003   PAD
    0x2000012c   0x0000000c   Data   RW         1251    .data               systemconfig.o
    0x20000138   0x00000020   Data   RW         1312    .data               positioncontrol.o
    0x20000158   0x00000038   Data   RW         1362    .data               estimation_position.o
    0x20000190   0x00000040   Data   RW         1412    .data               str_position.o
    0x200001d0   0x0000013c   Data   RW         1471    .data               hostcomm.o
    0x2000030c   0x00000002   Data   RW         1678    .data               hostcommhandler.o
    0x2000030e   0x000000f2   PAD
    0x20000400   0x0000026c   Data   RW         2531    vtable              driverlib.lib(interrupt.o)
    0x2000066c   0x00000bd8   Zero   RW          212    .bss                bluetooth.o
    0x20001244   0x00000030   Zero   RW          398    .bss                ir.o
    0x20001274   0x00000028   Zero   RW          936    .bss                pid.o
    0x2000129c   0x00000078   Zero   RW         1186    .bss                timer.o
    0x20001314   0x00001000   Zero   RW         1311    .bss                positioncontrol.o
    0x20002314   0x00000004   PAD
    0x20002318   0x00000910   Zero   RW         1361    .bss                estimation_position.o
    0x20002c28   0x00000480   Zero   RW         1411    .bss                str_position.o
    0x200030a8   0x00000db8   Zero   RW         1470    .bss                hostcomm.o
    0x20003e60   0x000000f0   Zero   RW         1677    .bss                hostcommhandler.o
    0x20003f50   0x00000060   Zero   RW         3930    .bss                c_w.l(libspace.o)
    0x20003fb0   0x00000400   Zero   RW            2    HEAP                startup_rvmdk.o
    0x200043b0   0x00001800   Zero   RW            1    STACK               startup_rvmdk.o


==============================================================================

Image component sizes


      Code (inc. data)   RO Data    RW Data    ZI Data      Debug   Object Name

       292         68          0          8          0      18956   battery.o
      1120        164          0         20       3032      10309   bluetooth.o
       452         92          0         16          0       4412   button.o
       632        106         32          5          0       6059   buzzer.o
        10          0          0          0          0       1001   control_initialize.o
       120          6          0          0          0       2306   eeprom.o
      2524        238          0         56       2320       7487   estimation_position.o
      1280        112          0        316       3512      14854   hostcomm.o
       614         88          0          2        240       8917   hostcommhandler.o
      1348        372          0         13         48       7074   ir.o
       672         70          0          1          0       2313   main.o
       158          8         22          0          0       2841   parameters.o
       112         14          0          0         40       2193   pid.o
       856         92          0         32       4096       3251   positioncontrol.o
       504        102          0         12          0       3201   qei.o
        92         26          0         36          0        946   rt_nonfinite.o
       334         32          0          0          0       2900   rtgetinf.o
       216         18          0          0          0       1563   rtgetnan.o
      1522        132          0        153          0       6014   speed_control.o
       676        640          0          0       7168        548   startup_rvmdk.o
      2264        224          0         64       1152       2368   str_position.o
       288         54          0         12          0       3751   systemconfig.o
       308         34          0          0        120       3046   timer.o
       160         38          0         20          0       3642   wallfollow.o

    ----------------------------------------------------------------------
     16572       2730         88       1024      21732     119952   Object Totals
         0          0         32          0          0          0   (incl. Generated)
        18          0          2        258          4          0   (incl. Padding)

    ----------------------------------------------------------------------

      Code (inc. data)   RO Data    RW Data    ZI Data      Debug   Library Member Name

        90          0          0          0          0          0   __dczerorl2.o
         8          0          0          0          0         68   __main.o
       392          4         17          0          0         92   __printf_flags_ss_wp.o
        14          0          0          0          0         68   __printf_wp.o
         0          0          0          0          0          0   __rtentry.o
        12          0          0          0          0          0   __rtentry2.o
         6          0          0          0          0          0   __rtentry4.o
        52          8          0          0          0          0   __scatter.o
        28          0          0          0          0          0   __scatter_zi.o
         6          0          0          0          0          0   _printf_a.o
         6          0          0          0          0          0   _printf_c.o
        44          0          0          0          0        108   _printf_char.o
        48          6          0          0          0         96   _printf_char_common.o
        40          0          0          0          0         68   _printf_charcount.o
         6          0          0          0          0          0   _printf_d.o
       120         16          0          0          0         92   _printf_dec.o
         6          0          0          0          0          0   _printf_e.o
         6          0          0          0          0          0   _printf_f.o
      1050          0          0          0          0        216   _printf_fp_dec.o
       764         10         38          0          0        100   _printf_fp_hex.o
       128         16          0          0          0         84   _printf_fp_infnan.o
         6          0          0          0          0          0   _printf_g.o
       148          4         40          0          0        160   _printf_hex_int_ll_ptr.o
         6          0          0          0          0          0   _printf_i.o
       178          0          0          0          0         88   _printf_intcommon.o
        10          0          0          0          0          0   _printf_l.o
         6          0          0          0          0          0   _printf_lc.o
        10          0          0          0          0          0   _printf_ll.o
         6          0          0          0          0          0   _printf_lld.o
         6          0          0          0          0          0   _printf_lli.o
         6          0          0          0          0          0   _printf_llo.o
         6          0          0          0          0          0   _printf_llu.o
         6          0          0          0          0          0   _printf_llx.o
       124         16          0          0          0         92   _printf_longlong_dec.o
         6          0          0          0          0          0   _printf_ls.o
         6          0          0          0          0          0   _printf_n.o
         6          0          0          0          0          0   _printf_o.o
       112          8          0          0          0        124   _printf_oct_int_ll.o
         6          0          0          0          0          0   _printf_p.o
        78          0          0          0          0        108   _printf_pad.o
         0          0          0          0          0          0   _printf_percent.o
         4          0          0          0          0          0   _printf_percent_end.o
         6          0          0          0          0          0   _printf_s.o
        82          0          0          0          0         80   _printf_str.o
        36          0          0          0          0         84   _printf_truncate.o
         6          0          0          0          0          0   _printf_u.o
        44          0          0          0          0        108   _printf_wchar.o
       188          6          8          0          0         92   _printf_wctomb.o
         6          0          0          0          0          0   _printf_x.o
        10          0          0          0          0         68   _sputc.o
        64          0          0          0          0         92   _wcrtomb.o
       220          4        148          0          0         96   bigflt0.o
      1910        128          0          0          0        672   btod.o
        12          0          0          0          0         72   exit.o
         6          0          0          0          0        152   heapauxi.o
         0          0          0          0          0          0   indicate_semi.o
        44         10        272          0          0         76   lc_ctype_c.o
        44         10         28          0          0         76   lc_numeric_c.o
         2          0          0          0          0          0   libinit.o
        34          0          0          0          0          0   libinit2.o
         2          0          0          0          0          0   libshutdown.o
         2          0          0          0          0          0   libshutdown2.o
         8          4          0          0         96         68   libspace.o
       138          0          0          0          0         80   lludiv10.o
        16          4          0          0          0         76   rt_ctype_table.o
         8          4          0          0          0         68   rt_locale_intlibspace.o
        78          0          0          0          0         80   rt_memclr_w.o
       138          0          0          0          0         68   rt_memcpy_v6.o
       100          0          0          0          0         80   rt_memcpy_w.o
         2          0          0          0          0          0   rtexit.o
        10          0          0          0          0          0   rtexit2.o
       128          0          0          0          0         68   strcmpv7m.o
        62          0          0          0          0         76   strlen.o
        12          4          0          0          0         68   sys_exit.o
        74          0          0          0          0         80   sys_stackheap_outer.o
         2          0          0          0          0         68   use_no_semi.o
        36          4          0          0          0         76   vsprintf.o
       444          8          0          0          0       5856   adc.o
        38          0          0          0          0        544   cpu.o
       476         34          0          0          0       3030   eeprom.o
        32          8          0          0          0        848   fpu.o
       800         26        528          0          0       9472   gpio.o
       166         16        268        620          0       2516   interrupt.o
       188         12          0          0          0       6268   qei.o
       750         68        452          0          0       4711   sysctl.o
        62          0          0          0          0       1815   systick.o
       324         24        160          0          0       6113   timer.o
       270         18        128          0          0       5667   uart.o
        24          0          0          0          0        164   basic.o
        98          4          0          0          0        140   d2f.o
       804         16          0          0          0        368   daddsub_clz.o
        24          0          0          0          0        116   dcmpi.o
       688        140          0          0          0        256   ddiv.o
       120          4          0          0          0        140   deqf.o
        94          4          0          0          0        140   dfix.o
        46          0          0          0          0        116   dflt_clz.o
       120          4          0          0          0        140   dleqf.o
       340         12          0          0          0        152   dmul.o
       156          4          0          0          0        140   dnaninf.o
        12          0          0          0          0        116   dretinf.o
       108          0          0          0          0        128   drleqf.o
        86          4          0          0          0        132   f2d.o
       140          4          0          0          0        132   fnaninf.o
        10          0          0          0          0        116   fpinit.o
        10          0          0          0          0        116   fretinf.o
         4          0          0          0          0        116   printf1.o
         4          0          0          0          0        116   printf2.o
         0          0          0          0          0          0   usenofp.o
        48          0          0          0          0        124   fpclassify.o

    ----------------------------------------------------------------------
     13608        676       2088        620         96      53996   Library Totals
        30          0          1          0          0          0   (incl. Padding)

    ----------------------------------------------------------------------

      Code (inc. data)   RO Data    RW Data    ZI Data      Debug   Library Name

      7092        266        551          0         96       4188   c_w.l
      3550        214       1536        620          0      46840   driverlib.lib
      2888        196          0          0          0       2844   fz_wm.l
        48          0          0          0          0        124   m_wm.l

    ----------------------------------------------------------------------
     13608        676       2088        620         96      53996   Library Totals

    ----------------------------------------------------------------------

==============================================================================


      Code (inc. data)   RO Data    RW Data    ZI Data      Debug   

     30180       3406       2176       1644      21828     149260   Grand Totals
     30180       3406       2176        136      21828     149260   ELF Image Totals (compressed)
     30180       3406       2176        136          0          0   ROM Totals

==============================================================================

    Total RO  Size (Code + RO Data)                32356 (  31.60kB)
    Total RW  Size (RW Data + ZI Data)             23472 (  22.92kB)
    Total ROM Size (Code + RO Data + RW Data)      32492 (  31.73kB)

==============================================================================

