Component: ARM Compiler 5.05 update 1 (build 106) Tool: armlink [4d0efa]

==============================================================================

Section Cross References

    startup_rvmdk.o(STACK) refers (Special) to heapauxi.o(.text) for __use_two_region_memory
    startup_rvmdk.o(HEAP) refers (Special) to heapauxi.o(.text) for __use_two_region_memory
    startup_rvmdk.o(RESET) refers (Special) to heapauxi.o(.text) for __use_two_region_memory
    startup_rvmdk.o(RESET) refers to startup_rvmdk.o(STACK) for StackMem
    startup_rvmdk.o(RESET) refers to __main.o(!!!main) for __main
    startup_rvmdk.o(.text) refers (Special) to heapauxi.o(.text) for __use_two_region_memory
    startup_rvmdk.o(.text) refers to startup_rvmdk.o(HEAP) for HeapMem
    startup_rvmdk.o(.text) refers to startup_rvmdk.o(STACK) for StackMem
    battery.o(i.BattSenseISR) refers to battery.o(i.battery_Runtimeout) for battery_Runtimeout
    battery.o(i.BattSenseISR) refers to ir.o(i.vIR_Battery_ADCGet) for vIR_Battery_ADCGet
    battery.o(i.BattSenseISR) refers to buzzer.o(i.buzzer_low_battery_shutdown) for buzzer_low_battery_shutdown
    battery.o(i.BattSenseISR) refers to buzzer.o(i.buzzer_low_batterry_notify) for buzzer_low_batterry_notify
    battery.o(i.BattSenseISR) refers to battery.o(i.BattSenseTimerTimeout) for BattSenseTimerTimeout
    battery.o(i.BattSenseISR) refers to battery.o(.data) for BatteryVoltage
    battery.o(i.BattSenseTimerTimeout) refers to ir.o(i.vIR_BattSenseTrigger) for vIR_BattSenseTrigger
    battery.o(i.BattSenseTimerTimeout) refers to battery.o(.data) for battery_TimerID
    battery.o(i.BattSense_init) refers to sysctl.o(i.SysCtlPeripheralEnable) for SysCtlPeripheralEnable
    battery.o(i.BattSense_init) refers to gpio.o(i.GPIOPinTypeADC) for GPIOPinTypeADC
    battery.o(i.BattSense_init) refers to ir.o(i.vIR_BatteryIntRegister) for vIR_BatteryIntRegister
    battery.o(i.BattSense_init) refers to battery.o(i.battery_Runtimeout) for battery_Runtimeout
    battery.o(i.BattSense_init) refers to battery.o(i.BattSenseISR) for BattSenseISR
    battery.o(i.BattSense_init) refers to battery.o(i.BattSenseTimerTimeout) for BattSenseTimerTimeout
    battery.o(i.battery_Runtimeout) refers to battery.o(i.battery_Stoptimeout) for battery_Stoptimeout
    battery.o(i.battery_Runtimeout) refers to timer.o(i.TIMER_RegisterEvent) for TIMER_RegisterEvent
    battery.o(i.battery_Runtimeout) refers to battery.o(.data) for battery_TimerID
    battery.o(i.battery_Stoptimeout) refers to timer.o(i.TIMER_UnregisterEvent) for TIMER_UnregisterEvent
    battery.o(i.battery_Stoptimeout) refers to battery.o(.data) for battery_TimerID
    bluetooth.o(i.Bluetooth_RxTxHandler) refers to uart.o(i.UARTIntStatus) for UARTIntStatus
    bluetooth.o(i.Bluetooth_RxTxHandler) refers to uart.o(i.UARTIntClear) for UARTIntClear
    bluetooth.o(i.Bluetooth_RxTxHandler) refers to uart.o(i.UARTCharPutNonBlocking) for UARTCharPutNonBlocking
    bluetooth.o(i.Bluetooth_RxTxHandler) refers to bluetooth.o(i.HC05_PutEvtIntoQueue) for HC05_PutEvtIntoQueue
    bluetooth.o(i.Bluetooth_RxTxHandler) refers to uart.o(i.UARTCharGet) for UARTCharGet
    bluetooth.o(i.Bluetooth_RxTxHandler) refers to uart.o(i.UARTCharsAvail) for UARTCharsAvail
    bluetooth.o(i.Bluetooth_RxTxHandler) refers to bluetooth.o(.data) for txTail
    bluetooth.o(i.Bluetooth_RxTxHandler) refers to bluetooth.o(.bss) for txBuffer
    bluetooth.o(i.HC05_ClearEvtQueue) refers to rt_memclr_w.o(.text) for __aeabi_memclr4
    bluetooth.o(i.HC05_ClearEvtQueue) refers to bluetooth.o(.data) for hc05_IsEvtQueueFull
    bluetooth.o(i.HC05_ClearEvtQueue) refers to bluetooth.o(.bss) for hc05_EvtQueue
    bluetooth.o(i.HC05_EventProcessing) refers to bluetooth.o(i.HC05_GetEvtFromQueue) for HC05_GetEvtFromQueue
    bluetooth.o(i.HC05_EventProcessing) refers to bluetooth.o(i.HC05_NotifyUpperLayer) for HC05_NotifyUpperLayer
    bluetooth.o(i.HC05_EventProcessing) refers to bluetooth.o(i.HC05_RunTimeout) for HC05_RunTimeout
    bluetooth.o(i.HC05_EventProcessing) refers to bluetooth.o(i.HC05_GetRxSize) for HC05_GetRxSize
    bluetooth.o(i.HC05_EventProcessing) refers to bluetooth.o(i.HC05_StopTimeout) for HC05_StopTimeout
    bluetooth.o(i.HC05_EventProcessing) refers to bluetooth.o(i.HC05_QueryRxData) for HC05_QueryRxData
    bluetooth.o(i.HC05_EventProcessing) refers to bluetooth.o(.data) for b_is_has_new_data
    bluetooth.o(i.HC05_GetEvtFromQueue) refers to bluetooth.o(i.HC05_IsEvtQueueEmpty) for HC05_IsEvtQueueEmpty
    bluetooth.o(i.HC05_GetEvtFromQueue) refers to bluetooth.o(.data) for hc05_evt_r_index
    bluetooth.o(i.HC05_GetEvtFromQueue) refers to bluetooth.o(.bss) for hc05_EvtQueue
    bluetooth.o(i.HC05_GetRxData) refers to bluetooth.o(i.ReadRxBuffer) for ReadRxBuffer
    bluetooth.o(i.HC05_GetRxData) refers to bluetooth.o(.data) for ui16_rxSize
    bluetooth.o(i.HC05_GetRxSize) refers to bluetooth.o(.data) for ui16_rxSize
[...]
    _fp_trap_shutdown                         - Undefined Weak Reference
    _get_lc_collate                           - Undefined Weak Reference
    _get_lc_monetary                          - Undefined Weak Reference
    _get_lc_time                              - Undefined Weak Reference
    _getenv_init                              - Undefined Weak Reference
    _handle_redirection                       - Undefined Weak Reference
    _init_alloc                               - Undefined Weak Reference
    _init_user_alloc                          - Undefined Weak Reference
    _initio                                   - Undefined Weak Reference
    _printf_mbtowc                            - Undefined Weak Reference
    _printf_wc                                - Undefined Weak Reference
    _rand_init                                - Undefined Weak Reference
    _signal_finish                            - Undefined Weak Reference
    _signal_init                              - Undefined Weak Reference
    _terminate_alloc                          - Undefined Weak Reference
    _terminate_user_alloc                     - Undefined Weak Reference
    _terminateio                              - Undefined Weak Reference
    __Vectors                                0x00001000   Data           0  startup_rvmdk.o(RESET)
    Reset_Handler                            0x0000126d   Thumb Code     0  startup_rvmdk.o(RESET)
    __main                                   0x00001289   Thumb Code     8  __main.o(!!!main)
    __scatterload                            0x00001291   Thumb Code     0  __scatter.o(!!!scatter)
    __scatterload_rt2                        0x00001291   Thumb Code    44  __scatter.o(!!!scatter)
    __scatterload_rt2_thumb_only             0x00001291   Thumb Code     0  __scatter.o(!!!scatter)
    __scatterload_null                       0x0000129f   Thumb Code     0  __scatter.o(!!!scatter)
    __decompress                             0x000012c5   Thumb Code    90  __dczerorl2.o(!!dczerorl2)
    __decompress1                            0x000012c5   Thumb Code     0  __dczerorl2.o(!!dczerorl2)
    __scatterload_zeroinit                   0x00001321   Thumb Code    28  __scatter_zi.o(!!handler_zi)
    _printf_n                                0x0000133d   Thumb Code     0  _printf_n.o(.ARM.Collect$$_printf_percent$$00000001)
    _printf_percent                          0x0000133d   Thumb Code     0  _printf_percent.o(.ARM.Collect$$_printf_percent$$00000000)
    _printf_p                                0x00001343   Thumb Code     0  _printf_p.o(.ARM.Collect$$_printf_percent$$00000002)
    _printf_f                                0x00001349   Thumb Code     0  _printf_f.o(.ARM.Collect$$_printf_percent$$00000003)
    _printf_e                                0x0000134f   Thumb Code     0  _printf_e.o(.ARM.Collect$$_printf_percent$$00000004)
    _printf_g                                0x00001355   Thumb Code     0  _printf_g.o(.ARM.Collect$$_printf_percent$$00000005)
    _printf_a                                0x0000135b   Thumb Code     0  _printf_a.o(.ARM.Collect$$_printf_percent$$00000006)
    _printf_ll                               0x00001361   Thumb Code     0  _printf_ll.o(.ARM.Collect$$_printf_percent$$00000007)
    _printf_i                                0x0000136b   Thumb Code     0  _printf_i.o(.ARM.Collect$$_printf_percent$$00000008)
    _printf_d                                0x00001371   Thumb Code     0  _printf_d.o(.ARM.Collect$$_printf_percent$$00000009)
    _printf_u                                0x00001377   Thumb Code     0  _printf_u.o(.ARM.Collect$$_printf_percent$$0000000A)
    _printf_o                                0x0000137d   Thumb Code     0  _printf_o.o(.ARM.Collect$$_printf_percent$$0000000B)
    _printf_x                                0x00001383   Thumb Code     0  _printf_x.o(.ARM.Collect$$_printf_percent$$0000000C)
    _printf_lli                              0x00001389   Thumb Code     0  _printf_lli.o(.ARM.Collect$$_printf_percent$$0000000D)
    _printf_lld                              0x0000138f   Thumb Code     0  _printf_lld.o(.ARM.Collect$$_printf_percent$$0000000E)
    _printf_llu                              0x00001395   Thumb Code     0  _printf_llu.o(.ARM.Collect$$_printf_percent$$0000000F)
    _printf_llo                              0x0000139b   Thumb Code     0  _printf_llo.o(.ARM.Collect$$_printf_percent$$00000010)
    _printf_llx                              0x000013a1   Thumb Code     0  _printf_llx.o(.ARM.Collect$$_printf_percent$$00000011)
    _printf_l                                0x000013a7   Thumb Code     0  _printf_l.o(.ARM.Collect$$_printf_percent$$00000012)
    _printf_c                                0x000013b1   Thumb Code     0  _printf_c.o(.ARM.Collect$$_printf_percent$$00000013)
    _printf_s                                0x000013b7   Thumb Code     0  _printf_s.o(.ARM.Collect$$_printf_percent$$00000014)
    _printf_lc                               0x000013bd   Thumb Code     0  _printf_lc.o(.ARM.Collect$$_printf_percent$$00000015)
    _printf_ls                               0x000013c3   Thumb Code     0  _printf_ls.o(.ARM.Collect$$_printf_percent$$00000016)
    _printf_percent_end                      0x000013c9   Thumb Code     0  _printf_percent_end.o(.ARM.Collect$$_printf_percent$$00000017)
    __rt_lib_init                            0x000013cd   Thumb Code     0  libinit.o(.ARM.Collect$$libinit$$00000000)
    __rt_lib_init_fp_1                       0x000013cf   Thumb Code     0  libinit2.o(.ARM.Collect$$libinit$$00000001)
    __rt_lib_init_heap_1                     0x000013d3   Thumb Code     0  libinit2.o(.ARM.Collect$$libinit$$0000000A)
    __rt_lib_init_lc_common                  0x000013d3   Thumb Code     0  libinit2.o(.ARM.Collect$$libinit$$0000000F)
    __rt_lib_init_preinit_1                  0x000013d3   Thumb Code     0  libinit2.o(.ARM.Collect$$libinit$$00000004)
    __rt_lib_init_rand_1                     0x000013d3   Thumb Code     0  libinit2.o(.ARM.Collect$$libinit$$0000000E)
    __rt_lib_init_user_alloc_1               0x000013d3   Thumb Code     0  libinit2.o(.ARM.Collect$$libinit$$0000000C)
    __rt_lib_init_lc_collate_1               0x000013d9   Thumb Code     0  libinit2.o(.ARM.Collect$$libinit$$00000011)
    __rt_lib_init_lc_ctype_2                 0x000013d9   Thumb Code     0  libinit2.o(.ARM.Collect$$libinit$$00000012)
    __rt_lib_init_lc_ctype_1                 0x000013e5   Thumb Code     0  libinit2.o(.ARM.Collect$$libinit$$00000013)
    __rt_lib_init_lc_monetary_1              0x000013e5   Thumb Code     0  libinit2.o(.ARM.Collect$$libinit$$00000015)
    __rt_lib_init_lc_numeric_2               0x000013e5   Thumb Code     0  libinit2.o(.ARM.Collect$$libinit$$00000016)
    __rt_lib_init_alloca_1                   0x000013ef   Thumb Code     0  libinit2.o(.ARM.Collect$$libinit$$0000002E)
    __rt_lib_init_argv_1                     0x000013ef   Thumb Code     0  libinit2.o(.ARM.Collect$$libinit$$0000002C)
    __rt_lib_init_atexit_1                   0x000013ef   Thumb Code     0  libinit2.o(.ARM.Collect$$libinit$$0000001B)
    __rt_lib_init_clock_1                    0x000013ef   Thumb Code     0  libinit2.o(.ARM.Collect$$libinit$$00000021)
    __rt_lib_init_cpp_1                      0x000013ef   Thumb Code     0  libinit2.o(.ARM.Collect$$libinit$$00000032)
    __rt_lib_init_exceptions_1               0x000013ef   Thumb Code     0  libinit2.o(.ARM.Collect$$libinit$$00000030)
    __rt_lib_init_fp_trap_1                  0x000013ef   Thumb Code     0  libinit2.o(.ARM.Collect$$libinit$$0000001F)
    __rt_lib_init_getenv_1                   0x000013ef   Thumb Code     0  libinit2.o(.ARM.Collect$$libinit$$00000023)
    __rt_lib_init_lc_numeric_1               0x000013ef   Thumb Code     0  libinit2.o(.ARM.Collect$$libinit$$00000017)
    __rt_lib_init_lc_time_1                  0x000013ef   Thumb Code     0  libinit2.o(.ARM.Collect$$libinit$$00000019)
    __rt_lib_init_return                     0x000013ef   Thumb Code     0  libinit2.o(.ARM.Collect$$libinit$$00000033)
    __rt_lib_init_signal_1                   0x000013ef   Thumb Code     0  libinit2.o(.ARM.Collect$$libinit$$0000001D)
    __rt_lib_init_stdio_1                    0x000013ef   Thumb Code     0  libinit2.o(.ARM.Collect$$libinit$$00000025)
    __rt_lib_shutdown                        0x000013f1   Thumb Code     0  libshutdown.o(.ARM.Collect$$libshutdown$$00000000)
    __rt_lib_shutdown_fp_trap_1              0x000013f3   Thumb Code     0  libshutdown2.o(.ARM.Collect$$libshutdown$$00000006)
    __rt_lib_shutdown_heap_1                 0x000013f3   Thumb Code     0  libshutdown2.o(.ARM.Collect$$libshutdown$$0000000E)
    __rt_lib_shutdown_return                 0x000013f3   Thumb Code     0  libshutdown2.o(.ARM.Collect$$libshutdown$$0000000F)
    __rt_lib_shutdown_signal_1               0x000013f3   Thumb Code     0  libshutdown2.o(.ARM.Collect$$libshutdown$$00000009)
    __rt_lib_shutdown_stdio_1                0x000013f3   Thumb Code     0  libshutdown2.o(.ARM.Collect$$libshutdown$$00000003)
    __rt_lib_shutdown_user_alloc_1           0x000013f3   Thumb Code     0  libshutdown2.o(.ARM.Collect$$libshutdown$$0000000B)
    __rt_entry                               0x000013f5   Thumb Code     0  __rtentry.o(.ARM.Collect$$rtentry$$00000000)
    __rt_entry_presh_1                       0x000013f5   Thumb Code     0  __rtentry2.o(.ARM.Collect$$rtentry$$00000002)
    __rt_entry_sh                            0x000013f5   Thumb Code     0  __rtentry4.o(.ARM.Collect$$rtentry$$00000004)
    __rt_entry_li                            0x000013fb   Thumb Code     0  __rtentry2.o(.ARM.Collect$$rtentry$$0000000A)
    __rt_entry_postsh_1                      0x000013fb   Thumb Code     0  __rtentry2.o(.ARM.Collect$$rtentry$$00000009)
    __rt_entry_main                          0x000013ff   Thumb Code     0  __rtentry2.o(.ARM.Collect$$rtentry$$0000000D)
    __rt_entry_postli_1                      0x000013ff   Thumb Code     0  __rtentry2.o(.ARM.Collect$$rtentry$$0000000C)
    __rt_exit                                0x00001407   Thumb Code     0  rtexit.o(.ARM.Collect$$rtexit$$00000000)
    __rt_exit_ls                             0x00001409   Thumb Code     0  rtexit2.o(.ARM.Collect$$rtexit$$00000003)
    __rt_exit_prels_1                        0x00001409   Thumb Code     0  rtexit2.o(.ARM.Collect$$rtexit$$00000002)
    __rt_exit_exit                           0x0000140d   Thumb Code     0  rtexit2.o(.ARM.Collect$$rtexit$$00000004)
    SysCtlDelay                              0x00001415   Thumb Code     6  sysctl.o(.emb_text)
    CPUcpsid                                 0x0000141d   Thumb Code     8  cpu.o(.emb_text)
    CPUprimask                               0x00001425   Thumb Code     6  cpu.o(.emb_text)
    CPUcpsie                                 0x0000142b   Thumb Code     8  cpu.o(.emb_text)
    CPUwfi                                   0x00001433   Thumb Code     4  cpu.o(.emb_text)
    CPUbasepriSet                            0x00001437   Thumb Code     6  cpu.o(.emb_text)
    CPUbasepriGet                            0x0000143d   Thumb Code     6  cpu.o(.emb_text)
    __user_initial_stackheap                 0x00001445   Thumb Code     0  startup_rvmdk.o(.text)
    vsprintf                                 0x00001461   Thumb Code    32  vsprintf.o(.text)
    strlen                                   0x00001485   Thumb Code    62  strlen.o(.text)
    __aeabi_memcpy                           0x000014c3   Thumb Code     0  rt_memcpy_v6.o(.text)
    __rt_memcpy                              0x000014c3   Thumb Code   138  rt_memcpy_v6.o(.text)
    _memcpy_lastbytes                        0x00001529   Thumb Code     0  rt_memcpy_v6.o(.text)
    __aeabi_memcpy4                          0x0000154d   Thumb Code     0  rt_memcpy_w.o(.text)
    __aeabi_memcpy8                          0x0000154d   Thumb Code     0  rt_memcpy_w.o(.text)
    __rt_memcpy_w                            0x0000154d   Thumb Code   100  rt_memcpy_w.o(.text)
    _memcpy_lastbytes_aligned                0x00001595   Thumb Code     0  rt_memcpy_w.o(.text)
    __aeabi_memclr                           0x000015b1   Thumb Code     0  rt_memclr.o(.text)
    __rt_memclr                              0x000015b1   Thumb Code    68  rt_memclr.o(.text)
    _memset                                  0x000015b5   Thumb Code     0  rt_memclr.o(.text)
    __aeabi_memclr4                          0x000015f5   Thumb Code     0  rt_memclr_w.o(.text)
    __aeabi_memclr8                          0x000015f5   Thumb Code     0  rt_memclr_w.o(.text)
    __rt_memclr_w                            0x000015f5   Thumb Code    78  rt_memclr_w.o(.text)
    _memset_w                                0x000015f9   Thumb Code     0  rt_memclr_w.o(.text)
    __use_two_region_memory                  0x00001643   Thumb Code     2  heapauxi.o(.text)
    __rt_heap_escrow$2region                 0x00001645   Thumb Code     2  heapauxi.o(.text)
    __rt_heap_expand$2region                 0x00001647   Thumb Code     2  heapauxi.o(.text)
    _printf_pre_padding                      0x00001649   Thumb Code    44  _printf_pad.o(.text)
    _printf_post_padding                     0x00001675   Thumb Code    34  _printf_pad.o(.text)
    _printf_truncate_signed                  0x00001697   Thumb Code    18  _printf_truncate.o(.text)
    _printf_truncate_unsigned                0x000016a9   Thumb Code    18  _printf_truncate.o(.text)
    _printf_str                              0x000016bb   Thumb Code    82  _printf_str.o(.text)
    _printf_int_dec                          0x0000170d   Thumb Code   104  _printf_dec.o(.text)
    _printf_charcount                        0x00001785   Thumb Code    40  _printf_charcount.o(.text)
    _printf_char_common                      0x000017b7   Thumb Code    32  _printf_char_common.o(.text)
    _sputc                                   0x000017dd   Thumb Code    10  _sputc.o(.text)
    _printf_wctomb                           0x000017e9   Thumb Code   182  _printf_wctomb.o(.text)
    _printf_longlong_dec                     0x000018a5   Thumb Code   108  _printf_longlong_dec.o(.text)
    _printf_longlong_oct                     0x00001921   Thumb Code    68  _printf_oct_int_ll.o(.text)
    _printf_int_oct                          0x00001965   Thumb Code    24  _printf_oct_int_ll.o(.text)
    _printf_ll_oct                           0x0000197d   Thumb Code    12  _printf_oct_int_ll.o(.text)
    _printf_longlong_hex                     0x00001991   Thumb Code    86  _printf_hex_int_ll_ptr.o(.text)
    _printf_int_hex                          0x000019e7   Thumb Code    28  _printf_hex_int_ll_ptr.o(.text)
    _printf_ll_hex                           0x00001a03   Thumb Code    12  _printf_hex_int_ll_ptr.o(.text)
    _printf_hex_ptr                          0x00001a0f   Thumb Code    18  _printf_hex_int_ll_ptr.o(.text)
    __printf                                 0x00001a25   Thumb Code   388  __printf_flags_ss_wp.o(.text)
    _ll_udiv10                               0x00001bad   Thumb Code   138  lludiv10.o(.text)
    _printf_int_common                       0x00001c37   Thumb Code   178  _printf_intcommon.o(.text)
    __lib_sel_fp_printf                      0x00001ce9   Thumb Code     2  _printf_fp_dec.o(.text)
    _printf_fp_dec_real                      0x00001e97   Thumb Code   620  _printf_fp_dec.o(.text)
    _printf_fp_hex_real                      0x00002105   Thumb Code   754  _printf_fp_hex.o(.text)
    _printf_cs_common                        0x00002401   Thumb Code    20  _printf_char.o(.text)
    _printf_char                             0x00002415   Thumb Code    16  _printf_char.o(.text)
    _printf_string                           0x00002425   Thumb Code     8  _printf_char.o(.text)
    _printf_lcs_common                       0x0000242d   Thumb Code    20  _printf_wchar.o(.text)
    _printf_wchar                            0x00002441   Thumb Code    16  _printf_wchar.o(.text)
    _printf_wstring                          0x00002451   Thumb Code     8  _printf_wchar.o(.text)
    _wcrtomb                                 0x00002459   Thumb Code    64  _wcrtomb.o(.text)
    __user_setup_stackheap                   0x00002499   Thumb Code    74  sys_stackheap_outer.o(.text)
    __rt_ctype_table                         0x000024e5   Thumb Code    16  rt_ctype_table.o(.text)
    __rt_locale                              0x000024f5   Thumb Code     8  rt_locale_intlibspace.o(.text)
    _printf_fp_infnan                        0x000024fd   Thumb Code   112  _printf_fp_infnan.o(.text)
    _btod_etento                             0x0000257d   Thumb Code   216  bigflt0.o(.text)
    exit                                     0x00002659   Thumb Code    12  exit.o(.text)
    __user_libspace                          0x00002665   Thumb Code     8  libspace.o(.text)
    __user_perproc_libspace                  0x00002665   Thumb Code     0  libspace.o(.text)
    __user_perthread_libspace                0x00002665   Thumb Code     0  libspace.o(.text)
    strcmp                                   0x0000266d   Thumb Code   128  strcmpv7m.o(.text)
    _sys_exit                                0x000026ed   Thumb Code     8  sys_exit.o(.text)
    __I$use$semihosting                      0x000026f9   Thumb Code     0  use_no_semi.o(.text)
    __use_no_semihosting_swi                 0x000026f9   Thumb Code     2  use_no_semi.o(.text)
    __semihosting_library_function           0x000026fb   Thumb Code     0  indicate_semi.o(.text)
    _btod_d2e                                0x000026fb   Thumb Code    62  btod.o(CL$$btod_d2e)
    _d2e_denorm_low                          0x00002739   Thumb Code    70  btod.o(CL$$btod_d2e_denorm_low)
    _d2e_norm_op1                            0x0000277f   Thumb Code    96  btod.o(CL$$btod_d2e_norm_op1)
    __btod_div_common                        0x000027df   Thumb Code   696  btod.o(CL$$btod_div_common)
    _e2e                                     0x00002b17   Thumb Code   198  btod.o(CL$$btod_e2e)
    _btod_ediv                               0x00002bdd   Thumb Code    40  btod.o(CL$$btod_ediv)
    _btod_emul                               0x00002c05   Thumb Code    40  btod.o(CL$$btod_emul)
    __btod_mult_common                       0x00002c2d   Thumb Code   580  btod.o(CL$$btod_mult_common)
    ADCHardwareOversampleConfigure           0x00002e71   Thumb Code    18  adc.o(i.ADCHardwareOversampleConfigure)
    ADCIntClear                              0x00002e83   Thumb Code    10  adc.o(i.ADCIntClear)
    ADCIntEnable                             0x00002e8d   Thumb Code    16  adc.o(i.ADCIntEnable)
    ADCIntRegister                           0x00002e9d   Thumb Code    84  adc.o(i.ADCIntRegister)
    ADCProcessorTrigger                      0x00002ef9   Thumb Code    26  adc.o(i.ADCProcessorTrigger)
    ADCSequenceConfigure                     0x00002f13   Thumb Code    78  adc.o(i.ADCSequenceConfigure)
    ADCSequenceDataGet                       0x00002f61   Thumb Code    36  adc.o(i.ADCSequenceDataGet)
    ADCSequenceEnable                        0x00002f85   Thumb Code    14  adc.o(i.ADCSequenceEnable)
    ADCSequenceStepConfigure                 0x00002f93   Thumb Code   154  adc.o(i.ADCSequenceStepConfigure)
    BattSenseISR                             0x0000302d   Thumb Code   120  battery.o(i.BattSenseISR)
    BattSenseTimerTimeout                    0x000030c5   Thumb Code    14  battery.o(i.BattSenseTimerTimeout)
    BattSense_init                           0x000030d9   Thumb Code    40  battery.o(i.BattSense_init)
    ButtonHandler                            0x00003285   Thumb Code   176  main.o(i.ButtonHandler)
    ButtonRegisterCallback                   0x0000333d   Thumb Code    30  button.o(i.ButtonRegisterCallback)
    ButtonRightHandler                       0x00003365   Thumb Code   292  main.o(i.ButtonRightHandler)
    Button_init                              0x00003491   Thumb Code   114  button.o(i.Button_init)
    Config_System                            0x00003755   Thumb Code    72  systemconfig.o(i.Config_System)
    Control_initialize                       0x000037ad   Thumb Code    10  control_initialize.o(i.Control_initialize)
    EEPROMInit                               0x000037b9   Thumb Code    60  eeprom.o(i.EEPROMInit)
    EEPROMProgram                            0x000037fd   Thumb Code   334  eeprom.o(i.EEPROMProgram)
    EEPROMRead                               0x00003961   Thumb Code    48  eeprom.o(i.EEPROMRead)
    EEPROMReadWords                          0x00003995   Thumb Code    50  eeprom.o(i.EEPROMReadWords)
    EEPROMWrite                              0x000039c7   Thumb Code    50  eeprom.o(i.EEPROMWrite)
    EEPROM_Init                              0x000039f9   Thumb Code    14  eeprom.o(i.EEPROM_Init)
    FPUEnable                                0x00003a0d   Thumb Code    12  fpu.o(i.FPUEnable)
    FPULazyStackingEnable                    0x00003a1d   Thumb Code    12  fpu.o(i.FPULazyStackingEnable)
    GPIODirModeSet                           0x00003a2d   Thumb Code    40  gpio.o(i.GPIODirModeSet)
    GPIOIntClear                             0x00003a55   Thumb Code     6  gpio.o(i.GPIOIntClear)
    GPIOIntEnable                            0x00003a5b   Thumb Code    12  gpio.o(i.GPIOIntEnable)
    GPIOIntRegister                          0x00003a69   Thumb Code    70  gpio.o(i.GPIOIntRegister)
    GPIOIntStatus                            0x00003ac1   Thumb Code    14  gpio.o(i.GPIOIntStatus)
    GPIOIntTypeSet                           0x00003acf   Thumb Code    80  gpio.o(i.GPIOIntTypeSet)
    GPIOPadConfigSet                         0x00003b1f   Thumb Code   312  gpio.o(i.GPIOPadConfigSet)
    GPIOPinConfigure                         0x00003c59   Thumb Code    60  gpio.o(i.GPIOPinConfigure)
    GPIOPinRead                              0x00003c9d   Thumb Code     6  gpio.o(i.GPIOPinRead)
    GPIOPinTypeADC                           0x00003ca3   Thumb Code    28  gpio.o(i.GPIOPinTypeADC)
    GPIOPinTypeGPIOInput                     0x00003cbf   Thumb Code    28  gpio.o(i.GPIOPinTypeGPIOInput)
    GPIOPinTypeGPIOOutput                    0x00003cdb   Thumb Code    28  gpio.o(i.GPIOPinTypeGPIOOutput)
    GPIOPinTypeQEI                           0x00003cf7   Thumb Code    28  gpio.o(i.GPIOPinTypeQEI)
    GPIOPinTypeTimer                         0x00003d13   Thumb Code    28  gpio.o(i.GPIOPinTypeTimer)
    GPIOPinTypeUART                          0x00003d2f   Thumb Code    28  gpio.o(i.GPIOPinTypeUART)
    GPIOPinWrite                             0x00003d4b   Thumb Code     6  gpio.o(i.GPIOPinWrite)
    HC05_ClearEvtQueue                       0x00003d51   Thumb Code    26  bluetooth.o(i.HC05_ClearEvtQueue)
    HC05_EventProcessing                     0x00003d7d   Thumb Code   142  bluetooth.o(i.HC05_EventProcessing)
    HC05_GetRxData                           0x00003e51   Thumb Code    52  bluetooth.o(i.HC05_GetRxData)
    HC05_GetRxSize                           0x00003e89   Thumb Code     6  bluetooth.o(i.HC05_GetRxSize)
    HC05_GetSystemInfoID                     0x00003e95   Thumb Code     6  bluetooth.o(i.HC05_GetSystemInfoID)
    HC05_GetSystemInfoType                   0x00003ea1   Thumb Code     6  bluetooth.o(i.HC05_GetSystemInfoType)
    HC05_HandleTimeoutEvt                    0x00003ead   Thumb Code    10  bluetooth.o(i.HC05_HandleTimeoutEvt)
    HC05_NotifyUpperLayer                    0x00003ee1   Thumb Code    42  bluetooth.o(i.HC05_NotifyUpperLayer)
    HC05_QueryRxData                         0x00003fd1   Thumb Code    16  bluetooth.o(i.HC05_QueryRxData)
    HC05_RegisterEvtNotify                   0x00003fe5   Thumb Code    34  bluetooth.o(i.HC05_RegisterEvtNotify)
    HC05_RunTimeout                          0x0000400d   Thumb Code    18  bluetooth.o(i.HC05_RunTimeout)
    HC05_StopTimeout                         0x00004029   Thumb Code    12  bluetooth.o(i.HC05_StopTimeout)
    HostCommHandler_HandshakeEvent           0x00004039   Thumb Code    26  hostcommhandler.o(i.HostCommHandler_HandshakeEvent)
    HostCommHandler_Init                     0x00004059   Thumb Code    20  hostcommhandler.o(i.HostCommHandler_Init)
    HostCommHandler_SpeedSet                 0x00004075   Thumb Code    26  hostcommhandler.o(i.HostCommHandler_SpeedSet)
    HostComm_DevGenMsgId                     0x00004095   Thumb Code    26  hostcomm.o(i.HostComm_DevGenMsgId)
    HostComm_Dev_FindRespListIndex           0x000040b5   Thumb Code    42  hostcomm.o(i.HostComm_Dev_FindRespListIndex)
    HostComm_Dev_FreeRespListIndex           0x000040e5   Thumb Code    14  hostcomm.o(i.HostComm_Dev_FreeRespListIndex)
    HostComm_Dev_GetFreeRespListIndex        0x000040f9   Thumb Code    36  hostcomm.o(i.HostComm_Dev_GetFreeRespListIndex)
    HostComm_Dev_HandleRxMsg                 0x00004121   Thumb Code   158  hostcomm.o(i.HostComm_Dev_HandleRxMsg)
    HostComm_Dev_RegisterCallback            0x000041c9   Thumb Code    44  hostcomm.o(i.HostComm_Dev_RegisterCallback)
    HostComm_Dev_SendEvent                   0x000041f9   Thumb Code   134  hostcomm.o(i.HostComm_Dev_SendEvent)
    HostComm_Dev_SendMsg                     0x0000428d   Thumb Code   110  hostcomm.o(i.HostComm_Dev_SendMsg)
    HostComm_Dev_UpdateWaitRespList          0x00004309   Thumb Code    76  hostcomm.o(i.HostComm_Dev_UpdateWaitRespList)
    HostComm_EventProcessing                 0x00004359   Thumb Code    22  hostcomm.o(i.HostComm_EventProcessing)
    HostComm_HandleBluetoothEvent            0x00004375   Thumb Code    70  hostcomm.o(i.HostComm_HandleBluetoothEvent)
    HostComm_HandleRxData                    0x000043c5   Thumb Code   246  hostcomm.o(i.HostComm_HandleRxData)
    HostComm_HandleRxMsgData                 0x000044cd   Thumb Code   138  hostcomm.o(i.HostComm_HandleRxMsgData)
    HostComm_Init                            0x00004559   Thumb Code    36  hostcomm.o(i.HostComm_Init)
    HostComm_SetDeviceId                     0x00004581   Thumb Code     6  hostcomm.o(i.HostComm_SetDeviceId)
    HostComm_SetServerId                     0x0000458d   Thumb Code     6  hostcomm.o(i.HostComm_SetServerId)
    HostComm_calcCheckSum                    0x00004599   Thumb Code    26  hostcomm.o(i.HostComm_calcCheckSum)
    IRDetector_init                          0x000045b5   Thumb Code   136  ir.o(i.IRDetector_init)
    IR_GetIrDetectorValue                    0x00004779   Thumb Code    20  ir.o(i.IR_GetIrDetectorValue)
    IR_get_calib_value                       0x00004891   Thumb Code    72  ir.o(i.IR_get_calib_value)
    IR_set_calib_value                       0x000048dd   Thumb Code   212  ir.o(i.IR_set_calib_value)
    IntEnable                                0x00004aa1   Thumb Code    92  interrupt.o(i.IntEnable)
    IntMasterDisable                         0x00004b05   Thumb Code    14  interrupt.o(i.IntMasterDisable)
    IntMasterEnable                          0x00004b13   Thumb Code    14  interrupt.o(i.IntMasterEnable)
    IntRegister                              0x00004b21   Thumb Code    44  interrupt.o(i.IntRegister)
    LED_Display_init                         0x00004b55   Thumb Code    86  systemconfig.o(i.LED_Display_init)
    ProcessSpeedControl                      0x00004bcd   Thumb Code   260  speed_control.o(i.ProcessSpeedControl)
    QEIConfigure                             0x00004d69   Thumb Code    14  qei.o(i.QEIConfigure)
    QEIDirectionGet                          0x00004d77   Thumb Code    16  qei.o(i.QEIDirectionGet)
    QEIEnable                                0x00004d87   Thumb Code    10  qei.o(i.QEIEnable)
    QEIIntClear                              0x00004d91   Thumb Code     4  qei.o(i.QEIIntClear)
    QEIIntEnable                             0x00004d95   Thumb Code     8  qei.o(i.QEIIntEnable)
    QEIIntRegister                           0x00004d9d   Thumb Code    76  qei.o(i.QEIIntRegister)
    QEIIntStatus                             0x00004df5   Thumb Code    10  qei.o(i.QEIIntStatus)
    QEIVelocityConfigure                     0x00004dff   Thumb Code    16  qei.o(i.QEIVelocityConfigure)
    QEIVelocityEnable                        0x00004e0f   Thumb Code    10  qei.o(i.QEIVelocityEnable)
    QEIVelocityGet                           0x00004e19   Thumb Code     4  qei.o(i.QEIVelocityGet)
    STR_Indirect                             0x00004e81   Thumb Code  1120  str_indirect.o(i.STR_Indirect)
    SysCtlClockSet                           0x00005331   Thumb Code   270  sysctl.o(i.SysCtlClockSet)
    SysCtlPeripheralEnable                   0x00005451   Thumb Code    36  sysctl.o(i.SysCtlPeripheralEnable)
    SysCtlPeripheralReset                    0x00005479   Thumb Code    56  sysctl.o(i.SysCtlPeripheralReset)
    SysTickEnable                            0x000054b5   Thumb Code    14  systick.o(i.SysTickEnable)
    SysTickIntEnable                         0x000054c3   Thumb Code    14  systick.o(i.SysTickIntEnable)
    SysTickIntRegister                       0x000054e1   Thumb Code    24  systick.o(i.SysTickIntRegister)
    SysTickPeriodSet                         0x000054f9   Thumb Code    10  systick.o(i.SysTickPeriodSet)
    TIMER_ISR                                0x00005505   Thumb Code    94  timer.o(i.TIMER_ISR)
    TIMER_RegisterEvent                      0x0000556d   Thumb Code    62  timer.o(i.TIMER_RegisterEvent)
    TIMER_UnregisterEvent                    0x000055b1   Thumb Code    28  timer.o(i.TIMER_UnregisterEvent)
    TimerConfigure                           0x000055d1   Thumb Code    88  timer.o(i.TimerConfigure)
    TimerControlLevel                        0x00005631   Thumb Code    22  timer.o(i.TimerControlLevel)
    TimerControlStall                        0x00005647   Thumb Code    22  timer.o(i.TimerControlStall)
    TimerEnable                              0x0000565d   Thumb Code    14  timer.o(i.TimerEnable)
    TimerIntClear                            0x0000566b   Thumb Code     4  timer.o(i.TimerIntClear)
    TimerIntEnable                           0x0000566f   Thumb Code     8  timer.o(i.TimerIntEnable)
    TimerIntRegister                         0x00005679   Thumb Code    88  timer.o(i.TimerIntRegister)
    TimerLoadSet                             0x000056e1   Thumb Code    18  timer.o(i.TimerLoadSet)
    TimerMatchSet                            0x000056f3   Thumb Code    18  timer.o(i.TimerMatchSet)
    TimerPrescaleSet                         0x00005705   Thumb Code    18  timer.o(i.TimerPrescaleSet)
    Timer_Init                               0x00005719   Thumb Code    90  timer.o(i.Timer_Init)
    UARTCharGet                              0x00005781   Thumb Code    12  uart.o(i.UARTCharGet)
    UARTCharPutNonBlocking                   0x0000578d   Thumb Code    16  uart.o(i.UARTCharPutNonBlocking)
    UARTCharsAvail                           0x0000579d   Thumb Code    10  uart.o(i.UARTCharsAvail)
    UARTConfigSetExpClk                      0x000057a7   Thumb Code   110  uart.o(i.UARTConfigSetExpClk)
    UARTIntClear                             0x00005815   Thumb Code     4  uart.o(i.UARTIntClear)
    UARTIntEnable                            0x00005819   Thumb Code     8  uart.o(i.UARTIntEnable)
    UARTIntRegister                          0x00005821   Thumb Code    70  uart.o(i.UARTIntRegister)
    UARTIntStatus                            0x00005879   Thumb Code    10  uart.o(i.UARTIntStatus)
    UARTTxIntModeSet                         0x00005883   Thumb Code    12  uart.o(i.UARTTxIntModeSet)
    Uocluong                                 0x00005891   Thumb Code  1422  uocluong.o(i.Uocluong)
    Uocluong2                                0x00005e29   Thumb Code  1422  uocluong.o(i.Uocluong2)
    __ARM_fpclassify                         0x000063c1   Thumb Code    48  fpclassify.o(i.__ARM_fpclassify)
    _is_digit                                0x000063f1   Thumb Code    14  __printf_wp.o(i._is_digit)
    bluetooth_init                           0x0000643d   Thumb Code    94  bluetooth.o(i.bluetooth_init)
    bluetooth_print                          0x000064ad   Thumb Code    62  bluetooth.o(i.bluetooth_print)
    bluetooth_send                           0x000064ed   Thumb Code   126  bluetooth.o(i.bluetooth_send)
    buzzer_init                              0x000065f9   Thumb Code    76  buzzer.o(i.buzzer_init)
    buzzer_low_batterry_notify               0x0000665d   Thumb Code    32  buzzer.o(i.buzzer_low_batterry_notify)
    buzzer_low_battery_shutdown              0x00006685   Thumb Code    32  buzzer.o(i.buzzer_low_battery_shutdown)
    buzzer_on                                0x000066ad   Thumb Code    22  buzzer.o(i.buzzer_on)
    buzzer_setsound                          0x000066dd   Thumb Code    70  buzzer.o(i.buzzer_setsound)
    main                                     0x000067a9   Thumb Code   178  main.o(i.main)
    param_Get                                0x0000688d   Thumb Code    68  parameters.o(i.param_Get)
    param_Reset                              0x000068d5   Thumb Code    58  parameters.o(i.param_Reset)
    param_Set                                0x00006915   Thumb Code    68  parameters.o(i.param_Set)
    param_init                               0x0000695d   Thumb Code    12  parameters.o(i.param_init)
    pid_Wallfollow_init                      0x000069b1   Thumb Code    64  wallfollow.o(i.pid_Wallfollow_init)
    pid_Wallfollow_process                   0x000069fd   Thumb Code   118  wallfollow.o(i.pid_Wallfollow_process)
    pid_Wallfollow_set_follow                0x00006a85   Thumb Code     6  wallfollow.o(i.pid_Wallfollow_set_follow)
    pid_init                                 0x00006a91   Thumb Code    12  pid.o(i.pid_init)
    pid_process                              0x00006aa1   Thumb Code   194  pid.o(i.pid_process)
    pid_set_parameters                       0x00006b69   Thumb Code    20  pid.o(i.pid_set_parameters)
    qei_getVelocity                          0x00006c45   Thumb Code    56  qei.o(i.qei_getVelocity)
    qei_init                                 0x00006c85   Thumb Code   256  qei.o(i.qei_init)
    rtGetInf                                 0x00006dc1   Thumb Code   138  rtgetinf.o(i.rtGetInf)
    rtGetInfF                                0x00006e59   Thumb Code    14  rtgetinf.o(i.rtGetInfF)
    rtGetMinusInf                            0x00006e69   Thumb Code   138  rtgetinf.o(i.rtGetMinusInf)
    rtGetMinusInfF                           0x00006f01   Thumb Code    12  rtgetinf.o(i.rtGetMinusInfF)
    rtGetNaN                                 0x00006f11   Thumb Code   142  rtgetnan.o(i.rtGetNaN)
    rtGetNaNF                                0x00006fad   Thumb Code    56  rtgetnan.o(i.rtGetNaNF)
    rt_InitInfAndNaN                         0x00006fe9   Thumb Code    66  rt_nonfinite.o(i.rt_InitInfAndNaN)
    speed_Enable_Hbridge                     0x00007045   Thumb Code    50  speed_control.o(i.speed_Enable_Hbridge)
    speed_control_init                       0x0000707d   Thumb Code    46  speed_control.o(i.speed_control_init)
    speed_set                                0x000070f5   Thumb Code    30  speed_control.o(i.speed_set)
    system_Enable_BoostCircuit               0x00007191   Thumb Code    34  systemconfig.o(i.system_Enable_BoostCircuit)
    system_GetState                          0x000071b5   Thumb Code     6  systemconfig.o(i.system_GetState)
    system_Process_System_State              0x000071c1   Thumb Code   182  systemconfig.o(i.system_Process_System_State)
    system_SetState                          0x0000727d   Thumb Code     6  systemconfig.o(i.system_SetState)
    u32_UsrSystemClockGet                    0x000072b5   Thumb Code     6  systemconfig.o(i.u32_UsrSystemClockGet)
    vIR_BattSenseTrigger                     0x000072c1   Thumb Code     8  ir.o(i.vIR_BattSenseTrigger)
    vIR_BatteryIntRegister                   0x000072cd   Thumb Code     6  ir.o(i.vIR_BatteryIntRegister)
    vIR_Battery_ADCGet                       0x000072d9   Thumb Code     6  ir.o(i.vIR_Battery_ADCGet)
    _get_lc_numeric                          0x000072e5   Thumb Code    44  lc_numeric_c.o(locale$$code)
    _get_lc_ctype                            0x00007311   Thumb Code    44  lc_ctype_c.o(locale$$code)
    __aeabi_dneg                             0x0000733d   Thumb Code     0  basic.o(x$fpl$basic)
    _dneg                                    0x0000733d   Thumb Code     6  basic.o(x$fpl$basic)
    __aeabi_fneg                             0x00007343   Thumb Code     0  basic.o(x$fpl$basic)
    _fneg                                    0x00007343   Thumb Code     6  basic.o(x$fpl$basic)
    _dabs                                    0x00007349   Thumb Code     6  basic.o(x$fpl$basic)
    _fabs                                    0x0000734f   Thumb Code     6  basic.o(x$fpl$basic)
    __aeabi_dadd                             0x00007355   Thumb Code     0  daddsub_clz.o(x$fpl$dadd)
    _dadd                                    0x00007355   Thumb Code   332  daddsub_clz.o(x$fpl$dadd)
    __fpl_dcmp_Inf                           0x000074a5   Thumb Code    24  dcmpi.o(x$fpl$dcmpinf)
    __aeabi_ddiv                             0x000074bd   Thumb Code     0  ddiv.o(x$fpl$ddiv)
    _ddiv                                    0x000074bd   Thumb Code   552  ddiv.o(x$fpl$ddiv)
    __aeabi_cdcmpeq                          0x0000776d   Thumb Code     0  deqf.o(x$fpl$deqf)
    _dcmpeq                                  0x0000776d   Thumb Code   120  deqf.o(x$fpl$deqf)
    __aeabi_d2iz                             0x000077e5   Thumb Code     0  dfix.o(x$fpl$dfix)
    _dfix                                    0x000077e5   Thumb Code    94  dfix.o(x$fpl$dfix)
    __aeabi_i2d                              0x00007843   Thumb Code     0  dflt_clz.o(x$fpl$dflt)
    _dflt                                    0x00007843   Thumb Code    46  dflt_clz.o(x$fpl$dflt)
    __aeabi_cdcmple                          0x00007871   Thumb Code     0  dleqf.o(x$fpl$dleqf)
    _dcmple                                  0x00007871   Thumb Code   120  dleqf.o(x$fpl$dleqf)
    __fpl_dcmple_InfNaN                      0x000078d3   Thumb Code     0  dleqf.o(x$fpl$dleqf)
    __aeabi_dmul                             0x000078e9   Thumb Code     0  dmul.o(x$fpl$dmul)
    _dmul                                    0x000078e9   Thumb Code   332  dmul.o(x$fpl$dmul)
    __fpl_dnaninf                            0x00007a3d   Thumb Code   156  dnaninf.o(x$fpl$dnaninf)
    __fpl_dretinf                            0x00007ad9   Thumb Code    12  dretinf.o(x$fpl$dretinf)
    __aeabi_cdrcmple                         0x00007ae5   Thumb Code     0  drleqf.o(x$fpl$drleqf)
    _drcmple                                 0x00007ae5   Thumb Code   108  drleqf.o(x$fpl$drleqf)
    __aeabi_drsub                            0x00007b51   Thumb Code     0  daddsub_clz.o(x$fpl$drsb)
    _drsb                                    0x00007b51   Thumb Code    22  daddsub_clz.o(x$fpl$drsb)
    __aeabi_dsub                             0x00007b69   Thumb Code     0  daddsub_clz.o(x$fpl$dsub)
    _dsub                                    0x00007b69   Thumb Code   464  daddsub_clz.o(x$fpl$dsub)
    __aeabi_f2d                              0x00007d3d   Thumb Code     0  f2d.o(x$fpl$f2d)
    _f2d                                     0x00007d3d   Thumb Code    86  f2d.o(x$fpl$f2d)
    __fpl_fnaninf                            0x00007d93   Thumb Code   140  fnaninf.o(x$fpl$fnaninf)
    _fp_init                                 0x00007e1f   Thumb Code    10  fpinit.o(x$fpl$fpinit)
    __fplib_config_fpu_vfp                   0x00007e27   Thumb Code     0  fpinit.o(x$fpl$fpinit)
    __fplib_config_pureend_doubles           0x00007e27   Thumb Code     0  fpinit.o(x$fpl$fpinit)
    _printf_fp_dec                           0x00007e29   Thumb Code     4  printf1.o(x$fpl$printf1)
    _printf_fp_hex                           0x00007e2d   Thumb Code     4  printf2.o(x$fpl$printf2)
    __I$use$fp                               0x00007e30   Number         0  usenofp.o(x$fpl$usenofp)
    Region$$Table$$Base                      0x000083a0   Number         0  anon$$obj.o(Region$$Table)
    Region$$Table$$Limit                     0x000083c0   Number         0  anon$$obj.o(Region$$Table)
    __ctype                                  0x000083e9   Data           0  lc_ctype_c.o(locale$$data)
    BatteryVoltage                           0x20000004   Data           4  battery.o(.data)
    hc05_evt_w_index                         0x20000008   Data           1  bluetooth.o(.data)
    hc05_evt_r_index                         0x20000009   Data           1  bluetooth.o(.data)
    hc05_IsEvtQueueFull                      0x2000000a   Data           1  bluetooth.o(.data)
    ADC_Battery_ISR                          0x20000024   Data           4  ir.o(.data)
    rtInf                                    0x20000050   Data           8  rt_nonfinite.o(.data)
    rtMinusInf                               0x20000058   Data           8  rt_nonfinite.o(.data)
    rtNaN                                    0x20000060   Data           8  rt_nonfinite.o(.data)
    rtInfF                                   0x20000068   Data           4  rt_nonfinite.o(.data)
    rtMinusInfF                              0x2000006c   Data           4  rt_nonfinite.o(.data)
    rtNaNF                                   0x20000070   Data           4  rt_nonfinite.o(.data)
    HostComm_CurrentAction                   0x20000251   Data           1  hostcomm.o(.data)
    HostComm_Dev_EventList                   0x20000254   Data          24  hostcomm.o(.data)
    HostComm_DevCallbacks                    0x2000026c   Data         252  hostcomm.o(.data)
    AppDisconnectedCallback                  0x20000368   Data           4  hostcomm.o(.data)
    AppConnectedCallback                     0x2000036c   Data           4  hostcomm.o(.data)
    HostComm_SplitRemainRx                   0x20000370   Data           4  hostcomm.o(.data)
    HostComm_SplitRxSize                     0x20000374   Data           4  hostcomm.o(.data)
    hc05_EvtQueue                            0x2000066c   Data          10  bluetooth.o(.bss)
    HC05_Notify_Callbacks                    0x20000678   Data          20  bluetooth.o(.bss)
    timer_event_list                         0x20001310   Data         120  timer.o(.bss)
    HostComm_SplitRxMsg                      0x20001940   Data         512  hostcomm.o(.bss)
    __libspace_start                         0x20001c08   Data          96  libspace.o(.bss)
    __temporary_stack_top$libspace           0x20001c68   Data           0  libspace.o(.bss)



==============================================================================

Memory Map of the image

  Image Entry point : 0x00001289

  Load Region LR_IROM1 (Base: 0x00001000, Size: 0x00007b58, Max: 0x00040000, ABSOLUTE, COMPRESSED[0x00007578])

    Execution Region ER_IROM1 (Base: 0x00001000, Size: 0x000074ec, Max: 0x00040000, ABSOLUTE)

    Base Addr    Size         Type   Attr      Idx    E Section Name        Object

    0x00001000   0x00000288   Code   RO            3    RESET               startup_rvmdk.o
    0x00001288   0x00000008   Code   RO         3417  * !!!main             c_w.l(__main.o)
    0x00001290   0x00000034   Code   RO         3779    !!!scatter          c_w.l(__scatter.o)
    0x000012c4   0x0000005a   Code   RO         3777    !!dczerorl2         c_w.l(__dczerorl2.o)
    0x0000131e   0x00000002   PAD
    0x00001320   0x0000001c   Code   RO         3781    !!handler_zi        c_w.l(__scatter_zi.o)
    0x0000133c   0x00000000   Code   RO         3533    .ARM.Collect$$_printf_percent$$00000000  c_w.l(_printf_percent.o)
    0x0000133c   0x00000006   Code   RO         3522    .ARM.Collect$$_printf_percent$$00000001  c_w.l(_printf_n.o)
    0x00001342   0x00000006   Code   RO         3524    .ARM.Collect$$_printf_percent$$00000002  c_w.l(_printf_p.o)
    0x00001348   0x00000006   Code   RO         3529    .ARM.Collect$$_printf_percent$$00000003  c_w.l(_printf_f.o)
    0x0000134e   0x00000006   Code   RO         3530    .ARM.Collect$$_printf_percent$$00000004  c_w.l(_printf_e.o)
    0x00001354   0x00000006   Code   RO         3531    .ARM.Collect$$_printf_percent$$00000005  c_w.l(_printf_g.o)
    0x0000135a   0x00000006   Code   RO         3532    .ARM.Collect$$_printf_percent$$00000006  c_w.l(_printf_a.o)
    0x00001360   0x0000000a   Code   RO         3537    .ARM.Collect$$_printf_percent$$00000007  c_w.l(_printf_ll.o)
    0x0000136a   0x00000006   Code   RO         3526    .ARM.Collect$$_printf_percent$$00000008  c_w.l(_printf_i.o)
    0x00001370   0x00000006   Code   RO         3527    .ARM.Collect$$_printf_percent$$00000009  c_w.l(_printf_d.o)
    0x00001376   0x00000006   Code   RO         3528    .ARM.Collect$$_printf_percent$$0000000A  c_w.l(_printf_u.o)
    0x0000137c   0x00000006   Code   RO         3525    .ARM.Collect$$_printf_percent$$0000000B  c_w.l(_printf_o.o)
    0x00001382   0x00000006   Code   RO         3523    .ARM.Collect$$_printf_percent$$0000000C  c_w.l(_printf_x.o)
    0x00001388   0x00000006   Code   RO         3534    .ARM.Collect$$_printf_percent$$0000000D  c_w.l(_printf_lli.o)
    0x0000138e   0x00000006   Code   RO         3535    .ARM.Collect$$_printf_percent$$0000000E  c_w.l(_printf_lld.o)
    0x00001394   0x00000006   Code   RO         3536    .ARM.Collect$$_printf_percent$$0000000F  c_w.l(_printf_llu.o)
    0x0000139a   0x00000006   Code   RO         3541    .ARM.Collect$$_printf_percent$$00000010  c_w.l(_printf_llo.o)
    0x000013a0   0x00000006   Code   RO         3542    .ARM.Collect$$_printf_percent$$00000011  c_w.l(_printf_llx.o)
    0x000013a6   0x0000000a   Code   RO         3538    .ARM.Collect$$_printf_percent$$00000012  c_w.l(_printf_l.o)
    0x000013b0   0x00000006   Code   RO         3520    .ARM.Collect$$_printf_percent$$00000013  c_w.l(_printf_c.o)
    0x000013b6   0x00000006   Code   RO         3521    .ARM.Collect$$_printf_percent$$00000014  c_w.l(_printf_s.o)
    0x000013bc   0x00000006   Code   RO         3539    .ARM.Collect$$_printf_percent$$00000015  c_w.l(_printf_lc.o)
    0x000013c2   0x00000006   Code   RO         3540    .ARM.Collect$$_printf_percent$$00000016  c_w.l(_printf_ls.o)
    0x000013c8   0x00000004   Code   RO         3590    .ARM.Collect$$_printf_percent$$00000017  c_w.l(_printf_percent_end.o)
    0x000013cc   0x00000002   Code   RO         3639    .ARM.Collect$$libinit$$00000000  c_w.l(libinit.o)
    0x000013ce   0x00000004   Code   RO         3654    .ARM.Collect$$libinit$$00000001  c_w.l(libinit2.o)
    0x000013d2   0x00000000   Code   RO         3657    .ARM.Collect$$libinit$$00000004  c_w.l(libinit2.o)
    0x000013d2   0x00000000   Code   RO         3660    .ARM.Collect$$libinit$$0000000A  c_w.l(libinit2.o)
    0x000013d2   0x00000000   Code   RO         3662    .ARM.Collect$$libinit$$0000000C  c_w.l(libinit2.o)
    0x000013d2   0x00000000   Code   RO         3664    .ARM.Collect$$libinit$$0000000E  c_w.l(libinit2.o)
    0x000013d2   0x00000006   Code   RO         3665    .ARM.Collect$$libinit$$0000000F  c_w.l(libinit2.o)
    0x000013d8   0x00000000   Code   RO         3667    .ARM.Collect$$libinit$$00000011  c_w.l(libinit2.o)
    0x000013d8   0x0000000c   Code   RO         3668    .ARM.Collect$$libinit$$00000012  c_w.l(libinit2.o)
    0x000013e4   0x00000000   Code   RO         3669    .ARM.Collect$$libinit$$00000013  c_w.l(libinit2.o)
    0x000013e4   0x00000000   Code   RO         3671    .ARM.Collect$$libinit$$00000015  c_w.l(libinit2.o)
    0x000013e4   0x0000000a   Code   RO         3672    .ARM.Collect$$libinit$$00000016  c_w.l(libinit2.o)
    0x000013ee   0x00000000   Code   RO         3673    .ARM.Collect$$libinit$$00000017  c_w.l(libinit2.o)
    0x000013ee   0x00000000   Code   RO         3675    .ARM.Collect$$libinit$$00000019  c_w.l(libinit2.o)
    0x000013ee   0x00000000   Code   RO         3677    .ARM.Collect$$libinit$$0000001B  c_w.l(libinit2.o)
    0x000013ee   0x00000000   Code   RO         3679    .ARM.Collect$$libinit$$0000001D  c_w.l(libinit2.o)
    0x000013ee   0x00000000   Code   RO         3681    .ARM.Collect$$libinit$$0000001F  c_w.l(libinit2.o)
    0x000013ee   0x00000000   Code   RO         3683    .ARM.Collect$$libinit$$00000021  c_w.l(libinit2.o)
    0x000013ee   0x00000000   Code   RO         3685    .ARM.Collect$$libinit$$00000023  c_w.l(libinit2.o)
    0x000013ee   0x00000000   Code   RO         3687    .ARM.Collect$$libinit$$00000025  c_w.l(libinit2.o)
    0x000013ee   0x00000000   Code   RO         3691    .ARM.Collect$$libinit$$0000002C  c_w.l(libinit2.o)
    0x000013ee   0x00000000   Code   RO         3693    .ARM.Collect$$libinit$$0000002E  c_w.l(libinit2.o)
    0x000013ee   0x00000000   Code   RO         3695    .ARM.Collect$$libinit$$00000030  c_w.l(libinit2.o)
    0x000013ee   0x00000000   Code   RO         3697    .ARM.Collect$$libinit$$00000032  c_w.l(libinit2.o)
    0x000013ee   0x00000002   Code   RO         3698    .ARM.Collect$$libinit$$00000033  c_w.l(libinit2.o)
    0x000013f0   0x00000002   Code   RO         3718    .ARM.Collect$$libshutdown$$00000000  c_w.l(libshutdown.o)
    0x000013f2   0x00000000   Code   RO         3732    .ARM.Collect$$libshutdown$$00000003  c_w.l(libshutdown2.o)
    0x000013f2   0x00000000   Code   RO         3735    .ARM.Collect$$libshutdown$$00000006  c_w.l(libshutdown2.o)
    0x000013f2   0x00000000   Code   RO         3738    .ARM.Collect$$libshutdown$$00000009  c_w.l(libshutdown2.o)
    0x000013f2   0x00000000   Code   RO         3740    .ARM.Collect$$libshutdown$$0000000B  c_w.l(libshutdown2.o)
    0x000013f2   0x00000000   Code   RO         3743    .ARM.Collect$$libshutdown$$0000000E  c_w.l(libshutdown2.o)
    0x000013f2   0x00000002   Code   RO         3744    .ARM.Collect$$libshutdown$$0000000F  c_w.l(libshutdown2.o)
    0x000013f4   0x00000000   Code   RO         3451    .ARM.Collect$$rtentry$$00000000  c_w.l(__rtentry.o)
    0x000013f4   0x00000000   Code   RO         3561    .ARM.Collect$$rtentry$$00000002  c_w.l(__rtentry2.o)
    0x000013f4   0x00000006   Code   RO         3573    .ARM.Collect$$rtentry$$00000004  c_w.l(__rtentry4.o)
    0x000013fa   0x00000000   Code   RO         3563    .ARM.Collect$$rtentry$$00000009  c_w.l(__rtentry2.o)
    0x000013fa   0x00000004   Code   RO         3564    .ARM.Collect$$rtentry$$0000000A  c_w.l(__rtentry2.o)
    0x000013fe   0x00000000   Code   RO         3566    .ARM.Collect$$rtentry$$0000000C  c_w.l(__rtentry2.o)
    0x000013fe   0x00000008   Code   RO         3567    .ARM.Collect$$rtentry$$0000000D  c_w.l(__rtentry2.o)
    0x00001406   0x00000002   Code   RO         3647    .ARM.Collect$$rtexit$$00000000  c_w.l(rtexit.o)
    0x00001408   0x00000000   Code   RO         3700    .ARM.Collect$$rtexit$$00000002  c_w.l(rtexit2.o)
    0x00001408   0x00000004   Code   RO         3701    .ARM.Collect$$rtexit$$00000003  c_w.l(rtexit2.o)
    0x0000140c   0x00000006   Code   RO         3702    .ARM.Collect$$rtexit$$00000004  c_w.l(rtexit2.o)
    0x00001412   0x00000002   PAD
    0x00001414   0x00000006   Code   RO         2459    .emb_text           driverlib.lib(sysctl.o)
    0x0000141a   0x00000002   PAD
    0x0000141c   0x00000026   Code   RO         3389    .emb_text           driverlib.lib(cpu.o)
    0x00001442   0x00000002   PAD
    0x00001444   0x0000001c   Code   RO            4    .text               startup_rvmdk.o
    0x00001460   0x00000024   Code   RO         3401    .text               c_w.l(vsprintf.o)
    0x00001484   0x0000003e   Code   RO         3403    .text               c_w.l(strlen.o)
    0x000014c2   0x0000008a   Code   RO         3405    .text               c_w.l(rt_memcpy_v6.o)
    0x0000154c   0x00000064   Code   RO         3407    .text               c_w.l(rt_memcpy_w.o)
    0x000015b0   0x00000044   Code   RO         3411    .text               c_w.l(rt_memclr.o)
    0x000015f4   0x0000004e   Code   RO         3413    .text               c_w.l(rt_memclr_w.o)
    0x00001642   0x00000006   Code   RO         3415    .text               c_w.l(heapauxi.o)
    0x00001648   0x0000004e   Code   RO         3454    .text               c_w.l(_printf_pad.o)
    0x00001696   0x00000024   Code   RO         3456    .text               c_w.l(_printf_truncate.o)
    0x000016ba   0x00000052   Code   RO         3458    .text               c_w.l(_printf_str.o)
    0x0000170c   0x00000078   Code   RO         3460    .text               c_w.l(_printf_dec.o)
    0x00001784   0x00000028   Code   RO         3462    .text               c_w.l(_printf_charcount.o)
    0x000017ac   0x00000030   Code   RO         3464    .text               c_w.l(_printf_char_common.o)
    0x000017dc   0x0000000a   Code   RO         3466    .text               c_w.l(_sputc.o)
    0x000017e6   0x00000002   PAD
    0x000017e8   0x000000bc   Code   RO         3468    .text               c_w.l(_printf_wctomb.o)
    0x000018a4   0x0000007c   Code   RO         3471    .text               c_w.l(_printf_longlong_dec.o)
    0x00001920   0x00000070   Code   RO         3477    .text               c_w.l(_printf_oct_int_ll.o)
    0x00001990   0x00000094   Code   RO         3497    .text               c_w.l(_printf_hex_int_ll_ptr.o)
    0x00001a24   0x00000188   Code   RO         3517    .text               c_w.l(__printf_flags_ss_wp.o)
    0x00001bac   0x0000008a   Code   RO         3575    .text               c_w.l(lludiv10.o)
    0x00001c36   0x000000b2   Code   RO         3577    .text               c_w.l(_printf_intcommon.o)
    0x00001ce8   0x0000041a   Code   RO         3579    .text               c_w.l(_printf_fp_dec.o)
    0x00002102   0x00000002   PAD
    0x00002104   0x000002fc   Code   RO         3581    .text               c_w.l(_printf_fp_hex.o)
    0x00002400   0x0000002c   Code   RO         3586    .text               c_w.l(_printf_char.o)
    0x0000242c   0x0000002c   Code   RO         3588    .text               c_w.l(_printf_wchar.o)
    0x00002458   0x00000040   Code   RO         3591    .text               c_w.l(_wcrtomb.o)
    0x00002498   0x0000004a   Code   RO         3593    .text               c_w.l(sys_stackheap_outer.o)
    0x000024e2   0x00000002   PAD
    0x000024e4   0x00000010   Code   RO         3595    .text               c_w.l(rt_ctype_table.o)
    0x000024f4   0x00000008   Code   RO         3600    .text               c_w.l(rt_locale_intlibspace.o)
    0x000024fc   0x00000080   Code   RO         3602    .text               c_w.l(_printf_fp_infnan.o)
    0x0000257c   0x000000dc   Code   RO         3604    .text               c_w.l(bigflt0.o)
    0x00002658   0x0000000c   Code   RO         3632    .text               c_w.l(exit.o)
    0x00002664   0x00000008   Code   RO         3644    .text               c_w.l(libspace.o)
    0x0000266c   0x00000080   Code   RO         3652    .text               c_w.l(strcmpv7m.o)
    0x000026ec   0x0000000c   Code   RO         3710    .text               c_w.l(sys_exit.o)
    0x000026f8   0x00000002   Code   RO         3721    .text               c_w.l(use_no_semi.o)
    0x000026fa   0x00000000   Code   RO         3723    .text               c_w.l(indicate_semi.o)
    0x000026fa   0x0000003e   Code   RO         3607    CL$$btod_d2e        c_w.l(btod.o)
    0x00002738   0x00000046   Code   RO         3609    CL$$btod_d2e_denorm_low  c_w.l(btod.o)
    0x0000277e   0x00000060   Code   RO         3608    CL$$btod_d2e_norm_op1  c_w.l(btod.o)
    0x000027de   0x00000338   Code   RO         3617    CL$$btod_div_common  c_w.l(btod.o)
    0x00002b16   0x000000c6   Code   RO         3614    CL$$btod_e2e        c_w.l(btod.o)
    0x00002bdc   0x00000028   Code   RO         3611    CL$$btod_ediv       c_w.l(btod.o)
    0x00002c04   0x00000028   Code   RO         3610    CL$$btod_emul       c_w.l(btod.o)
    0x00002c2c   0x00000244   Code   RO         3616    CL$$btod_mult_common  c_w.l(btod.o)
    0x00002e70   0x00000012   Code   RO         1473    i.ADCHardwareOversampleConfigure  driverlib.lib(adc.o)
    0x00002e82   0x0000000a   Code   RO         1474    i.ADCIntClear       driverlib.lib(adc.o)
    0x00002e8c   0x00000010   Code   RO         1478    i.ADCIntEnable      driverlib.lib(adc.o)
    0x00002e9c   0x0000005c   Code   RO         1480    i.ADCIntRegister    driverlib.lib(adc.o)
    0x00002ef8   0x0000001a   Code   RO         1486    i.ADCProcessorTrigger  driverlib.lib(adc.o)
    0x00002f12   0x0000004e   Code   RO         1489    i.ADCSequenceConfigure  driverlib.lib(adc.o)
    0x00002f60   0x00000024   Code   RO         1492    i.ADCSequenceDataGet  driverlib.lib(adc.o)
    0x00002f84   0x0000000e   Code   RO         1494    i.ADCSequenceEnable  driverlib.lib(adc.o)
    0x00002f92   0x0000009a   Code   RO         1497    i.ADCSequenceStepConfigure  driverlib.lib(adc.o)
    0x0000302c   0x00000098   Code   RO           11    i.BattSenseISR      battery.o
    0x000030c4   0x00000014   Code   RO           12    i.BattSenseTimerTimeout  battery.o
    0x000030d8   0x0000003c   Code   RO           13    i.BattSense_init    battery.o
    0x00003114   0x0000010c   Code   RO          190    i.Bluetooth_RxTxHandler  bluetooth.o
    0x00003220   0x00000064   Code   RO          467    i.ButtonDebounceCallback  button.o
    0x00003284   0x000000b8   Code   RO         1085    i.ButtonHandler     main.o
    0x0000333c   0x00000028   Code   RO          468    i.ButtonRegisterCallback  button.o
    0x00003364   0x0000012c   Code   RO         1086    i.ButtonRightHandler  main.o
    0x00003490   0x00000090   Code   RO          469    i.Button_init       button.o
    0x00003520   0x00000054   Code   RO          470    i.ButtonsISR        button.o
    0x00003574   0x00000084   Code   RO          513    i.Buzzer_lowbat_notify_handler  buzzer.o
    0x000035f8   0x00000084   Code   RO          514    i.Buzzer_lowbat_shutdown_handler  buzzer.o
    0x0000367c   0x000000d8   Code   RO          804    i.Config_PWM        speed_control.o
    0x00003754   0x00000058   Code   RO         1112    i.Config_System     systemconfig.o
    0x000037ac   0x0000000a   Code   RO          683    i.Control_initialize  control_initialize.o
    0x000037b6   0x00000002   PAD
    0x000037b8   0x00000044   Code   RO         1742    i.EEPROMInit        driverlib.lib(eeprom.o)
    0x000037fc   0x00000164   Code   RO         1748    i.EEPROMProgram     driverlib.lib(eeprom.o)
    0x00003960   0x00000034   Code   RO         1750    i.EEPROMRead        driverlib.lib(eeprom.o)
    0x00003994   0x00000032   Code   RO          577    i.EEPROMReadWords   eeprom.o
    0x000039c6   0x00000032   Code   RO          578    i.EEPROMWrite       eeprom.o
    0x000039f8   0x00000014   Code   RO          579    i.EEPROM_Init       eeprom.o
    0x00003a0c   0x00000010   Code   RO         1865    i.FPUEnable         driverlib.lib(fpu.o)
    0x00003a1c   0x00000010   Code   RO         1868    i.FPULazyStackingEnable  driverlib.lib(fpu.o)
    0x00003a2c   0x00000028   Code   RO         1935    i.GPIODirModeSet    driverlib.lib(gpio.o)
    0x00003a54   0x00000006   Code   RO         1936    i.GPIOIntClear      driverlib.lib(gpio.o)
    0x00003a5a   0x0000000c   Code   RO         1938    i.GPIOIntEnable     driverlib.lib(gpio.o)
    0x00003a66   0x00000002   PAD
    0x00003a68   0x00000058   Code   RO         1939    i.GPIOIntRegister   driverlib.lib(gpio.o)
    0x00003ac0   0x0000000e   Code   RO         1940    i.GPIOIntStatus     driverlib.lib(gpio.o)
    0x00003ace   0x00000050   Code   RO         1942    i.GPIOIntTypeSet    driverlib.lib(gpio.o)
    0x00003b1e   0x00000138   Code   RO         1945    i.GPIOPadConfigSet  driverlib.lib(gpio.o)
    0x00003c56   0x00000002   PAD
    0x00003c58   0x00000044   Code   RO         1946    i.GPIOPinConfigure  driverlib.lib(gpio.o)
    0x00003c9c   0x00000006   Code   RO         1947    i.GPIOPinRead       driverlib.lib(gpio.o)
    0x00003ca2   0x0000001c   Code   RO         1948    i.GPIOPinTypeADC    driverlib.lib(gpio.o)
    0x00003cbe   0x0000001c   Code   RO         1955    i.GPIOPinTypeGPIOInput  driverlib.lib(gpio.o)
    0x00003cda   0x0000001c   Code   RO         1956    i.GPIOPinTypeGPIOOutput  driverlib.lib(gpio.o)
    0x00003cf6   0x0000001c   Code   RO         1968    i.GPIOPinTypeQEI    driverlib.lib(gpio.o)
    0x00003d12   0x0000001c   Code   RO         1970    i.GPIOPinTypeTimer  driverlib.lib(gpio.o)
    0x00003d2e   0x0000001c   Code   RO         1971    i.GPIOPinTypeUART   driverlib.lib(gpio.o)
    0x00003d4a   0x00000006   Code   RO         1977    i.GPIOPinWrite      driverlib.lib(gpio.o)
    0x00003d50   0x0000002c   Code   RO          191    i.HC05_ClearEvtQueue  bluetooth.o
    0x00003d7c   0x00000098   Code   RO          192    i.HC05_EventProcessing  bluetooth.o
    0x00003e14   0x0000003c   Code   RO          193    i.HC05_GetEvtFromQueue  bluetooth.o
    0x00003e50   0x00000038   Code   RO          194    i.HC05_GetRxData    bluetooth.o
    0x00003e88   0x0000000c   Code   RO          195    i.HC05_GetRxSize    bluetooth.o
    0x00003e94   0x0000000c   Code   RO          196    i.HC05_GetSystemInfoID  bluetooth.o
    0x00003ea0   0x0000000c   Code   RO          197    i.HC05_GetSystemInfoType  bluetooth.o
    0x00003eac   0x0000000a   Code   RO          198    i.HC05_HandleTimeoutEvt  bluetooth.o
    0x00003eb6   0x00000002   PAD
    0x00003eb8   0x00000028   Code   RO          199    i.HC05_IsEvtQueueEmpty  bluetooth.o
    0x00003ee0   0x00000038   Code   RO          200    i.HC05_NotifyUpperLayer  bluetooth.o
    0x00003f18   0x000000b8   Code   RO          201    i.HC05_PutEvtIntoQueue  bluetooth.o
    0x00003fd0   0x00000014   Code   RO          202    i.HC05_QueryRxData  bluetooth.o
    0x00003fe4   0x00000028   Code   RO          203    i.HC05_RegisterEvtNotify  bluetooth.o
    0x0000400c   0x0000001c   Code   RO          204    i.HC05_RunTimeout   bluetooth.o
    0x00004028   0x00000010   Code   RO          205    i.HC05_StopTimeout  bluetooth.o
    0x00004038   0x00000020   Code   RO         1438    i.HostCommHandler_HandshakeEvent  hostcommhandler.o
    0x00004058   0x0000001c   Code   RO         1439    i.HostCommHandler_Init  hostcommhandler.o
    0x00004074   0x00000020   Code   RO         1440    i.HostCommHandler_SpeedSet  hostcommhandler.o
    0x00004094   0x00000020   Code   RO         1209    i.HostComm_DevGenMsgId  hostcomm.o
    0x000040b4   0x00000030   Code   RO         1211    i.HostComm_Dev_FindRespListIndex  hostcomm.o
    0x000040e4   0x00000014   Code   RO         1212    i.HostComm_Dev_FreeRespListIndex  hostcomm.o
    0x000040f8   0x00000028   Code   RO         1213    i.HostComm_Dev_GetFreeRespListIndex  hostcomm.o
    0x00004120   0x000000a8   Code   RO         1214    i.HostComm_Dev_HandleRxMsg  hostcomm.o
    0x000041c8   0x00000030   Code   RO         1216    i.HostComm_Dev_RegisterCallback  hostcomm.o
    0x000041f8   0x00000094   Code   RO         1217    i.HostComm_Dev_SendEvent  hostcomm.o
    0x0000428c   0x0000007c   Code   RO         1218    i.HostComm_Dev_SendMsg  hostcomm.o
    0x00004308   0x00000050   Code   RO         1221    i.HostComm_Dev_UpdateWaitRespList  hostcomm.o
    0x00004358   0x0000001c   Code   RO         1222    i.HostComm_EventProcessing  hostcomm.o
    0x00004374   0x00000050   Code   RO         1226    i.HostComm_HandleBluetoothEvent  hostcomm.o
    0x000043c4   0x00000108   Code   RO         1228    i.HostComm_HandleRxData  hostcomm.o
    0x000044cc   0x0000008a   Code   RO         1229    i.HostComm_HandleRxMsgData  hostcomm.o
    0x00004556   0x00000002   PAD
    0x00004558   0x00000028   Code   RO         1231    i.HostComm_Init     hostcomm.o
    0x00004580   0x0000000c   Code   RO         1236    i.HostComm_SetDeviceId  hostcomm.o
    0x0000458c   0x0000000c   Code   RO         1238    i.HostComm_SetServerId  hostcomm.o
    0x00004598   0x0000001a   Code   RO         1240    i.HostComm_calcCheckSum  hostcomm.o
    0x000045b2   0x00000002   PAD
    0x000045b4   0x000000a8   Code   RO          385    i.IRDetector_init   ir.o
    0x0000465c   0x0000011c   Code   RO          386    i.IR_Detector_ISR   ir.o
    0x00004778   0x00000018   Code   RO          387    i.IR_GetIrDetectorValue  ir.o
    0x00004790   0x00000100   Code   RO          388    i.IR_Timer_Timeout  ir.o
    0x00004890   0x0000004c   Code   RO          389    i.IR_get_calib_value  ir.o
    0x000048dc   0x000001c4   Code   RO          390    i.IR_set_calib_value  ir.o
    0x00004aa0   0x00000064   Code   RO         2233    i.IntEnable         driverlib.lib(interrupt.o)
    0x00004b04   0x0000000e   Code   RO         2235    i.IntMasterDisable  driverlib.lib(interrupt.o)
    0x00004b12   0x0000000e   Code   RO         2236    i.IntMasterEnable   driverlib.lib(interrupt.o)
    0x00004b20   0x00000034   Code   RO         2245    i.IntRegister       driverlib.lib(interrupt.o)
    0x00004b54   0x00000060   Code   RO         1113    i.LED_Display_init  systemconfig.o
    0x00004bb4   0x00000018   Code   RO          949    i.Pid_process_callback  wallfollow.o
    0x00004bcc   0x00000124   Code   RO          805    i.ProcessSpeedControl  speed_control.o
    0x00004cf0   0x0000003c   Code   RO          641    i.QEI0_VelocityIsr  qei.o
    0x00004d2c   0x0000003c   Code   RO          642    i.QEI1_VelocityIsr  qei.o
    0x00004d68   0x0000000e   Code   RO         2345    i.QEIConfigure      driverlib.lib(qei.o)
    0x00004d76   0x00000010   Code   RO         2346    i.QEIDirectionGet   driverlib.lib(qei.o)
    0x00004d86   0x0000000a   Code   RO         2348    i.QEIEnable         driverlib.lib(qei.o)
    0x00004d90   0x00000004   Code   RO         2350    i.QEIIntClear       driverlib.lib(qei.o)
    0x00004d94   0x00000008   Code   RO         2352    i.QEIIntEnable      driverlib.lib(qei.o)
    0x00004d9c   0x00000058   Code   RO         2353    i.QEIIntRegister    driverlib.lib(qei.o)
    0x00004df4   0x0000000a   Code   RO         2354    i.QEIIntStatus      driverlib.lib(qei.o)
    0x00004dfe   0x00000010   Code   RO         2358    i.QEIVelocityConfigure  driverlib.lib(qei.o)
    0x00004e0e   0x0000000a   Code   RO         2360    i.QEIVelocityEnable  driverlib.lib(qei.o)
    0x00004e18   0x00000004   Code   RO         2361    i.QEIVelocityGet    driverlib.lib(qei.o)
    0x00004e1c   0x00000064   Code   RO          207    i.ReadRxBuffer      bluetooth.o
    0x00004e80   0x00000460   Code   RO          873    i.STR_Indirect      str_indirect.o
    0x000052e0   0x0000004e   Code   RO          806    i.SetPWM            speed_control.o
    0x0000532e   0x00000002   PAD
    0x00005330   0x00000120   Code   RO         2464    i.SysCtlClockSet    driverlib.lib(sysctl.o)
    0x00005450   0x00000028   Code   RO         2493    i.SysCtlPeripheralEnable  driverlib.lib(sysctl.o)
    0x00005478   0x0000003c   Code   RO         2498    i.SysCtlPeripheralReset  driverlib.lib(sysctl.o)
    0x000054b4   0x0000000e   Code   RO         2796    i.SysTickEnable     driverlib.lib(systick.o)
    0x000054c2   0x0000000e   Code   RO         2798    i.SysTickIntEnable  driverlib.lib(systick.o)
    0x000054d0   0x00000010   Code   RO         1114    i.SysTickIntHandle  systemconfig.o
    0x000054e0   0x00000018   Code   RO         2799    i.SysTickIntRegister  driverlib.lib(systick.o)
    0x000054f8   0x0000000a   Code   RO         2802    i.SysTickPeriodSet  driverlib.lib(systick.o)
    0x00005502   0x00000002   PAD
    0x00005504   0x00000068   Code   RO         1052    i.TIMER_ISR         timer.o
    0x0000556c   0x00000044   Code   RO         1053    i.TIMER_RegisterEvent  timer.o
    0x000055b0   0x00000020   Code   RO         1054    i.TIMER_UnregisterEvent  timer.o
    0x000055d0   0x00000060   Code   RO         2862    i.TimerConfigure    driverlib.lib(timer.o)
    0x00005630   0x00000016   Code   RO         2864    i.TimerControlLevel  driverlib.lib(timer.o)
    0x00005646   0x00000016   Code   RO         2865    i.TimerControlStall  driverlib.lib(timer.o)
    0x0000565c   0x0000000e   Code   RO         2871    i.TimerEnable       driverlib.lib(timer.o)
    0x0000566a   0x00000004   Code   RO         2872    i.TimerIntClear     driverlib.lib(timer.o)
    0x0000566e   0x00000008   Code   RO         2874    i.TimerIntEnable    driverlib.lib(timer.o)
    0x00005676   0x00000002   PAD
    0x00005678   0x00000068   Code   RO         2875    i.TimerIntRegister  driverlib.lib(timer.o)
    0x000056e0   0x00000012   Code   RO         2880    i.TimerLoadSet      driverlib.lib(timer.o)
    0x000056f2   0x00000012   Code   RO         2884    i.TimerMatchSet     driverlib.lib(timer.o)
    0x00005704   0x00000012   Code   RO         2889    i.TimerPrescaleSet  driverlib.lib(timer.o)
    0x00005716   0x00000002   PAD
    0x00005718   0x00000068   Code   RO         1055    i.Timer_Init        timer.o
    0x00005780   0x0000000c   Code   RO         3106    i.UARTCharGet       driverlib.lib(uart.o)
    0x0000578c   0x00000010   Code   RO         3109    i.UARTCharPutNonBlocking  driverlib.lib(uart.o)
    0x0000579c   0x0000000a   Code   RO         3110    i.UARTCharsAvail    driverlib.lib(uart.o)
    0x000057a6   0x0000006e   Code   RO         3114    i.UARTConfigSetExpClk  driverlib.lib(uart.o)
    0x00005814   0x00000004   Code   RO         3127    i.UARTIntClear      driverlib.lib(uart.o)
    0x00005818   0x00000008   Code   RO         3129    i.UARTIntEnable     driverlib.lib(uart.o)
    0x00005820   0x00000058   Code   RO         3130    i.UARTIntRegister   driverlib.lib(uart.o)
    0x00005878   0x0000000a   Code   RO         3131    i.UARTIntStatus     driverlib.lib(uart.o)
    0x00005882   0x0000000c   Code   RO         3145    i.UARTTxIntModeSet  driverlib.lib(uart.o)
    0x0000588e   0x00000002   PAD
    0x00005890   0x00000598   Code   RO          887    i.Uocluong          uocluong.o
    0x00005e28   0x00000598   Code   RO          888    i.Uocluong2         uocluong.o
    0x000063c0   0x00000030   Code   RO         3642    i.__ARM_fpclassify  m_wm.l(fpclassify.o)
    0x000063f0   0x0000000e   Code   RO         3510    i._is_digit         c_w.l(__printf_wp.o)
    0x000063fe   0x00000002   PAD
    0x00006400   0x0000001c   Code   RO           14    i.battery_Runtimeout  battery.o
    0x0000641c   0x00000020   Code   RO           15    i.battery_Stoptimeout  battery.o
    0x0000643c   0x00000070   Code   RO          208    i.bluetooth_init    bluetooth.o
    0x000064ac   0x0000003e   Code   RO          209    i.bluetooth_print   bluetooth.o
    0x000064ea   0x00000002   PAD
    0x000064ec   0x00000090   Code   RO          211    i.bluetooth_send    bluetooth.o
    0x0000657c   0x0000001c   Code   RO          471    i.button_Runtimeout  button.o
    0x00006598   0x00000020   Code   RO          473    i.button_Stoptimeout  button.o
    0x000065b8   0x00000020   Code   RO          515    i.buzzer_Runtimeout  buzzer.o
    0x000065d8   0x00000020   Code   RO          516    i.buzzer_Stoptimeout  buzzer.o
    0x000065f8   0x00000064   Code   RO          517    i.buzzer_init       buzzer.o
    0x0000665c   0x00000028   Code   RO          518    i.buzzer_low_batterry_notify  buzzer.o
    0x00006684   0x00000028   Code   RO          519    i.buzzer_low_battery_shutdown  buzzer.o
    0x000066ac   0x0000001c   Code   RO          520    i.buzzer_on         buzzer.o
    0x000066c8   0x00000014   Code   RO          521    i.buzzer_on_timeout_handler  buzzer.o
    0x000066dc   0x0000004c   Code   RO          522    i.buzzer_setsound   buzzer.o
    0x00006728   0x00000020   Code   RO          391    i.ir_GetParam       ir.o
    0x00006748   0x00000020   Code   RO          392    i.ir_Runtimeout     ir.o
    0x00006768   0x00000020   Code   RO          393    i.ir_SetParam       ir.o
    0x00006788   0x00000020   Code   RO          394    i.ir_Stoptimeout    ir.o
    0x000067a8   0x000000e4   Code   RO         1087    i.main              main.o
    0x0000688c   0x00000048   Code   RO          604    i.param_Get         parameters.o
    0x000068d4   0x00000040   Code   RO          605    i.param_Reset       parameters.o
    0x00006914   0x00000048   Code   RO          606    i.param_Set         parameters.o
    0x0000695c   0x0000000c   Code   RO          607    i.param_init        parameters.o
    0x00006968   0x00000008   Code   RO          608    i.param_software_init  parameters.o
    0x00006970   0x00000020   Code   RO          950    i.pid_Runtimeout    wallfollow.o
    0x00006990   0x00000020   Code   RO          951    i.pid_StopTimeout   wallfollow.o
    0x000069b0   0x0000004c   Code   RO          952    i.pid_Wallfollow_init  wallfollow.o
    0x000069fc   0x00000088   Code   RO          953    i.pid_Wallfollow_process  wallfollow.o
    0x00006a84   0x0000000c   Code   RO          954    i.pid_Wallfollow_set_follow  wallfollow.o
    0x00006a90   0x00000010   Code   RO          918    i.pid_init          pid.o
    0x00006aa0   0x000000c8   Code   RO          919    i.pid_process       pid.o
    0x00006b68   0x00000018   Code   RO          920    i.pid_set_parameters  pid.o
    0x00006b80   0x000000c4   Code   RO          955    i.pid_wallfollow    wallfollow.o
    0x00006c44   0x00000040   Code   RO          645    i.qei_getVelocity   qei.o
    0x00006c84   0x0000013c   Code   RO          646    i.qei_init          qei.o
    0x00006dc0   0x00000098   Code   RO          756    i.rtGetInf          rtgetinf.o
    0x00006e58   0x0000000e   Code   RO          757    i.rtGetInfF         rtgetinf.o
    0x00006e66   0x00000002   PAD
    0x00006e68   0x00000098   Code   RO          758    i.rtGetMinusInf     rtgetinf.o
    0x00006f00   0x00000010   Code   RO          759    i.rtGetMinusInfF    rtgetinf.o
    0x00006f10   0x0000009c   Code   RO          786    i.rtGetNaN          rtgetnan.o
    0x00006fac   0x0000003c   Code   RO          787    i.rtGetNaNF         rtgetnan.o
    0x00006fe8   0x0000005c   Code   RO          712    i.rt_InitInfAndNaN  rt_nonfinite.o
    0x00007044   0x00000038   Code   RO          807    i.speed_Enable_Hbridge  speed_control.o
    0x0000707c   0x00000038   Code   RO          810    i.speed_control_init  speed_control.o
    0x000070b4   0x00000020   Code   RO          811    i.speed_control_runtimeout  speed_control.o
    0x000070d4   0x00000020   Code   RO          812    i.speed_control_stoptimeout  speed_control.o
    0x000070f4   0x00000024   Code   RO          813    i.speed_set         speed_control.o
    0x00007118   0x00000078   Code   RO          814    i.speed_update_setpoint  speed_control.o
    0x00007190   0x00000022   Code   RO         1115    i.system_Enable_BoostCircuit  systemconfig.o
    0x000071b2   0x00000002   PAD
    0x000071b4   0x0000000c   Code   RO         1116    i.system_GetState   systemconfig.o
    0x000071c0   0x000000bc   Code   RO         1117    i.system_Process_System_State  systemconfig.o
    0x0000727c   0x0000000c   Code   RO         1118    i.system_SetState   systemconfig.o
    0x00007288   0x0000002c   Code   RO         1119    i.system_SystickConfig  systemconfig.o
    0x000072b4   0x0000000c   Code   RO         1120    i.u32_UsrSystemClockGet  systemconfig.o
    0x000072c0   0x0000000c   Code   RO          395    i.vIR_BattSenseTrigger  ir.o
    0x000072cc   0x0000000c   Code   RO          396    i.vIR_BatteryIntRegister  ir.o
    0x000072d8   0x0000000c   Code   RO          397    i.vIR_Battery_ADCGet  ir.o
    0x000072e4   0x0000002c   Code   RO         3630    locale$$code        c_w.l(lc_numeric_c.o)
    0x00007310   0x0000002c   Code   RO         3650    locale$$code        c_w.l(lc_ctype_c.o)
    0x0000733c   0x00000018   Code   RO         3419    x$fpl$basic         fz_wm.l(basic.o)
    0x00007354   0x00000150   Code   RO         3421    x$fpl$dadd          fz_wm.l(daddsub_clz.o)
    0x000074a4   0x00000018   Code   RO         3543    x$fpl$dcmpinf       fz_wm.l(dcmpi.o)
    0x000074bc   0x000002b0   Code   RO         3428    x$fpl$ddiv          fz_wm.l(ddiv.o)
    0x0000776c   0x00000078   Code   RO         3431    x$fpl$deqf          fz_wm.l(deqf.o)
    0x000077e4   0x0000005e   Code   RO         3433    x$fpl$dfix          fz_wm.l(dfix.o)
    0x00007842   0x0000002e   Code   RO         3438    x$fpl$dflt          fz_wm.l(dflt_clz.o)
    0x00007870   0x00000078   Code   RO         3443    x$fpl$dleqf         fz_wm.l(dleqf.o)
    0x000078e8   0x00000154   Code   RO         3445    x$fpl$dmul          fz_wm.l(dmul.o)
    0x00007a3c   0x0000009c   Code   RO         3545    x$fpl$dnaninf       fz_wm.l(dnaninf.o)
    0x00007ad8   0x0000000c   Code   RO         3547    x$fpl$dretinf       fz_wm.l(dretinf.o)
    0x00007ae4   0x0000006c   Code   RO         3447    x$fpl$drleqf        fz_wm.l(drleqf.o)
    0x00007b50   0x00000016   Code   RO         3422    x$fpl$drsb          fz_wm.l(daddsub_clz.o)
    0x00007b66   0x00000002   PAD
    0x00007b68   0x000001d4   Code   RO         3423    x$fpl$dsub          fz_wm.l(daddsub_clz.o)
    0x00007d3c   0x00000056   Code   RO         3449    x$fpl$f2d           fz_wm.l(f2d.o)
    0x00007d92   0x0000008c   Code   RO         3549    x$fpl$fnaninf       fz_wm.l(fnaninf.o)
    0x00007e1e   0x0000000a   Code   RO         3708    x$fpl$fpinit        fz_wm.l(fpinit.o)
    0x00007e28   0x00000004   Code   RO         3551    x$fpl$printf1       fz_wm.l(printf1.o)
    0x00007e2c   0x00000004   Code   RO         3553    x$fpl$printf2       fz_wm.l(printf2.o)
    0x00007e30   0x00000000   Code   RO         3559    x$fpl$usenofp       fz_wm.l(usenofp.o)
    0x00007e30   0x00000020   Data   RO          523    .constdata          buzzer.o
    0x00007e50   0x00000016   Data   RO          609    .constdata          parameters.o
    0x00007e66   0x00000002   PAD
    0x00007e68   0x00000210   Data   RO         1978    .constdata          driverlib.lib(gpio.o)
    0x00008078   0x0000010c   Data   RO         2249    .constdata          driverlib.lib(interrupt.o)
    0x00008184   0x000000a0   Data   RO         2896    .constdata          driverlib.lib(timer.o)
    0x00008224   0x00000080   Data   RO         3146    .constdata          driverlib.lib(uart.o)
    0x000082a4   0x00000008   Data   RO         3469    .constdata          c_w.l(_printf_wctomb.o)
    0x000082ac   0x00000028   Data   RO         3498    .constdata          c_w.l(_printf_hex_int_ll_ptr.o)
    0x000082d4   0x00000011   Data   RO         3518    .constdata          c_w.l(__printf_flags_ss_wp.o)
    0x000082e5   0x00000026   Data   RO         3582    .constdata          c_w.l(_printf_fp_hex.o)
    0x0000830b   0x00000001   PAD
    0x0000830c   0x00000094   Data   RO         3605    .constdata          c_w.l(bigflt0.o)
    0x000083a0   0x00000020   Data   RO         3775    Region$$Table       anon$$obj.o
    0x000083c0   0x0000001c   Data   RO         3629    locale$$data        c_w.l(lc_numeric_c.o)
    0x000083dc   0x00000110   Data   RO         3649    locale$$data        c_w.l(lc_ctype_c.o)


    Execution Region RW_IRAM1 (Base: 0x20000000, Size: 0x00002268, Max: 0x00008000, ABSOLUTE, COMPRESSED[0x0000008c])

    Base Addr    Size         Type   Attr      Idx    E Section Name        Object

    0x20000000   0x00000008   Data   RW           16    .data               battery.o
    0x20000008   0x00000014   Data   RW          213    .data               bluetooth.o
    0x2000001c   0x0000000d   Data   RW          399    .data               ir.o
    0x20000029   0x00000003   PAD
    0x2000002c   0x00000010   Data   RW          474    .data               button.o
    0x2000003c   0x00000005   Data   RW          524    .data               buzzer.o
    0x20000041   0x00000003   PAD
    0x20000044   0x0000000c   Data   RW          647    .data               qei.o
    0x20000050   0x00000024   Data   RW          713    .data               rt_nonfinite.o
    0x20000074   0x00000004   PAD
    0x20000078   0x00000099   Data   RW          815    .data               speed_control.o
    0x20000111   0x00000007   PAD
    0x20000118   0x00000008   Data   RW          875    .data               str_indirect.o
    0x20000120   0x00000100   Data   RW          890    .data               uocluong.o
    0x20000220   0x00000014   Data   RW          956    .data               wallfollow.o
    0x20000234   0x00000001   Data   RW         1088    .data               main.o
    0x20000235   0x00000003   PAD
    0x20000238   0x0000000c   Data   RW         1121    .data               systemconfig.o
    0x20000244   0x0000013c   Data   RW         1246    .data               hostcomm.o
    0x20000380   0x00000080   PAD
    0x20000400   0x0000026c   Data   RW         2250    vtable              driverlib.lib(interrupt.o)
    0x2000066c   0x00000bd8   Zero   RW          212    .bss                bluetooth.o
    0x20001244   0x00000030   Zero   RW          398    .bss                ir.o
    0x20001274   0x00000004   PAD
    0x20001278   0x00000030   Zero   RW          874    .bss                str_indirect.o
    0x200012a8   0x00000040   Zero   RW          889    .bss                uocluong.o
    0x200012e8   0x00000028   Zero   RW          921    .bss                pid.o
    0x20001310   0x00000078   Zero   RW         1056    .bss                timer.o
    0x20001388   0x000007b8   Zero   RW         1245    .bss                hostcomm.o
    0x20001b40   0x000000c8   Zero   RW         1441    .bss                hostcommhandler.o
    0x20001c08   0x00000060   Zero   RW         3645    .bss                c_w.l(libspace.o)
    0x20001c68   0x00000200   Zero   RW            2    HEAP                startup_rvmdk.o
    0x20001e68   0x00000400   Zero   RW            1    STACK               startup_rvmdk.o


==============================================================================

Image component sizes


      Code (inc. data)   RO Data    RW Data    ZI Data      Debug   Object Name

       292         68          0          8          0      18956   battery.o
      1428        216          0         20       3032      13323   bluetooth.o
       428         86          0         16          0       3859   button.o
       632        106         32          5          0       6059   buzzer.o
        10          0          0          0          0       1001   control_initialize.o
       120          6          0          0          0       2306   eeprom.o
      1308        118          0        316       1976      15381   hostcomm.o
        92         20          0          0        200       1847   hostcommhandler.o
      1424        386          0         13         48       7595   ir.o
       712         82          0          1          0       2333   main.o
       228         14         22          0          0       3495   parameters.o
       240         14          0          0         40       1810   pid.o
       500         92          0         12          0       2669   qei.o
        92         26          0         36          0        946   rt_nonfinite.o
       334         32          0          0          0       2900   rtgetinf.o
       216         18          0          0          0       1563   rtgetnan.o
       918        118          0        153          0       5798   speed_control.o
       676        640          0          0       1536        548   startup_rvmdk.o
      1120         72          0          8         48       1323   str_indirect.o
       502         68          0         12          0       4910   systemconfig.o
       308         34          0          0        120       3046   timer.o
      2864         92          0        256         64       3319   uocluong.o
       508         68          0         20          0       4399   wallfollow.o

    ----------------------------------------------------------------------
     14968       2376         88       1024       7068     109386   Object Totals
         0          0         32          0          0          0   (incl. Generated)
        16          0          2        148          4          0   (incl. Padding)

    ----------------------------------------------------------------------

      Code (inc. data)   RO Data    RW Data    ZI Data      Debug   Library Member Name

        90          0          0          0          0          0   __dczerorl2.o
         8          0          0          0          0         68   __main.o
       392          4         17          0          0         92   __printf_flags_ss_wp.o
        14          0          0          0          0         68   __printf_wp.o
         0          0          0          0          0          0   __rtentry.o
        12          0          0          0          0          0   __rtentry2.o
         6          0          0          0          0          0   __rtentry4.o
        52          8          0          0          0          0   __scatter.o
        28          0          0          0          0          0   __scatter_zi.o
         6          0          0          0          0          0   _printf_a.o
         6          0          0          0          0          0   _printf_c.o
        44          0          0          0          0        108   _printf_char.o
        48          6          0          0          0         96   _printf_char_common.o
        40          0          0          0          0         68   _printf_charcount.o
         6          0          0          0          0          0   _printf_d.o
       120         16          0          0          0         92   _printf_dec.o
         6          0          0          0          0          0   _printf_e.o
         6          0          0          0          0          0   _printf_f.o
      1050          0          0          0          0        216   _printf_fp_dec.o
       764         10         38          0          0        100   _printf_fp_hex.o
       128         16          0          0          0         84   _printf_fp_infnan.o
         6          0          0          0          0          0   _printf_g.o
       148          4         40          0          0        160   _printf_hex_int_ll_ptr.o
         6          0          0          0          0          0   _printf_i.o
       178          0          0          0          0         88   _printf_intcommon.o
        10          0          0          0          0          0   _printf_l.o
         6          0          0          0          0          0   _printf_lc.o
        10          0          0          0          0          0   _printf_ll.o
         6          0          0          0          0          0   _printf_lld.o
         6          0          0          0          0          0   _printf_lli.o
         6          0          0          0          0          0   _printf_llo.o
         6          0          0          0          0          0   _printf_llu.o
         6          0          0          0          0          0   _printf_llx.o
       124         16          0          0          0         92   _printf_longlong_dec.o
         6          0          0          0          0          0   _printf_ls.o
         6          0          0          0          0          0   _printf_n.o
         6          0          0          0          0          0   _printf_o.o
       112          8          0          0          0        124   _printf_oct_int_ll.o
         6          0          0          0          0          0   _printf_p.o
        78          0          0          0          0        108   _printf_pad.o
         0          0          0          0          0          0   _printf_percent.o
         4          0          0          0          0          0   _printf_percent_end.o
         6          0          0          0          0          0   _printf_s.o
        82          0          0          0          0         80   _printf_str.o
        36          0          0          0          0         84   _printf_truncate.o
         6          0          0          0          0          0   _printf_u.o
        44          0          0          0          0        108   _printf_wchar.o
       188          6          8          0          0         92   _printf_wctomb.o
         6          0          0          0          0          0   _printf_x.o
        10          0          0          0          0         68   _sputc.o
        64          0          0          0          0         92   _wcrtomb.o
       220          4        148          0          0         96   bigflt0.o
      1910        128          0          0          0        672   btod.o
        12          0          0          0          0         72   exit.o
         6          0          0          0          0        152   heapauxi.o
         0          0          0          0          0          0   indicate_semi.o
        44         10        272          0          0         76   lc_ctype_c.o
        44         10         28          0          0         76   lc_numeric_c.o
         2          0          0          0          0          0   libinit.o
        34          0          0          0          0          0   libinit2.o
         2          0          0          0          0          0   libshutdown.o
         2          0          0          0          0          0   libshutdown2.o
         8          4          0          0         96         68   libspace.o
       138          0          0          0          0         80   lludiv10.o
        16          4          0          0          0         76   rt_ctype_table.o
         8          4          0          0          0         68   rt_locale_intlibspace.o
        68          0          0          0          0         68   rt_memclr.o
        78          0          0          0          0         80   rt_memclr_w.o
       138          0          0          0          0         68   rt_memcpy_v6.o
       100          0          0          0          0         80   rt_memcpy_w.o
         2          0          0          0          0          0   rtexit.o
        10          0          0          0          0          0   rtexit2.o
       128          0          0          0          0         68   strcmpv7m.o
        62          0          0          0          0         76   strlen.o
        12          4          0          0          0         68   sys_exit.o
        74          0          0          0          0         80   sys_stackheap_outer.o
         2          0          0          0          0         68   use_no_semi.o
        36          4          0          0          0         76   vsprintf.o
       444          8          0          0          0       5856   adc.o
        38          0          0          0          0        544   cpu.o
       476         34          0          0          0       3030   eeprom.o
        32          8          0          0          0        848   fpu.o
       800         26        528          0          0       9472   gpio.o
       180         16        268        620          0       3007   interrupt.o
       180         12          0          0          0       5358   qei.o
       394         26          0          0          0       3522   sysctl.o
        62          0          0          0          0       1815   systick.o
       324         24        160          0          0       6113   timer.o
       270         18        128          0          0       5667   uart.o
        24          0          0          0          0        164   basic.o
       826         16          0          0          0        492   daddsub_clz.o
        24          0          0          0          0        116   dcmpi.o
       688        140          0          0          0        256   ddiv.o
       120          4          0          0          0        140   deqf.o
        94          4          0          0          0        140   dfix.o
        46          0          0          0          0        116   dflt_clz.o
       120          4          0          0          0        140   dleqf.o
       340         12          0          0          0        152   dmul.o
       156          4          0          0          0        140   dnaninf.o
        12          0          0          0          0        116   dretinf.o
       108          0          0          0          0        128   drleqf.o
        86          4          0          0          0        132   f2d.o
       140          4          0          0          0        132   fnaninf.o
        10          0          0          0          0        116   fpinit.o
         4          0          0          0          0        116   printf1.o
         4          0          0          0          0        116   printf2.o
         0          0          0          0          0          0   usenofp.o
        48          0          0          0          0        124   fpclassify.o

    ----------------------------------------------------------------------
     13240        630       1636        620         96      52324   Library Totals
        30          0          1          0          0          0   (incl. Padding)

    ----------------------------------------------------------------------

      Code (inc. data)   RO Data    RW Data    ZI Data      Debug   Library Name

      7160        266        551          0         96       4256   c_w.l
      3200        172       1084        620          0      45232   driverlib.lib
      2802        192          0          0          0       2712   fz_wm.l
        48          0          0          0          0        124   m_wm.l

    ----------------------------------------------------------------------
     13240        630       1636        620         96      52324   Library Totals

    ----------------------------------------------------------------------

==============================================================================


      Code (inc. data)   RO Data    RW Data    ZI Data      Debug   

     28208       3006       1724       1644       7164     138370   Grand Totals
     28208       3006       1724        140       7164     138370   ELF Image Totals (compressed)
     28208       3006       1724        140          0          0   ROM Totals

==============================================================================

    Total RO  Size (Code + RO Data)                29932 (  29.23kB)
    Total RW  Size (RW Data + ZI Data)              8808 (   8.60kB)
    Total ROM Size (Code + RO Data + RW Data)      30072 (  29.37kB)

==============================================================================

